Component: ARM Compiler 5.06 update 4 (build 422) Tool: armlink [4d35d2]

==============================================================================

Section Cross References

    startup_stm32f427xx.o(RESET) refers to startup_stm32f427xx.o(STACK) for __initial_sp
    startup_stm32f427xx.o(RESET) refers to startup_stm32f427xx.o(.text) for Reset_Handler
    startup_stm32f427xx.o(RESET) refers to stm32f4xx_it.o(i.NMI_Handler) for NMI_Handler
    startup_stm32f427xx.o(RESET) refers to stm32f4xx_it.o(i.HardFault_Handler) for HardFault_Handler
    startup_stm32f427xx.o(RESET) refers to stm32f4xx_it.o(i.MemManage_Handler) for MemManage_Handler
    startup_stm32f427xx.o(RESET) refers to stm32f4xx_it.o(i.BusFault_Handler) for BusFault_Handler
    startup_stm32f427xx.o(RESET) refers to stm32f4xx_it.o(i.UsageFault_Handler) for UsageFault_Handler
    startup_stm32f427xx.o(RESET) refers to port.o(.emb_text) for SVC_Handler
    startup_stm32f427xx.o(RESET) refers to stm32f4xx_it.o(i.DebugMon_Handler) for DebugMon_Handler
    startup_stm32f427xx.o(RESET) refers to stm32f4xx_it.o(i.SysTick_Handler) for SysTick_Handler
    startup_stm32f427xx.o(RESET) refers to stm32f4xx_it.o(i.CAN1_TX_IRQHandler) for CAN1_TX_IRQHandler
    startup_stm32f427xx.o(RESET) refers to stm32f4xx_it.o(i.CAN1_RX0_IRQHandler) for CAN1_RX0_IRQHandler
    startup_stm32f427xx.o(RESET) refers to stm32f4xx_it.o(i.TIM1_UP_TIM10_IRQHandler) for TIM1_UP_TIM10_IRQHandler
    startup_stm32f427xx.o(RESET) refers to stm32f4xx_it.o(i.USART1_IRQHandler) for USART1_IRQHandler
    startup_stm32f427xx.o(RESET) refers to stm32f4xx_it.o(i.USART2_IRQHandler) for USART2_IRQHandler
    startup_stm32f427xx.o(RESET) refers to stm32f4xx_it.o(i.USART3_IRQHandler) for USART3_IRQHandler
    startup_stm32f427xx.o(RESET) refers to stm32f4xx_it.o(i.DMA2_Stream2_IRQHandler) for DMA2_Stream2_IRQHandler
    startup_stm32f427xx.o(RESET) refers to stm32f4xx_it.o(i.CAN2_TX_IRQHandler) for CAN2_TX_IRQHandler
    startup_stm32f427xx.o(RESET) refers to stm32f4xx_it.o(i.CAN2_RX0_IRQHandler) for CAN2_RX0_IRQHandler
    startup_stm32f427xx.o(RESET) refers to stm32f4xx_it.o(i.OTG_FS_IRQHandler) for OTG_FS_IRQHandler
    startup_stm32f427xx.o(RESET) refers to stm32f4xx_it.o(i.USART6_IRQHandler) for USART6_IRQHandler
    startup_stm32f427xx.o(.text) refers to system_stm32f4xx.o(i.SystemInit) for SystemInit
    startup_stm32f427xx.o(.text) refers to entry.o(.ARM.Collect$$$$00000000) for __main
    stm32f4xx_hal_pwr_ex.o(i.HAL_PWREx_ControlVoltageScaling) refers to stm32f4xx_hal.o(i.HAL_GetTick) for HAL_GetTick
    stm32f4xx_hal_pwr_ex.o(i.HAL_PWREx_DisableBkUpReg) refers to stm32f4xx_hal.o(i.HAL_GetTick) for HAL_GetTick
    stm32f4xx_hal_pwr_ex.o(i.HAL_PWREx_DisableOverDrive) refers to stm32f4xx_hal.o(i.HAL_GetTick) for HAL_GetTick
    stm32f4xx_hal_pwr_ex.o(i.HAL_PWREx_EnableBkUpReg) refers to stm32f4xx_hal.o(i.HAL_GetTick) for HAL_GetTick
    stm32f4xx_hal_pwr_ex.o(i.HAL_PWREx_EnableOverDrive) refers to stm32f4xx_hal.o(i.HAL_GetTick) for HAL_GetTick
    stm32f4xx_hal_pwr_ex.o(i.HAL_PWREx_EnterUnderDriveSTOPMode) refers to stm32f4xx_hal.o(i.HAL_GetTick) for HAL_GetTick
    stm32f4xx_hal.o(i.HAL_DeInit) refers to stm32f4xx_hal.o(i.HAL_MspDeInit) for HAL_MspDeInit
    stm32f4xx_hal.o(i.HAL_Delay) refers to stm32f4xx_hal.o(i.HAL_GetTick) for HAL_GetTick
    stm32f4xx_hal.o(i.HAL_GetTick) refers to stm32f4xx_hal.o(.data) for .data
    stm32f4xx_hal.o(i.HAL_IncTick) refers to stm32f4xx_hal.o(.data) for .data
    stm32f4xx_hal.o(i.HAL_Init) refers to stm32f4xx_hal_cortex.o(i.HAL_NVIC_SetPriorityGrouping) for HAL_NVIC_SetPriorityGrouping
    stm32f4xx_hal.o(i.HAL_Init) refers to stm32f4xx_hal_timebase_tim.o(i.HAL_InitTick) for HAL_InitTick
    stm32f4xx_hal.o(i.HAL_Init) refers to stm32f4xx_hal_msp.o(i.HAL_MspInit) for HAL_MspInit
    stm32f4xx_hal.o(i.HAL_InitTick) refers to stm32f4xx_hal_cortex.o(i.HAL_SYSTICK_Config) for HAL_SYSTICK_Config
    stm32f4xx_hal.o(i.HAL_InitTick) refers to stm32f4xx_hal_cortex.o(i.HAL_NVIC_SetPriority) for HAL_NVIC_SetPriority
    stm32f4xx_hal.o(i.HAL_InitTick) refers to system_stm32f4xx.o(.data) for SystemCoreClock
    stm32f4xx_hal_rcc_ex.o(i.HAL_RCCEx_PeriphCLKConfig) refers to stm32f4xx_hal.o(i.HAL_GetTick) for HAL_GetTick
    stm32f4xx_hal_rcc_ex.o(i.HAL_RCC_DeInit) refers to system_stm32f4xx.o(.data) for SystemCoreClock
    stm32f4xx_hal_dma_ex.o(i.HAL_DMAEx_MultiBufferStart) refers to stm32f4xx_hal_dma_ex.o(i.DMA_MultiBufferSetConfig) for DMA_MultiBufferSetConfig
    stm32f4xx_hal_dma_ex.o(i.HAL_DMAEx_MultiBufferStart_IT) refers to stm32f4xx_hal_dma_ex.o(i.DMA_MultiBufferSetConfig) for DMA_MultiBufferSetConfig
    stm32f4xx_hal_pwr.o(i.HAL_PWR_PVD_IRQHandler) refers to stm32f4xx_hal_pwr.o(i.HAL_PWR_PVDCallback) for HAL_PWR_PVDCallback
    stm32f4xx_hal_cortex.o(i.HAL_NVIC_SetPriority) refers to stm32f4xx_hal_cortex.o(i.NVIC_SetPriority) for NVIC_SetPriority
[...]
    RCC_IRQHandler                           0x08000297   Thumb Code     0  startup_stm32f427xx.o(.text)
    RTC_Alarm_IRQHandler                     0x08000297   Thumb Code     0  startup_stm32f427xx.o(.text)
    RTC_WKUP_IRQHandler                      0x08000297   Thumb Code     0  startup_stm32f427xx.o(.text)
    SAI1_IRQHandler                          0x08000297   Thumb Code     0  startup_stm32f427xx.o(.text)
    SDIO_IRQHandler                          0x08000297   Thumb Code     0  startup_stm32f427xx.o(.text)
    SPI1_IRQHandler                          0x08000297   Thumb Code     0  startup_stm32f427xx.o(.text)
    SPI2_IRQHandler                          0x08000297   Thumb Code     0  startup_stm32f427xx.o(.text)
    SPI3_IRQHandler                          0x08000297   Thumb Code     0  startup_stm32f427xx.o(.text)
    SPI4_IRQHandler                          0x08000297   Thumb Code     0  startup_stm32f427xx.o(.text)
    SPI5_IRQHandler                          0x08000297   Thumb Code     0  startup_stm32f427xx.o(.text)
    SPI6_IRQHandler                          0x08000297   Thumb Code     0  startup_stm32f427xx.o(.text)
    TAMP_STAMP_IRQHandler                    0x08000297   Thumb Code     0  startup_stm32f427xx.o(.text)
    TIM1_BRK_TIM9_IRQHandler                 0x08000297   Thumb Code     0  startup_stm32f427xx.o(.text)
    TIM1_CC_IRQHandler                       0x08000297   Thumb Code     0  startup_stm32f427xx.o(.text)
    TIM1_TRG_COM_TIM11_IRQHandler            0x08000297   Thumb Code     0  startup_stm32f427xx.o(.text)
    TIM2_IRQHandler                          0x08000297   Thumb Code     0  startup_stm32f427xx.o(.text)
    TIM3_IRQHandler                          0x08000297   Thumb Code     0  startup_stm32f427xx.o(.text)
    TIM4_IRQHandler                          0x08000297   Thumb Code     0  startup_stm32f427xx.o(.text)
    TIM5_IRQHandler                          0x08000297   Thumb Code     0  startup_stm32f427xx.o(.text)
    TIM6_DAC_IRQHandler                      0x08000297   Thumb Code     0  startup_stm32f427xx.o(.text)
    TIM7_IRQHandler                          0x08000297   Thumb Code     0  startup_stm32f427xx.o(.text)
    TIM8_BRK_TIM12_IRQHandler                0x08000297   Thumb Code     0  startup_stm32f427xx.o(.text)
    TIM8_CC_IRQHandler                       0x08000297   Thumb Code     0  startup_stm32f427xx.o(.text)
    TIM8_TRG_COM_TIM14_IRQHandler            0x08000297   Thumb Code     0  startup_stm32f427xx.o(.text)
    TIM8_UP_TIM13_IRQHandler                 0x08000297   Thumb Code     0  startup_stm32f427xx.o(.text)
    UART4_IRQHandler                         0x08000297   Thumb Code     0  startup_stm32f427xx.o(.text)
    UART5_IRQHandler                         0x08000297   Thumb Code     0  startup_stm32f427xx.o(.text)
    UART7_IRQHandler                         0x08000297   Thumb Code     0  startup_stm32f427xx.o(.text)
    UART8_IRQHandler                         0x08000297   Thumb Code     0  startup_stm32f427xx.o(.text)
    WWDG_IRQHandler                          0x08000297   Thumb Code     0  startup_stm32f427xx.o(.text)
    __aeabi_memcpy                           0x080002a1   Thumb Code    36  memcpya.o(.text)
    __aeabi_memcpy4                          0x080002a1   Thumb Code     0  memcpya.o(.text)
    __aeabi_memcpy8                          0x080002a1   Thumb Code     0  memcpya.o(.text)
    __aeabi_memset                           0x080002c5   Thumb Code    14  memseta.o(.text)
    __aeabi_memset4                          0x080002c5   Thumb Code     0  memseta.o(.text)
    __aeabi_memset8                          0x080002c5   Thumb Code     0  memseta.o(.text)
    __aeabi_memclr                           0x080002d3   Thumb Code     4  memseta.o(.text)
    __aeabi_memclr4                          0x080002d3   Thumb Code     0  memseta.o(.text)
    __aeabi_memclr8                          0x080002d3   Thumb Code     0  memseta.o(.text)
    _memset$wrapper                          0x080002d7   Thumb Code    18  memseta.o(.text)
    __aeabi_dmul                             0x080002e9   Thumb Code   228  dmul.o(.text)
    __aeabi_f2d                              0x080003cd   Thumb Code    38  f2d.o(.text)
    __aeabi_d2f                              0x080003f3   Thumb Code    56  d2f.o(.text)
    __I$use$fp                               0x0800042b   Thumb Code     0  iusefp.o(.text)
    _float_round                             0x0800042b   Thumb Code    18  fepilogue.o(.text)
    _float_epilogue                          0x0800043d   Thumb Code    92  fepilogue.o(.text)
    _double_round                            0x08000499   Thumb Code    30  depilogue.o(.text)
    _double_epilogue                         0x080004b7   Thumb Code   156  depilogue.o(.text)
    __aeabi_dadd                             0x08000553   Thumb Code   322  dadd.o(.text)
    __aeabi_dsub                             0x08000695   Thumb Code     6  dadd.o(.text)
    __aeabi_drsub                            0x0800069b   Thumb Code     6  dadd.o(.text)
    __aeabi_ddiv                             0x080006a1   Thumb Code   222  ddiv.o(.text)
    _dsqrt                                   0x0800077f   Thumb Code   162  dsqrt.o(.text)
    __scatterload                            0x08000821   Thumb Code    28  init.o(.text)
    __scatterload_rt2                        0x08000821   Thumb Code     0  init.o(.text)
    __aeabi_llsl                             0x08000845   Thumb Code    30  llshl.o(.text)
    _ll_shift_l                              0x08000845   Thumb Code     0  llshl.o(.text)
    __aeabi_llsr                             0x08000863   Thumb Code    32  llushr.o(.text)
    _ll_ushift_r                             0x08000863   Thumb Code     0  llushr.o(.text)
    __aeabi_lasr                             0x08000883   Thumb Code    36  llsshr.o(.text)
    _ll_sshift_r                             0x08000883   Thumb Code     0  llsshr.o(.text)
    __decompress                             0x080008a7   Thumb Code     0  __dczerorl2.o(.text)
    __decompress1                            0x080008a7   Thumb Code    86  __dczerorl2.o(.text)
    BusFault_Handler                         0x080008fd   Thumb Code     2  stm32f4xx_it.o(i.BusFault_Handler)
    CAN1_RX0_IRQHandler                      0x08000901   Thumb Code     6  stm32f4xx_it.o(i.CAN1_RX0_IRQHandler)
    CAN1_TX_IRQHandler                       0x0800090d   Thumb Code     6  stm32f4xx_it.o(i.CAN1_TX_IRQHandler)
    CAN2_RX0_IRQHandler                      0x08000919   Thumb Code     6  stm32f4xx_it.o(i.CAN2_RX0_IRQHandler)
    CAN2_TX_IRQHandler                       0x08000925   Thumb Code     6  stm32f4xx_it.o(i.CAN2_TX_IRQHandler)
    CanMsg_Send_TaskStart                    0x08000ab9   Thumb Code   312  canmsgtask.o(i.CanMsg_Send_TaskStart)
    Can_Device_Init                          0x08000c19   Thumb Code    72  bsp_can.o(i.Can_Device_Init)
    Can_Receive_Start                        0x08000c6d   Thumb Code    22  bsp_can.o(i.Can_Receive_Start)
    ChassisRef_to_MotorRef_Handler           0x08000c8d   Thumb Code   142  chassistask.o(i.ChassisRef_to_MotorRef_Handler)
    Chassis_Keymouse_Control_Handler         0x08000d25   Thumb Code    14  chassistask.o(i.Chassis_Keymouse_Control_Handler)
    Chassis_Motor_PIDCalc                    0x08000d33   Thumb Code   114  chassistask.o(i.Chassis_Motor_PIDCalc)
    Chassis_Remote_Control_Handler           0x08000da5   Thumb Code   172  chassistask.o(i.Chassis_Remote_Control_Handler)
    Chassis_Stop_Handler                     0x08000e69   Thumb Code    26  chassistask.o(i.Chassis_Stop_Handler)
    Chassis_Task                             0x08000e89   Thumb Code   112  chassistask.o(i.Chassis_Task)
    DMA2_Stream2_IRQHandler                  0x08000f21   Thumb Code     6  stm32f4xx_it.o(i.DMA2_Stream2_IRQHandler)
    DebugMon_Handler                         0x08000fd1   Thumb Code     2  stm32f4xx_it.o(i.DebugMon_Handler)
    Gimbal_Remote_Control_Handler            0x08000fd5   Thumb Code    66  gimbaltask.o(i.Gimbal_Remote_Control_Handler)
    Gimbal_Stop_Handler                      0x0800102d   Thumb Code    12  gimbaltask.o(i.Gimbal_Stop_Handler)
    Gimbal_Task                              0x0800103d   Thumb Code    98  gimbaltask.o(i.Gimbal_Task)
    HAL_CAN_ConfigFilter                     0x080010c1   Thumb Code   218  stm32f4xx_hal_can.o(i.HAL_CAN_ConfigFilter)
    HAL_CAN_ErrorCallback                    0x080011a5   Thumb Code     2  stm32f4xx_hal_can.o(i.HAL_CAN_ErrorCallback)
    HAL_CAN_IRQHandler                       0x080011a9   Thumb Code   370  stm32f4xx_hal_can.o(i.HAL_CAN_IRQHandler)
    HAL_CAN_Init                             0x08001329   Thumb Code   328  stm32f4xx_hal_can.o(i.HAL_CAN_Init)
    HAL_CAN_MspInit                          0x08001471   Thumb Code   134  can.o(i.HAL_CAN_MspInit)
    HAL_CAN_Receive_IT                       0x0800150d   Thumb Code   134  stm32f4xx_hal_can.o(i.HAL_CAN_Receive_IT)
    HAL_CAN_RxCpltCallback                   0x08001595   Thumb Code   400  bsp_can.o(i.HAL_CAN_RxCpltCallback)
    HAL_CAN_Transmit                         0x08001769   Thumb Code   390  stm32f4xx_hal_can.o(i.HAL_CAN_Transmit)
    HAL_CAN_TxCpltCallback                   0x080018fd   Thumb Code     2  stm32f4xx_hal_can.o(i.HAL_CAN_TxCpltCallback)
    HAL_DMA_Abort                            0x080018ff   Thumb Code   142  stm32f4xx_hal_dma.o(i.HAL_DMA_Abort)
    HAL_DMA_IRQHandler                       0x0800198d   Thumb Code   414  stm32f4xx_hal_dma.o(i.HAL_DMA_IRQHandler)
    HAL_DMA_Init                             0x08001b35   Thumb Code   202  stm32f4xx_hal_dma.o(i.HAL_DMA_Init)
    HAL_DMA_Start_IT                         0x08001c05   Thumb Code   120  stm32f4xx_hal_dma.o(i.HAL_DMA_Start_IT)
    HAL_Delay                                0x08001c7d   Thumb Code    22  stm32f4xx_hal.o(i.HAL_Delay)
    HAL_GPIO_Init                            0x08001c95   Thumb Code   408  stm32f4xx_hal_gpio.o(i.HAL_GPIO_Init)
    HAL_GPIO_TogglePin                       0x08001e61   Thumb Code     8  stm32f4xx_hal_gpio.o(i.HAL_GPIO_TogglePin)
    HAL_GPIO_WritePin                        0x08001e69   Thumb Code    10  stm32f4xx_hal_gpio.o(i.HAL_GPIO_WritePin)
    HAL_GetTick                              0x08001e75   Thumb Code     6  stm32f4xx_hal.o(i.HAL_GetTick)
    HAL_IncTick                              0x08001e81   Thumb Code    10  stm32f4xx_hal.o(i.HAL_IncTick)
    HAL_Init                                 0x08001e91   Thumb Code    48  stm32f4xx_hal.o(i.HAL_Init)
    HAL_InitTick                             0x08001ec5   Thumb Code   100  stm32f4xx_hal_timebase_tim.o(i.HAL_InitTick)
    HAL_MspInit                              0x08001f39   Thumb Code    88  stm32f4xx_hal_msp.o(i.HAL_MspInit)
    HAL_NVIC_EnableIRQ                       0x08001f91   Thumb Code    22  stm32f4xx_hal_cortex.o(i.HAL_NVIC_EnableIRQ)
    HAL_NVIC_SetPriority                     0x08001fa9   Thumb Code    60  stm32f4xx_hal_cortex.o(i.HAL_NVIC_SetPriority)
    HAL_NVIC_SetPriorityGrouping             0x08001fe9   Thumb Code    26  stm32f4xx_hal_cortex.o(i.HAL_NVIC_SetPriorityGrouping)
    HAL_PCD_ConnectCallback                  0x0800200d   Thumb Code     8  usbd_conf.o(i.HAL_PCD_ConnectCallback)
    HAL_PCD_DataInStageCallback              0x08002015   Thumb Code    18  usbd_conf.o(i.HAL_PCD_DataInStageCallback)
    HAL_PCD_DataOutStageCallback             0x08002027   Thumb Code    20  usbd_conf.o(i.HAL_PCD_DataOutStageCallback)
    HAL_PCD_DisconnectCallback               0x0800203b   Thumb Code     8  usbd_conf.o(i.HAL_PCD_DisconnectCallback)
    HAL_PCD_EP_ClrStall                      0x08002043   Thumb Code    80  stm32f4xx_hal_pcd.o(i.HAL_PCD_EP_ClrStall)
    HAL_PCD_EP_Open                          0x08002093   Thumb Code    84  stm32f4xx_hal_pcd.o(i.HAL_PCD_EP_Open)
    HAL_PCD_EP_Receive                       0x080020e9   Thumb Code    94  stm32f4xx_hal_pcd.o(i.HAL_PCD_EP_Receive)
    HAL_PCD_EP_SetStall                      0x08002147   Thumb Code    96  stm32f4xx_hal_pcd.o(i.HAL_PCD_EP_SetStall)
    HAL_PCD_EP_Transmit                      0x080021a7   Thumb Code    86  stm32f4xx_hal_pcd.o(i.HAL_PCD_EP_Transmit)
    HAL_PCD_IRQHandler                       0x080021fd   Thumb Code  1196  stm32f4xx_hal_pcd.o(i.HAL_PCD_IRQHandler)
    HAL_PCD_ISOINIncompleteCallback          0x080026f1   Thumb Code     8  usbd_conf.o(i.HAL_PCD_ISOINIncompleteCallback)
    HAL_PCD_ISOOUTIncompleteCallback         0x080026f9   Thumb Code     8  usbd_conf.o(i.HAL_PCD_ISOOUTIncompleteCallback)
    HAL_PCD_ResetCallback                    0x08002701   Thumb Code    32  usbd_conf.o(i.HAL_PCD_ResetCallback)
    HAL_PCD_ResumeCallback                   0x08002721   Thumb Code     8  usbd_conf.o(i.HAL_PCD_ResumeCallback)
    HAL_PCD_SOFCallback                      0x08002729   Thumb Code     8  usbd_conf.o(i.HAL_PCD_SOFCallback)
    HAL_PCD_SetAddress                       0x08002731   Thumb Code    36  stm32f4xx_hal_pcd.o(i.HAL_PCD_SetAddress)
    HAL_PCD_SetupStageCallback               0x08002755   Thumb Code    14  usbd_conf.o(i.HAL_PCD_SetupStageCallback)
    HAL_PCD_SuspendCallback                  0x08002765   Thumb Code    44  usbd_conf.o(i.HAL_PCD_SuspendCallback)
    HAL_RCC_ClockConfig                      0x08002795   Thumb Code   364  stm32f4xx_hal_rcc.o(i.HAL_RCC_ClockConfig)
    HAL_RCC_GetClockConfig                   0x08002911   Thumb Code    54  stm32f4xx_hal_rcc.o(i.HAL_RCC_GetClockConfig)
    HAL_RCC_GetHCLKFreq                      0x08002951   Thumb Code     6  stm32f4xx_hal_rcc.o(i.HAL_RCC_GetHCLKFreq)
    HAL_RCC_GetPCLK1Freq                     0x0800295d   Thumb Code    34  stm32f4xx_hal_rcc.o(i.HAL_RCC_GetPCLK1Freq)
    HAL_RCC_GetPCLK2Freq                     0x0800298d   Thumb Code    34  stm32f4xx_hal_rcc.o(i.HAL_RCC_GetPCLK2Freq)
    HAL_RCC_GetSysClockFreq                  0x080029bd   Thumb Code   104  stm32f4xx_hal_rcc.o(i.HAL_RCC_GetSysClockFreq)
    HAL_RCC_OscConfig                        0x08002a31   Thumb Code   722  stm32f4xx_hal_rcc.o(i.HAL_RCC_OscConfig)
    HAL_SPI_Init                             0x08002d15   Thumb Code   128  stm32f4xx_hal_spi.o(i.HAL_SPI_Init)
    HAL_SPI_MspInit                          0x08002d95   Thumb Code    64  spi.o(i.HAL_SPI_MspInit)
    HAL_SPI_TransmitReceive                  0x08002de1   Thumb Code   472  stm32f4xx_hal_spi.o(i.HAL_SPI_TransmitReceive)
    HAL_SYSTICK_CLKSourceConfig              0x08002fb9   Thumb Code    24  stm32f4xx_hal_cortex.o(i.HAL_SYSTICK_CLKSourceConfig)
    HAL_SYSTICK_Config                       0x08002fd1   Thumb Code    40  stm32f4xx_hal_cortex.o(i.HAL_SYSTICK_Config)
    HAL_TIMEx_BreakCallback                  0x08002ff9   Thumb Code     2  stm32f4xx_hal_tim_ex.o(i.HAL_TIMEx_BreakCallback)
    HAL_TIMEx_CommutationCallback            0x08002ffb   Thumb Code     2  stm32f4xx_hal_tim_ex.o(i.HAL_TIMEx_CommutationCallback)
    HAL_TIMEx_MasterConfigSynchronization    0x08002ffd   Thumb Code    80  stm32f4xx_hal_tim_ex.o(i.HAL_TIMEx_MasterConfigSynchronization)
    HAL_TIM_Base_Init                        0x0800304d   Thumb Code    54  stm32f4xx_hal_tim.o(i.HAL_TIM_Base_Init)
    HAL_TIM_Base_MspInit                     0x08003085   Thumb Code    30  tim.o(i.HAL_TIM_Base_MspInit)
    HAL_TIM_Base_Start_IT                    0x080030ad   Thumb Code    24  stm32f4xx_hal_tim.o(i.HAL_TIM_Base_Start_IT)
    HAL_TIM_IC_CaptureCallback               0x080030c5   Thumb Code     2  stm32f4xx_hal_tim.o(i.HAL_TIM_IC_CaptureCallback)
    HAL_TIM_IRQHandler                       0x080030c7   Thumb Code   358  stm32f4xx_hal_tim.o(i.HAL_TIM_IRQHandler)
    HAL_TIM_OC_DelayElapsedCallback          0x0800322d   Thumb Code     2  stm32f4xx_hal_tim.o(i.HAL_TIM_OC_DelayElapsedCallback)
    HAL_TIM_PWM_PulseFinishedCallback        0x0800322f   Thumb Code     2  stm32f4xx_hal_tim.o(i.HAL_TIM_PWM_PulseFinishedCallback)
    HAL_TIM_PeriodElapsedCallback            0x08003231   Thumb Code    14  main.o(i.HAL_TIM_PeriodElapsedCallback)
    HAL_TIM_TriggerCallback                  0x08003245   Thumb Code     2  stm32f4xx_hal_tim.o(i.HAL_TIM_TriggerCallback)
    HAL_UART_DMAStop                         0x08003247   Thumb Code    88  stm32f4xx_hal_uart.o(i.HAL_UART_DMAStop)
    HAL_UART_ErrorCallback                   0x0800329f   Thumb Code     2  stm32f4xx_hal_uart.o(i.HAL_UART_ErrorCallback)
    HAL_UART_Init                            0x080032a1   Thumb Code    98  stm32f4xx_hal_uart.o(i.HAL_UART_Init)
    HAL_UART_MspInit                         0x08003305   Thumb Code   730  usart.o(i.HAL_UART_MspInit)
    HAL_UART_Receive_DMA                     0x08003625   Thumb Code   132  stm32f4xx_hal_uart.o(i.HAL_UART_Receive_DMA)
    HAL_UART_RxCpltCallback                  0x080036b5   Thumb Code     2  stm32f4xx_hal_uart.o(i.HAL_UART_RxCpltCallback)
    HAL_UART_RxHalfCpltCallback              0x080036b7   Thumb Code     2  stm32f4xx_hal_uart.o(i.HAL_UART_RxHalfCpltCallback)
    HardFault_Handler                        0x080036b9   Thumb Code     2  stm32f4xx_it.o(i.HardFault_Handler)
    IMU_TaskStart                            0x080036bd   Thumb Code    54  imu_task.o(i.IMU_TaskStart)
    Keymouse_Control_handler                 0x080036f9   Thumb Code    50  remotemsgtask.o(i.Keymouse_Control_handler)
    MX_CAN1_Init                             0x08003741   Thumb Code    66  can.o(i.MX_CAN1_Init)
    MX_CAN2_Init                             0x0800379d   Thumb Code    66  can.o(i.MX_CAN2_Init)
    MX_DMA_Init                              0x080037f9   Thumb Code    40  dma.o(i.MX_DMA_Init)
    MX_FREERTOS_Init                         0x08003825   Thumb Code   140  freertos.o(i.MX_FREERTOS_Init)
    MX_GPIO_Init                             0x080038b9   Thumb Code   234  gpio.o(i.MX_GPIO_Init)
    MX_SPI5_Init                             0x080039b9   Thumb Code    66  spi.o(i.MX_SPI5_Init)
    MX_TIM6_Init                             0x08003a15   Thumb Code    56  tim.o(i.MX_TIM6_Init)
    MX_USART1_UART_Init                      0x08003a65   Thumb Code    54  usart.o(i.MX_USART1_UART_Init)
    MX_USART2_UART_Init                      0x08003ab9   Thumb Code    52  usart.o(i.MX_USART2_UART_Init)
    MX_USART3_UART_Init                      0x08003b05   Thumb Code    52  usart.o(i.MX_USART3_UART_Init)
    MX_USART6_UART_Init                      0x08003b51   Thumb Code    52  usart.o(i.MX_USART6_UART_Init)
    MemManage_Handler                        0x08003b9d   Thumb Code     2  stm32f4xx_it.o(i.MemManage_Handler)
    NMI_Handler                              0x08003b9f   Thumb Code     2  stm32f4xx_it.o(i.NMI_Handler)
    OTG_FS_IRQHandler                        0x08003bc1   Thumb Code     6  stm32f4xx_it.o(i.OTG_FS_IRQHandler)
    RemoteMsg_Receive_Init                   0x08003c55   Thumb Code    22  bsp_uart.o(i.RemoteMsg_Receive_Init)
    RemoteMsg_Receive_ModeSw_TaskStart       0x08003c71   Thumb Code    70  remotemsgtask.o(i.RemoteMsg_Receive_ModeSw_TaskStart)
    RemoteMsg_decode_handler                 0x08003cc1   Thumb Code   154  remotemsgtask.o(i.RemoteMsg_decode_handler)
    Remote_Control_handler                   0x08003d5d   Thumb Code    52  remotemsgtask.o(i.Remote_Control_handler)
    Remote_Mode_Select                       0x08003da5   Thumb Code    56  remotemsgtask.o(i.Remote_Mode_Select)
    Send_Chassis_Cur                         0x08003eb5   Thumb Code    78  bsp_can.o(i.Send_Chassis_Cur)
    Send_Gimbal_Cur                          0x08003f09   Thumb Code    78  bsp_can.o(i.Send_Gimbal_Cur)
    Send_Trigger_Cur                         0x08003f5d   Thumb Code    72  bsp_can.o(i.Send_Trigger_Cur)
    Shoot_Stop_Handler                       0x08003fa9   Thumb Code    12  shoottask.o(i.Shoot_Stop_Handler)
    Shoot_TaskStart                          0x08003fb9   Thumb Code    90  shoottask.o(i.Shoot_TaskStart)
    Stop_handler                             0x08004035   Thumb Code    42  remotemsgtask.o(i.Stop_handler)
    SysTick_Handler                          0x08004075   Thumb Code     4  stm32f4xx_it.o(i.SysTick_Handler)
    SystemClock_Config                       0x08004079   Thumb Code   158  main.o(i.SystemClock_Config)
    SystemInit                               0x08004131   Thumb Code    66  system_stm32f4xx.o(i.SystemInit)
    TIM1_UP_TIM10_IRQHandler                 0x08004185   Thumb Code     6  stm32f4xx_it.o(i.TIM1_UP_TIM10_IRQHandler)
    TIM_Base_SetConfig                       0x08004191   Thumb Code   148  stm32f4xx_hal_tim.o(i.TIM_Base_SetConfig)
    USART1_IRQHandler                        0x080045bd   Thumb Code     6  stm32f4xx_it.o(i.USART1_IRQHandler)
    USART2_IRQHandler                        0x080045c9   Thumb Code     6  stm32f4xx_it.o(i.USART2_IRQHandler)
    USART3_IRQHandler                        0x080045d5   Thumb Code     6  stm32f4xx_it.o(i.USART3_IRQHandler)
    USART6_IRQHandler                        0x080045e1   Thumb Code     6  stm32f4xx_it.o(i.USART6_IRQHandler)
    USBD_ClrClassConfig                      0x080045ed   Thumb Code    14  usbd_core.o(i.USBD_ClrClassConfig)
    USBD_CtlContinueRx                       0x080045fb   Thumb Code    16  usbd_ioreq.o(i.USBD_CtlContinueRx)
    USBD_CtlContinueSendData                 0x0800460b   Thumb Code    16  usbd_ioreq.o(i.USBD_CtlContinueSendData)
    USBD_CtlError                            0x0800461b   Thumb Code    22  usbd_ctlreq.o(i.USBD_CtlError)
    USBD_CtlReceiveStatus                    0x08004631   Thumb Code    22  usbd_ioreq.o(i.USBD_CtlReceiveStatus)
    USBD_CtlSendData                         0x08004647   Thumb Code    26  usbd_ioreq.o(i.USBD_CtlSendData)
    USBD_CtlSendStatus                       0x08004661   Thumb Code    22  usbd_ioreq.o(i.USBD_CtlSendStatus)
    USBD_LL_ClearStallEP                     0x08004757   Thumb Code    32  usbd_conf.o(i.USBD_LL_ClearStallEP)
    USBD_LL_DataInStage                      0x08004777   Thumb Code   170  usbd_core.o(i.USBD_LL_DataInStage)
    USBD_LL_DataOutStage                     0x08004821   Thumb Code   106  usbd_core.o(i.USBD_LL_DataOutStage)
    USBD_LL_DevConnected                     0x0800488b   Thumb Code     4  usbd_core.o(i.USBD_LL_DevConnected)
    USBD_LL_DevDisconnected                  0x0800488f   Thumb Code    22  usbd_core.o(i.USBD_LL_DevDisconnected)
    USBD_LL_IsStallEP                        0x080048a5   Thumb Code    32  usbd_conf.o(i.USBD_LL_IsStallEP)
    USBD_LL_IsoINIncomplete                  0x080048c5   Thumb Code     4  usbd_core.o(i.USBD_LL_IsoINIncomplete)
    USBD_LL_IsoOUTIncomplete                 0x080048c9   Thumb Code     4  usbd_core.o(i.USBD_LL_IsoOUTIncomplete)
    USBD_LL_OpenEP                           0x080048cd   Thumb Code    38  usbd_conf.o(i.USBD_LL_OpenEP)
    USBD_LL_PrepareReceive                   0x080048f3   Thumb Code    32  usbd_conf.o(i.USBD_LL_PrepareReceive)
    USBD_LL_Reset                            0x08004913   Thumb Code    62  usbd_core.o(i.USBD_LL_Reset)
    USBD_LL_Resume                           0x08004951   Thumb Code    12  usbd_core.o(i.USBD_LL_Resume)
    USBD_LL_SOF                              0x0800495d   Thumb Code    24  usbd_core.o(i.USBD_LL_SOF)
    USBD_LL_SetSpeed                         0x08004975   Thumb Code     6  usbd_core.o(i.USBD_LL_SetSpeed)
    USBD_LL_SetUSBAddress                    0x0800497b   Thumb Code    32  usbd_conf.o(i.USBD_LL_SetUSBAddress)
    USBD_LL_SetupStage                       0x0800499b   Thumb Code    90  usbd_core.o(i.USBD_LL_SetupStage)
    USBD_LL_StallEP                          0x080049f5   Thumb Code    32  usbd_conf.o(i.USBD_LL_StallEP)
    USBD_LL_Suspend                          0x08004a15   Thumb Code    18  usbd_core.o(i.USBD_LL_Suspend)
    USBD_LL_Transmit                         0x08004a27   Thumb Code    32  usbd_conf.o(i.USBD_LL_Transmit)
    USBD_ParseSetupRequest                   0x08004a47   Thumb Code    40  usbd_ctlreq.o(i.USBD_ParseSetupRequest)
    USBD_SetClassConfig                      0x08004a6f   Thumb Code    22  usbd_core.o(i.USBD_SetClassConfig)
    USBD_StdDevReq                           0x08004af9   Thumb Code   242  usbd_ctlreq.o(i.USBD_StdDevReq)
    USBD_StdEPReq                            0x08004beb   Thumb Code   220  usbd_ctlreq.o(i.USBD_StdEPReq)
    USBD_StdItfReq                           0x08004cc7   Thumb Code    52  usbd_ctlreq.o(i.USBD_StdItfReq)
    USB_ActivateEndpoint                     0x08004cfd   Thumb Code   122  stm32f4xx_ll_usb.o(i.USB_ActivateEndpoint)
    USB_ActivateSetup                        0x08004d7d   Thumb Code    52  stm32f4xx_ll_usb.o(i.USB_ActivateSetup)
    USB_EP0StartXfer                         0x08004db1   Thumb Code   316  stm32f4xx_ll_usb.o(i.USB_EP0StartXfer)
    USB_EP0_OutStart                         0x08004ef1   Thumb Code    62  stm32f4xx_ll_usb.o(i.USB_EP0_OutStart)
    USB_EPClearStall                         0x08004f2f   Thumb Code   100  stm32f4xx_ll_usb.o(i.USB_EPClearStall)
    USB_EPSetStall                           0x08004f93   Thumb Code    94  stm32f4xx_ll_usb.o(i.USB_EPSetStall)
    USB_EPStartXfer                          0x08004ff1   Thumb Code   534  stm32f4xx_ll_usb.o(i.USB_EPStartXfer)
    USB_FlushTxFifo                          0x0800520d   Thumb Code    32  stm32f4xx_ll_usb.o(i.USB_FlushTxFifo)
    USB_GetDevSpeed                          0x08005231   Thumb Code    60  stm32f4xx_ll_usb.o(i.USB_GetDevSpeed)
    USB_GetMode                              0x0800526d   Thumb Code     8  stm32f4xx_ll_usb.o(i.USB_GetMode)
    USB_ReadDevAllInEpInterrupt              0x08005275   Thumb Code    14  stm32f4xx_ll_usb.o(i.USB_ReadDevAllInEpInterrupt)
    USB_ReadDevAllOutEpInterrupt             0x08005283   Thumb Code    14  stm32f4xx_ll_usb.o(i.USB_ReadDevAllOutEpInterrupt)
    USB_ReadDevInEPInterrupt                 0x08005291   Thumb Code    30  stm32f4xx_ll_usb.o(i.USB_ReadDevInEPInterrupt)
    USB_ReadDevOutEPInterrupt                0x080052af   Thumb Code    16  stm32f4xx_ll_usb.o(i.USB_ReadDevOutEPInterrupt)
    USB_ReadInterrupts                       0x080052bf   Thumb Code     8  stm32f4xx_ll_usb.o(i.USB_ReadInterrupts)
    USB_ReadPacket                           0x080052c7   Thumb Code    32  stm32f4xx_ll_usb.o(i.USB_ReadPacket)
    USB_SetDevAddress                        0x080052e7   Thumb Code    34  stm32f4xx_ll_usb.o(i.USB_SetDevAddress)
    USB_WritePacket                          0x08005309   Thumb Code    40  stm32f4xx_ll_usb.o(i.USB_WritePacket)
    Uart_Recieve_Handler                     0x08005331   Thumb Code    20  bsp_uart.o(i.Uart_Recieve_Handler)
    UsageFault_Handler                       0x08005345   Thumb Code     2  stm32f4xx_it.o(i.UsageFault_Handler)
    _Error_Handler                           0x08005349   Thumb Code    18  main.o(i._Error_Handler)
    __ARM_fpclassify                         0x08005361   Thumb Code    48  fpclassify.o(i.__ARM_fpclassify)
    __hardfp_asin                            0x08005391   Thumb Code   770  asin.o(i.__hardfp_asin)
    __hardfp_atan                            0x080056f1   Thumb Code   622  atan.o(i.__hardfp_atan)
    __hardfp_atan2                           0x080059c9   Thumb Code   432  atan2.o(i.__hardfp_atan2)
    __hardfp_sqrt                            0x08005bb9   Thumb Code   122  sqrt.o(i.__hardfp_sqrt)
    __kernel_poly                            0x08005c33   Thumb Code   248  poly.o(i.__kernel_poly)
    __mathlib_dbl_infnan                     0x08005d2b   Thumb Code    20  dunder.o(i.__mathlib_dbl_infnan)
    __mathlib_dbl_infnan2                    0x08005d3f   Thumb Code    20  dunder.o(i.__mathlib_dbl_infnan2)
    __mathlib_dbl_invalid                    0x08005d59   Thumb Code    24  dunder.o(i.__mathlib_dbl_invalid)
    __mathlib_dbl_underflow                  0x08005d79   Thumb Code    24  dunder.o(i.__mathlib_dbl_underflow)
    __scatterload_copy                       0x08005d99   Thumb Code    14  handlers.o(i.__scatterload_copy)
    __scatterload_null                       0x08005da7   Thumb Code     2  handlers.o(i.__scatterload_null)
    __scatterload_zeroinit                   0x08005da9   Thumb Code    14  handlers.o(i.__scatterload_zeroinit)
    __set_errno                              0x08005db9   Thumb Code     6  errno.o(i.__set_errno)
    atan                                     0x08005dc5   Thumb Code    16  atan.o(i.atan)
    fabs                                     0x08005dd5   Thumb Code    24  fabs.o(i.fabs)
    gimbal_fdb_update                        0x08005ded   Thumb Code    64  imu_task.o(i.gimbal_fdb_update)
    gimbal_pid_calc                          0x08005e3d   Thumb Code   234  gimbaltask.o(i.gimbal_pid_calc)
    gimbalref_to_motorref_handler            0x08005f31   Thumb Code    24  gimbaltask.o(i.gimbalref_to_motorref_handler)
    init_quaternion                          0x080065e5   Thumb Code   274  imu_task.o(i.init_quaternion)
    invSqrt                                  0x08006755   Thumb Code    40  imu_task.o(i.invSqrt)
    ist8310_get_data                         0x08006781   Thumb Code    10  bsp_imu.o(i.ist8310_get_data)
    ist8310_init                             0x0800678b   Thumb Code   256  bsp_imu.o(i.ist8310_init)
    main                                     0x08006905   Thumb Code    86  main.o(i.main)
    mpu_device_init                          0x08006971   Thumb Code   108  bsp_imu.o(i.mpu_device_init)
    mpu_get_data                             0x080069e5   Thumb Code   190  bsp_imu.o(i.mpu_get_data)
    mpu_offset_cal                           0x08006b49   Thumb Code   158  bsp_imu.o(i.mpu_offset_cal)
    mpu_read_reg                             0x08006bf1   Thumb Code    68  bsp_imu.o(i.mpu_read_reg)
    mpu_read_regs                            0x08006c41   Thumb Code    78  bsp_imu.o(i.mpu_read_regs)
    mpu_write_reg                            0x08006ca1   Thumb Code    72  bsp_imu.o(i.mpu_write_reg)
    osDelayUntil                             0x08006cf5   Thumb Code    14  cmsis_os.o(i.osDelayUntil)
    osKernelStart                            0x08006d03   Thumb Code    10  cmsis_os.o(i.osKernelStart)
    osKernelSysTick                          0x08006d0d   Thumb Code    24  cmsis_os.o(i.osKernelSysTick)
    osSignalSet                              0x08006d25   Thumb Code    82  cmsis_os.o(i.osSignalSet)
    osSignalWait                             0x08006d7d   Thumb Code    86  cmsis_os.o(i.osSignalWait)
    osSystickHandler                         0x08006dd3   Thumb Code    20  cmsis_os.o(i.osSystickHandler)
    osThreadCreate                           0x08006de7   Thumb Code    56  cmsis_os.o(i.osThreadCreate)
    osTimerCreate                            0x08006e21   Thumb Code    30  cmsis_os.o(i.osTimerCreate)
    osTimerStart                             0x08006e45   Thumb Code    88  cmsis_os.o(i.osTimerStart)
    pvPortMalloc                             0x080073ed   Thumb Code   210  heap_4.o(i.pvPortMalloc)
    pvTaskIncrementMutexHeldCount            0x080074c5   Thumb Code    18  tasks.o(i.pvTaskIncrementMutexHeldCount)
    pxPortInitialiseStack                    0x080074dd   Thumb Code    36  port.o(i.pxPortInitialiseStack)
    sqrt                                     0x08007505   Thumb Code   110  sqrt.o(i.sqrt)
    uxListRemove                             0x0800760d   Thumb Code    36  list.o(i.uxListRemove)
    vApplicationStackOverflowHook            0x08007631   Thumb Code     2  freertos.o(i.vApplicationStackOverflowHook)
    vListInitialise                          0x08007633   Thumb Code    22  list.o(i.vListInitialise)
    vListInitialiseItem                      0x08007649   Thumb Code     6  list.o(i.vListInitialiseItem)
    vListInsert                              0x0800764f   Thumb Code    48  list.o(i.vListInsert)
    vListInsertEnd                           0x0800767f   Thumb Code    24  list.o(i.vListInsertEnd)
    vPortEnterCritical                       0x08007699   Thumb Code    54  port.o(i.vPortEnterCritical)
    vPortExitCritical                        0x080076d9   Thumb Code    34  port.o(i.vPortExitCritical)
    vPortFree                                0x08007701   Thumb Code    88  heap_4.o(i.vPortFree)
    vPortSetupTimerInterrupt                 0x0800775d   Thumb Code    26  port.o(i.vPortSetupTimerInterrupt)
    vPortValidateInterruptPriority           0x0800777d   Thumb Code    74  port.o(i.vPortValidateInterruptPriority)
    vQueueAddToRegistry                      0x080077d1   Thumb Code    34  queue.o(i.vQueueAddToRegistry)
    vQueueWaitForMessageRestricted           0x080077f9   Thumb Code    60  queue.o(i.vQueueWaitForMessageRestricted)
    vTaskDelayUntil                          0x08007835   Thumb Code   158  tasks.o(i.vTaskDelayUntil)
    vTaskMissedYield                         0x080078dd   Thumb Code     8  tasks.o(i.vTaskMissedYield)
    vTaskPlaceOnEventList                    0x080078e9   Thumb Code    90  tasks.o(i.vTaskPlaceOnEventList)
    vTaskPlaceOnEventListRestricted          0x0800794d   Thumb Code    92  tasks.o(i.vTaskPlaceOnEventListRestricted)
    vTaskPriorityInherit                     0x080079b1   Thumb Code   124  tasks.o(i.vTaskPriorityInherit)
    vTaskSetTimeOutState                     0x08007a35   Thumb Code    30  tasks.o(i.vTaskSetTimeOutState)
    vTaskStartScheduler                      0x08007a59   Thumb Code    94  tasks.o(i.vTaskStartScheduler)
    vTaskSuspendAll                          0x08007ac9   Thumb Code    10  tasks.o(i.vTaskSuspendAll)
    vTaskSwitchContext                       0x08007ad9   Thumb Code   106  tasks.o(i.vTaskSwitchContext)
    xPortStartScheduler                      0x08007b4d   Thumb Code   202  port.o(i.xPortStartScheduler)
    xPortSysTickHandler                      0x08007c2d   Thumb Code    38  port.o(i.xPortSysTickHandler)
    xQueueGenericCreate                      0x08007c59   Thumb Code   100  queue.o(i.xQueueGenericCreate)
    xQueueGenericReceive                     0x08007cbd   Thumb Code   358  queue.o(i.xQueueGenericReceive)
    xQueueGenericReset                       0x08007e29   Thumb Code   126  queue.o(i.xQueueGenericReset)
    xQueueGenericSend                        0x08007ead   Thumb Code   348  queue.o(i.xQueueGenericSend)
    xQueueGenericSendFromISR                 0x0800800d   Thumb Code   182  queue.o(i.xQueueGenericSendFromISR)
    xTaskCheckForTimeOut                     0x080080c5   Thumb Code   102  tasks.o(i.xTaskCheckForTimeOut)
    xTaskGenericCreate                       0x08008131   Thumb Code   430  tasks.o(i.xTaskGenericCreate)
    xTaskGenericNotify                       0x080082ed   Thumb Code   190  tasks.o(i.xTaskGenericNotify)
    xTaskGenericNotifyFromISR                0x080083b9   Thumb Code   228  tasks.o(i.xTaskGenericNotifyFromISR)
    xTaskGetSchedulerState                   0x080084a5   Thumb Code    22  tasks.o(i.xTaskGetSchedulerState)
    xTaskGetTickCount                        0x080084c1   Thumb Code     6  tasks.o(i.xTaskGetTickCount)
    xTaskGetTickCountFromISR                 0x080084cd   Thumb Code    12  tasks.o(i.xTaskGetTickCountFromISR)
    xTaskIncrementTick                       0x080084dd   Thumb Code   194  tasks.o(i.xTaskIncrementTick)
    xTaskNotifyWait                          0x080085a9   Thumb Code   172  tasks.o(i.xTaskNotifyWait)
    xTaskPriorityDisinherit                  0x08008661   Thumb Code   144  tasks.o(i.xTaskPriorityDisinherit)
    xTaskRemoveFromEventList                 0x080086f9   Thumb Code   108  tasks.o(i.xTaskRemoveFromEventList)
    xTaskResumeAll                           0x0800876d   Thumb Code   182  tasks.o(i.xTaskResumeAll)
    xTimerCreate                             0x08008831   Thumb Code    72  timers.o(i.xTimerCreate)
    xTimerCreateTimerTask                    0x08008879   Thumb Code    60  timers.o(i.xTimerCreateTimerTask)
    xTimerGenericCommand                     0x080088c5   Thumb Code    92  timers.o(i.xTimerGenericCommand)
    APBAHBPrescTable                         0x08008924   Data          16  stm32f4xx_hal_rcc.o(.constdata)
    __mathlib_zero                           0x08008a90   Data           8  qnan.o(.constdata)
    Region$$Table$$Base                      0x08008ae4   Number         0  anon$$obj.o(Region$$Table)
    Region$$Table$$Limit                     0x08008b04   Number         0  anon$$obj.o(Region$$Table)
    uwTick                                   0x20000000   Data           4  stm32f4xx_hal.o(.data)
    SystemCoreClock                          0x20000004   Data           4  system_stm32f4xx.o(.data)
    pxCurrentTCB                             0x20000030   Data           4  tasks.o(.data)
    RemoteMsg_Receive_ModeSw_TaskHandle      0x20000074   Data           4  freertos.o(.data)
    CanMsg_Send_TaskHandle                   0x20000078   Data           4  freertos.o(.data)
    Shoot_TaskHandle                         0x2000007c   Data           4  freertos.o(.data)
    IMU_TaskHandle                           0x20000080   Data           4  freertos.o(.data)
    Chassis_Timer_Id                         0x20000084   Data           4  freertos.o(.data)
    Gimbal_Timer_Id                          0x20000088   Data           4  freertos.o(.data)
    can_send_time_last                       0x20000090   Data           4  canmsgtask.o(.data)
    can_send_time_ms                         0x20000094   Data           4  canmsgtask.o(.data)
    chassis_time_last                        0x20000098   Data           4  chassistask.o(.data)
    chassis_time_ms                          0x2000009c   Data           4  chassistask.o(.data)
    Chassis_Motor_1                          0x200000a0   Data          83  chassistask.o(.data)
    Chassis_Motor_2                          0x200000f3   Data          83  chassistask.o(.data)
    Chassis_Motor_3                          0x20000146   Data          83  chassistask.o(.data)
    Chassis_Motor_4                          0x20000199   Data          83  chassistask.o(.data)
    gimbal_time_last                         0x200001ec   Data           4  gimbaltask.o(.data)
    gimbal_time_ms                           0x200001f0   Data           4  gimbaltask.o(.data)
    pos_kp                                   0x200001f4   Data           4  gimbaltask.o(.data)
    pos_ki                                   0x200001f8   Data           4  gimbaltask.o(.data)
    pos_kd                                   0x200001fc   Data           4  gimbaltask.o(.data)
    spd_kp                                   0x20000200   Data           4  gimbaltask.o(.data)
    spd_ki                                   0x20000204   Data           4  gimbaltask.o(.data)
    spd_kd                                   0x20000208   Data           4  gimbaltask.o(.data)
    Gimbal_Motor_Yaw                         0x2000020c   Data          83  gimbaltask.o(.data)
    Gimbal_Motor_Pitch                       0x2000025f   Data          83  gimbaltask.o(.data)
    shoot_time_ms                            0x200002b4   Data           4  shoottask.o(.data)
    shoot_time_last                          0x200002b8   Data           4  shoottask.o(.data)
    Kp                                       0x200002cc   Data           4  imu_task.o(.data)
    Ki                                       0x200002d0   Data           4  imu_task.o(.data)
    imu_time_last                            0x200002d4   Data           4  imu_task.o(.data)
    imu_time_ms                              0x200002d8   Data           4  imu_task.o(.data)
    halfT                                    0x20000314   Data           4  imu_task.o(.data)
    canmsg_rx_time_last                      0x20000318   Data           4  bsp_can.o(.data)
    canmsg_rx_time_ms                        0x2000031c   Data           4  bsp_can.o(.data)
    xQueueRegistry                           0x20000328   Data          64  queue.o(.bss)
    htim1                                    0x20004080   Data          60  stm32f4xx_hal_timebase_tim.o(.bss)
    hpcd_USB_OTG_FS                          0x200040bc   Data         952  usbd_conf.o(.bss)
    hcan1                                    0x20004474   Data          64  can.o(.bss)
    hcan2                                    0x200044b4   Data          64  can.o(.bss)
    hspi5                                    0x200044f4   Data          88  spi.o(.bss)
    huart1                                   0x2000454c   Data          64  usart.o(.bss)
    huart2                                   0x2000458c   Data          64  usart.o(.bss)
    huart3                                   0x200045cc   Data          64  usart.o(.bss)
    huart6                                   0x2000460c   Data          64  usart.o(.bss)
    hdma_usart1_rx                           0x2000464c   Data          96  usart.o(.bss)
    hdma_usart2_rx                           0x200046ac   Data          96  usart.o(.bss)
    hdma_usart2_tx                           0x2000470c   Data          96  usart.o(.bss)
    hdma_usart3_rx                           0x2000476c   Data          96  usart.o(.bss)
    hdma_usart3_tx                           0x200047cc   Data          96  usart.o(.bss)
    hdma_usart6_rx                           0x2000482c   Data          96  usart.o(.bss)
    hdma_usart6_tx                           0x2000488c   Data          96  usart.o(.bss)
    htim6                                    0x200048ec   Data          60  tim.o(.bss)
    chassis                                  0x20004928   Data          13  chassistask.o(.bss)
    gimbal                                   0x20004935   Data          17  gimbaltask.o(.bss)
    shooter                                  0x20004946   Data          21  shoottask.o(.bss)
    Left_Fric_Wheel                          0x2000495b   Data          83  shoottask.o(.bss)
    Right_Fric_Wheel                         0x200049ae   Data          83  shoottask.o(.bss)
    Trigger                                  0x20004a01   Data          83  shoottask.o(.bss)
    mpu_data                                 0x20004a54   Data          32  imu_task.o(.bss)
    imu                                      0x20004a74   Data          48  imu_task.o(.bss)
    atti                                     0x20004aa4   Data          36  imu_task.o(.bss)
    dbus_buff                                0x20004ac8   Data          18  bsp_uart.o(.bss)
    remote_data                              0x20004ada   Data          20  bsp_uart.o(.bss)
    __initial_sp                             0x20004f90   Data           0  startup_stm32f427xx.o(STACK)



==============================================================================

Memory Map of the image

  Image Entry point : 0x080001ad

  Load Region LR_IROM1 (Base: 0x08000000, Size: 0x00008e2c, Max: 0x00200000, ABSOLUTE, COMPRESSED[0x00008b34])

    Execution Region ER_IROM1 (Exec base: 0x08000000, Load base: 0x08000000, Size: 0x00008b04, Max: 0x00200000, ABSOLUTE)

    Exec Addr    Load Addr    Size         Type   Attr      Idx    E Section Name        Object

    0x08000000   0x08000000   0x000001ac   Data   RO            3    RESET               startup_stm32f427xx.o
    0x080001ac   0x080001ac   0x00000000   Code   RO         6363  * .ARM.Collect$$$$00000000  mc_w.l(entry.o)
    0x080001ac   0x080001ac   0x00000004   Code   RO         6445    .ARM.Collect$$$$00000001  mc_w.l(entry2.o)
    0x080001b0   0x080001b0   0x00000004   Code   RO         6448    .ARM.Collect$$$$00000004  mc_w.l(entry5.o)
    0x080001b4   0x080001b4   0x00000000   Code   RO         6450    .ARM.Collect$$$$00000008  mc_w.l(entry7b.o)
    0x080001b4   0x080001b4   0x00000000   Code   RO         6452    .ARM.Collect$$$$0000000A  mc_w.l(entry8b.o)
    0x080001b4   0x080001b4   0x00000008   Code   RO         6453    .ARM.Collect$$$$0000000B  mc_w.l(entry9a.o)
    0x080001bc   0x080001bc   0x00000000   Code   RO         6455    .ARM.Collect$$$$0000000D  mc_w.l(entry10a.o)
    0x080001bc   0x080001bc   0x00000000   Code   RO         6457    .ARM.Collect$$$$0000000F  mc_w.l(entry11a.o)
    0x080001bc   0x080001bc   0x00000004   Code   RO         6446    .ARM.Collect$$$$00002712  mc_w.l(entry2.o)
    0x080001c0   0x080001c0   0x000000ba   Code   RO         4402    .emb_text           port.o
    0x0800027a   0x0800027a   0x00000002   PAD
    0x0800027c   0x0800027c   0x00000024   Code   RO            4    .text               startup_stm32f427xx.o
    0x080002a0   0x080002a0   0x00000024   Code   RO         6366    .text               mc_w.l(memcpya.o)
    0x080002c4   0x080002c4   0x00000024   Code   RO         6368    .text               mc_w.l(memseta.o)
    0x080002e8   0x080002e8   0x000000e4   Code   RO         6400    .text               mf_w.l(dmul.o)
    0x080003cc   0x080003cc   0x00000026   Code   RO         6402    .text               mf_w.l(f2d.o)
    0x080003f2   0x080003f2   0x00000038   Code   RO         6404    .text               mf_w.l(d2f.o)
    0x0800042a   0x0800042a   0x00000000   Code   RO         6468    .text               mc_w.l(iusefp.o)
    0x0800042a   0x0800042a   0x0000006e   Code   RO         6469    .text               mf_w.l(fepilogue.o)
    0x08000498   0x08000498   0x000000ba   Code   RO         6471    .text               mf_w.l(depilogue.o)
    0x08000552   0x08000552   0x0000014e   Code   RO         6473    .text               mf_w.l(dadd.o)
    0x080006a0   0x080006a0   0x000000de   Code   RO         6475    .text               mf_w.l(ddiv.o)
    0x0800077e   0x0800077e   0x000000a2   Code   RO         6479    .text               mf_w.l(dsqrt.o)
    0x08000820   0x08000820   0x00000024   Code   RO         6483    .text               mc_w.l(init.o)
    0x08000844   0x08000844   0x0000001e   Code   RO         6485    .text               mc_w.l(llshl.o)
    0x08000862   0x08000862   0x00000020   Code   RO         6487    .text               mc_w.l(llushr.o)
    0x08000882   0x08000882   0x00000024   Code   RO         6489    .text               mc_w.l(llsshr.o)
    0x080008a6   0x080008a6   0x00000056   Code   RO         6499    .text               mc_w.l(__dczerorl2.o)
    0x080008fc   0x080008fc   0x00000002   Code   RO         4599    i.BusFault_Handler  stm32f4xx_it.o
    0x080008fe   0x080008fe   0x00000002   PAD
    0x08000900   0x08000900   0x0000000c   Code   RO         4600    i.CAN1_RX0_IRQHandler  stm32f4xx_it.o
    0x0800090c   0x0800090c   0x0000000c   Code   RO         4601    i.CAN1_TX_IRQHandler  stm32f4xx_it.o
    0x08000918   0x08000918   0x0000000c   Code   RO         4602    i.CAN2_RX0_IRQHandler  stm32f4xx_it.o
    0x08000924   0x08000924   0x0000000c   Code   RO         4603    i.CAN2_TX_IRQHandler  stm32f4xx_it.o
    0x08000930   0x08000930   0x00000128   Code   RO         3115    i.CAN_Receive_IT    stm32f4xx_hal_can.o
    0x08000a58   0x08000a58   0x00000060   Code   RO         3116    i.CAN_Transmit_IT   stm32f4xx_hal_can.o
    0x08000ab8   0x08000ab8   0x00000160   Code   RO         5805    i.CanMsg_Send_TaskStart  canmsgtask.o
    0x08000c18   0x08000c18   0x00000054   Code   RO         6172    i.Can_Device_Init   bsp_can.o
    0x08000c6c   0x08000c6c   0x00000020   Code   RO         6173    i.Can_Receive_Start  bsp_can.o
    0x08000c8c   0x08000c8c   0x00000098   Code   RO         5833    i.ChassisRef_to_MotorRef_Handler  chassistask.o
    0x08000d24   0x08000d24   0x0000000e   Code   RO         5834    i.Chassis_Keymouse_Control_Handler  chassistask.o
    0x08000d32   0x08000d32   0x00000072   Code   RO         5835    i.Chassis_Motor_PIDCalc  chassistask.o
    0x08000da4   0x08000da4   0x000000c4   Code   RO         5836    i.Chassis_Remote_Control_Handler  chassistask.o
    0x08000e68   0x08000e68   0x00000020   Code   RO         5837    i.Chassis_Stop_Handler  chassistask.o
    0x08000e88   0x08000e88   0x00000098   Code   RO         5839    i.Chassis_Task      chassistask.o
    0x08000f20   0x08000f20   0x0000000c   Code   RO         4604    i.DMA2_Stream2_IRQHandler  stm32f4xx_it.o
    0x08000f2c   0x08000f2c   0x00000028   Code   RO         1191    i.DMA_CalcBaseAndBitshift  stm32f4xx_hal_dma.o
    0x08000f54   0x08000f54   0x00000054   Code   RO         1192    i.DMA_CheckFifoParam  stm32f4xx_hal_dma.o
    0x08000fa8   0x08000fa8   0x00000028   Code   RO         1193    i.DMA_SetConfig     stm32f4xx_hal_dma.o
    0x08000fd0   0x08000fd0   0x00000002   Code   RO         4605    i.DebugMon_Handler  stm32f4xx_it.o
    0x08000fd2   0x08000fd2   0x00000002   PAD
    0x08000fd4   0x08000fd4   0x00000058   Code   RO         5897    i.Gimbal_Remote_Control_Handler  gimbaltask.o
    0x0800102c   0x0800102c   0x00000010   Code   RO         5898    i.Gimbal_Stop_Handler  gimbaltask.o
    0x0800103c   0x0800103c   0x00000084   Code   RO         5899    i.Gimbal_Task       gimbaltask.o
    0x080010c0   0x080010c0   0x000000e4   Code   RO         3117    i.HAL_CAN_ConfigFilter  stm32f4xx_hal_can.o
    0x080011a4   0x080011a4   0x00000002   Code   RO         3119    i.HAL_CAN_ErrorCallback  stm32f4xx_hal_can.o
    0x080011a6   0x080011a6   0x00000002   PAD
    0x080011a8   0x080011a8   0x00000180   Code   RO         3122    i.HAL_CAN_IRQHandler  stm32f4xx_hal_can.o
    0x08001328   0x08001328   0x00000148   Code   RO         3123    i.HAL_CAN_Init      stm32f4xx_hal_can.o
    0x08001470   0x08001470   0x0000009c   Code   RO         5221    i.HAL_CAN_MspInit   can.o
    0x0800150c   0x0800150c   0x00000086   Code   RO         3127    i.HAL_CAN_Receive_IT  stm32f4xx_hal_can.o
    0x08001592   0x08001592   0x00000002   PAD
    0x08001594   0x08001594   0x000001d4   Code   RO         6174    i.HAL_CAN_RxCpltCallback  bsp_can.o
    0x08001768   0x08001768   0x00000194   Code   RO         3130    i.HAL_CAN_Transmit  stm32f4xx_hal_can.o
    0x080018fc   0x080018fc   0x00000002   Code   RO         3132    i.HAL_CAN_TxCpltCallback  stm32f4xx_hal_can.o
    0x080018fe   0x080018fe   0x0000008e   Code   RO         1194    i.HAL_DMA_Abort     stm32f4xx_hal_dma.o
    0x0800198c   0x0800198c   0x000001a8   Code   RO         1199    i.HAL_DMA_IRQHandler  stm32f4xx_hal_dma.o
    0x08001b34   0x08001b34   0x000000d0   Code   RO         1200    i.HAL_DMA_Init      stm32f4xx_hal_dma.o
    0x08001c04   0x08001c04   0x00000078   Code   RO         1204    i.HAL_DMA_Start_IT  stm32f4xx_hal_dma.o
    0x08001c7c   0x08001c7c   0x00000016   Code   RO          201    i.HAL_Delay         stm32f4xx_hal.o
    0x08001c92   0x08001c92   0x00000002   PAD
    0x08001c94   0x08001c94   0x000001cc   Code   RO         2521    i.HAL_GPIO_Init     stm32f4xx_hal_gpio.o
    0x08001e60   0x08001e60   0x00000008   Code   RO         2524    i.HAL_GPIO_TogglePin  stm32f4xx_hal_gpio.o
    0x08001e68   0x08001e68   0x0000000a   Code   RO         2525    i.HAL_GPIO_WritePin  stm32f4xx_hal_gpio.o
    0x08001e72   0x08001e72   0x00000002   PAD
    0x08001e74   0x08001e74   0x0000000c   Code   RO          209    i.HAL_GetTick       stm32f4xx_hal.o
    0x08001e80   0x08001e80   0x00000010   Code   RO          210    i.HAL_IncTick       stm32f4xx_hal.o
    0x08001e90   0x08001e90   0x00000034   Code   RO          211    i.HAL_Init          stm32f4xx_hal.o
    0x08001ec4   0x08001ec4   0x00000074   Code   RO         4559    i.HAL_InitTick      stm32f4xx_hal_timebase_tim.o
    0x08001f38   0x08001f38   0x00000058   Code   RO         5015    i.HAL_MspInit       stm32f4xx_hal_msp.o
    0x08001f90   0x08001f90   0x00000016   Code   RO          583    i.HAL_NVIC_EnableIRQ  stm32f4xx_hal_cortex.o
    0x08001fa6   0x08001fa6   0x00000002   PAD
    0x08001fa8   0x08001fa8   0x00000040   Code   RO          589    i.HAL_NVIC_SetPriority  stm32f4xx_hal_cortex.o
    0x08001fe8   0x08001fe8   0x00000024   Code   RO          590    i.HAL_NVIC_SetPriorityGrouping  stm32f4xx_hal_cortex.o
    0x0800200c   0x0800200c   0x00000008   Code   RO         4751    i.HAL_PCD_ConnectCallback  usbd_conf.o
    0x08002014   0x08002014   0x00000012   Code   RO         4752    i.HAL_PCD_DataInStageCallback  usbd_conf.o
    0x08002026   0x08002026   0x00000014   Code   RO         4753    i.HAL_PCD_DataOutStageCallback  usbd_conf.o
    0x0800203a   0x0800203a   0x00000008   Code   RO         4754    i.HAL_PCD_DisconnectCallback  usbd_conf.o
    0x08002042   0x08002042   0x00000050   Code   RO         1546    i.HAL_PCD_EP_ClrStall  stm32f4xx_hal_pcd.o
    0x08002092   0x08002092   0x00000054   Code   RO         1549    i.HAL_PCD_EP_Open   stm32f4xx_hal_pcd.o
    0x080020e6   0x080020e6   0x00000002   PAD
    0x080020e8   0x080020e8   0x0000005e   Code   RO         1550    i.HAL_PCD_EP_Receive  stm32f4xx_hal_pcd.o
    0x08002146   0x08002146   0x00000060   Code   RO         1551    i.HAL_PCD_EP_SetStall  stm32f4xx_hal_pcd.o
    0x080021a6   0x080021a6   0x00000056   Code   RO         1552    i.HAL_PCD_EP_Transmit  stm32f4xx_hal_pcd.o
    0x080021fc   0x080021fc   0x000004f4   Code   RO         1554    i.HAL_PCD_IRQHandler  stm32f4xx_hal_pcd.o
    0x080026f0   0x080026f0   0x00000008   Code   RO         4755    i.HAL_PCD_ISOINIncompleteCallback  usbd_conf.o
    0x080026f8   0x080026f8   0x00000008   Code   RO         4756    i.HAL_PCD_ISOOUTIncompleteCallback  usbd_conf.o
    0x08002700   0x08002700   0x00000020   Code   RO         4759    i.HAL_PCD_ResetCallback  usbd_conf.o
    0x08002720   0x08002720   0x00000008   Code   RO         4760    i.HAL_PCD_ResumeCallback  usbd_conf.o
    0x08002728   0x08002728   0x00000008   Code   RO         4761    i.HAL_PCD_SOFCallback  usbd_conf.o
    0x08002730   0x08002730   0x00000024   Code   RO         1563    i.HAL_PCD_SetAddress  stm32f4xx_hal_pcd.o
    0x08002754   0x08002754   0x0000000e   Code   RO         4762    i.HAL_PCD_SetupStageCallback  usbd_conf.o
    0x08002762   0x08002762   0x00000002   PAD
    0x08002764   0x08002764   0x00000030   Code   RO         4763    i.HAL_PCD_SuspendCallback  usbd_conf.o
    0x08002794   0x08002794   0x0000017c   Code   RO          704    i.HAL_RCC_ClockConfig  stm32f4xx_hal_rcc.o
    0x08002910   0x08002910   0x00000040   Code   RO          708    i.HAL_RCC_GetClockConfig  stm32f4xx_hal_rcc.o
    0x08002950   0x08002950   0x0000000c   Code   RO          709    i.HAL_RCC_GetHCLKFreq  stm32f4xx_hal_rcc.o
    0x0800295c   0x0800295c   0x00000030   Code   RO          711    i.HAL_RCC_GetPCLK1Freq  stm32f4xx_hal_rcc.o
    0x0800298c   0x0800298c   0x00000030   Code   RO          712    i.HAL_RCC_GetPCLK2Freq  stm32f4xx_hal_rcc.o
    0x080029bc   0x080029bc   0x00000074   Code   RO          713    i.HAL_RCC_GetSysClockFreq  stm32f4xx_hal_rcc.o
    0x08002a30   0x08002a30   0x000002e4   Code   RO          716    i.HAL_RCC_OscConfig  stm32f4xx_hal_rcc.o
    0x08002d14   0x08002d14   0x00000080   Code   RO         2592    i.HAL_SPI_Init      stm32f4xx_hal_spi.o
    0x08002d94   0x08002d94   0x0000004c   Code   RO         5293    i.HAL_SPI_MspInit   spi.o
    0x08002de0   0x08002de0   0x000001d8   Code   RO         2601    i.HAL_SPI_TransmitReceive  stm32f4xx_hal_spi.o
    0x08002fb8   0x08002fb8   0x00000018   Code   RO          592    i.HAL_SYSTICK_CLKSourceConfig  stm32f4xx_hal_cortex.o
    0x08002fd0   0x08002fd0   0x00000028   Code   RO          594    i.HAL_SYSTICK_Config  stm32f4xx_hal_cortex.o
    0x08002ff8   0x08002ff8   0x00000002   Code   RO         1297    i.HAL_TIMEx_BreakCallback  stm32f4xx_hal_tim_ex.o
    0x08002ffa   0x08002ffa   0x00000002   Code   RO         1298    i.HAL_TIMEx_CommutationCallback  stm32f4xx_hal_tim_ex.o
    0x08002ffc   0x08002ffc   0x00000050   Code   RO         1314    i.HAL_TIMEx_MasterConfigSynchronization  stm32f4xx_hal_tim_ex.o
    0x0800304c   0x0800304c   0x00000036   Code   RO         1871    i.HAL_TIM_Base_Init  stm32f4xx_hal_tim.o
    0x08003082   0x08003082   0x00000002   PAD
    0x08003084   0x08003084   0x00000028   Code   RO         5395    i.HAL_TIM_Base_MspInit  tim.o
    0x080030ac   0x080030ac   0x00000018   Code   RO         1876    i.HAL_TIM_Base_Start_IT  stm32f4xx_hal_tim.o
    0x080030c4   0x080030c4   0x00000002   Code   RO         1900    i.HAL_TIM_IC_CaptureCallback  stm32f4xx_hal_tim.o
    0x080030c6   0x080030c6   0x00000166   Code   RO         1913    i.HAL_TIM_IRQHandler  stm32f4xx_hal_tim.o
    0x0800322c   0x0800322c   0x00000002   Code   RO         1916    i.HAL_TIM_OC_DelayElapsedCallback  stm32f4xx_hal_tim.o
    0x0800322e   0x0800322e   0x00000002   Code   RO         1943    i.HAL_TIM_PWM_PulseFinishedCallback  stm32f4xx_hal_tim.o
    0x08003230   0x08003230   0x00000014   Code   RO         5066    i.HAL_TIM_PeriodElapsedCallback  main.o
    0x08003244   0x08003244   0x00000002   Code   RO         1954    i.HAL_TIM_TriggerCallback  stm32f4xx_hal_tim.o
    0x08003246   0x08003246   0x00000058   Code   RO         2873    i.HAL_UART_DMAStop  stm32f4xx_hal_uart.o
    0x0800329e   0x0800329e   0x00000002   Code   RO         2875    i.HAL_UART_ErrorCallback  stm32f4xx_hal_uart.o
    0x080032a0   0x080032a0   0x00000062   Code   RO         2879    i.HAL_UART_Init     stm32f4xx_hal_uart.o
    0x08003302   0x08003302   0x00000002   PAD
    0x08003304   0x08003304   0x00000320   Code   RO         5335    i.HAL_UART_MspInit  usart.o
    0x08003624   0x08003624   0x00000090   Code   RO         2883    i.HAL_UART_Receive_DMA  stm32f4xx_hal_uart.o
    0x080036b4   0x080036b4   0x00000002   Code   RO         2885    i.HAL_UART_RxCpltCallback  stm32f4xx_hal_uart.o
    0x080036b6   0x080036b6   0x00000002   Code   RO         2886    i.HAL_UART_RxHalfCpltCallback  stm32f4xx_hal_uart.o
    0x080036b8   0x080036b8   0x00000002   Code   RO         4606    i.HardFault_Handler  stm32f4xx_it.o
    0x080036ba   0x080036ba   0x00000002   PAD
    0x080036bc   0x080036bc   0x0000003c   Code   RO         6069    i.IMU_TaskStart     imu_task.o
    0x080036f8   0x080036f8   0x00000048   Code   RO         5962    i.Keymouse_Control_handler  remotemsgtask.o
    0x08003740   0x08003740   0x0000005c   Code   RO         5222    i.MX_CAN1_Init      can.o
    0x0800379c   0x0800379c   0x0000005c   Code   RO         5223    i.MX_CAN2_Init      can.o
    0x080037f8   0x080037f8   0x0000002c   Code   RO         5268    i.MX_DMA_Init       dma.o
    0x08003824   0x08003824   0x00000094   Code   RO         4939    i.MX_FREERTOS_Init  freertos.o
    0x080038b8   0x080038b8   0x00000100   Code   RO         5039    i.MX_GPIO_Init      gpio.o
    0x080039b8   0x080039b8   0x0000005c   Code   RO         5294    i.MX_SPI5_Init      spi.o
    0x08003a14   0x08003a14   0x00000050   Code   RO         5396    i.MX_TIM6_Init      tim.o
    0x08003a64   0x08003a64   0x00000054   Code   RO         5336    i.MX_USART1_UART_Init  usart.o
    0x08003ab8   0x08003ab8   0x0000004c   Code   RO         5337    i.MX_USART2_UART_Init  usart.o
    0x08003b04   0x08003b04   0x0000004c   Code   RO         5338    i.MX_USART3_UART_Init  usart.o
    0x08003b50   0x08003b50   0x0000004c   Code   RO         5339    i.MX_USART6_UART_Init  usart.o
    0x08003b9c   0x08003b9c   0x00000002   Code   RO         4607    i.MemManage_Handler  stm32f4xx_it.o
    0x08003b9e   0x08003b9e   0x00000002   Code   RO         4608    i.NMI_Handler       stm32f4xx_it.o
    0x08003ba0   0x08003ba0   0x00000020   Code   RO          596    i.NVIC_SetPriority  stm32f4xx_hal_cortex.o
    0x08003bc0   0x08003bc0   0x0000000c   Code   RO         4609    i.OTG_FS_IRQHandler  stm32f4xx_it.o
    0x08003bcc   0x08003bcc   0x00000088   Code   RO         1568    i.PCD_WriteEmptyTxFifo  stm32f4xx_hal_pcd.o
    0x08003c54   0x08003c54   0x0000001c   Code   RO         6131    i.RemoteMsg_Receive_Init  bsp_uart.o
    0x08003c70   0x08003c70   0x00000050   Code   RO         5963    i.RemoteMsg_Receive_ModeSw_TaskStart  remotemsgtask.o
    0x08003cc0   0x08003cc0   0x0000009a   Code   RO         5964    i.RemoteMsg_decode_handler  remotemsgtask.o
    0x08003d5a   0x08003d5a   0x00000002   PAD
    0x08003d5c   0x08003d5c   0x00000048   Code   RO         5965    i.Remote_Control_handler  remotemsgtask.o
    0x08003da4   0x08003da4   0x00000058   Code   RO         5966    i.Remote_Mode_Select  remotemsgtask.o
    0x08003dfc   0x08003dfc   0x00000020   Code   RO         2614    i.SPI_CheckFlag_BSY  stm32f4xx_hal_spi.o
    0x08003e1c   0x08003e1c   0x00000096   Code   RO         2630    i.SPI_WaitFlagStateUntilTimeout  stm32f4xx_hal_spi.o
    0x08003eb2   0x08003eb2   0x00000002   PAD
    0x08003eb4   0x08003eb4   0x00000054   Code   RO         6175    i.Send_Chassis_Cur  bsp_can.o
    0x08003f08   0x08003f08   0x00000054   Code   RO         6176    i.Send_Gimbal_Cur   bsp_can.o
    0x08003f5c   0x08003f5c   0x0000004c   Code   RO         6177    i.Send_Trigger_Cur  bsp_can.o
    0x08003fa8   0x08003fa8   0x00000010   Code   RO         6021    i.Shoot_Stop_Handler  shoottask.o
    0x08003fb8   0x08003fb8   0x0000007c   Code   RO         6022    i.Shoot_TaskStart   shoottask.o
    0x08004034   0x08004034   0x00000040   Code   RO         5967    i.Stop_handler      remotemsgtask.o
    0x08004074   0x08004074   0x00000004   Code   RO         4610    i.SysTick_Handler   stm32f4xx_it.o
    0x08004078   0x08004078   0x000000b8   Code   RO         5067    i.SystemClock_Config  main.o
    0x08004130   0x08004130   0x00000054   Code   RO         3246    i.SystemInit        system_stm32f4xx.o
    0x08004184   0x08004184   0x0000000c   Code   RO         4611    i.TIM1_UP_TIM10_IRQHandler  stm32f4xx_it.o
    0x08004190   0x08004190   0x000000c0   Code   RO         1955    i.TIM_Base_SetConfig  stm32f4xx_hal_tim.o
    0x08004250   0x08004250   0x0000004a   Code   RO         2893    i.UART_DMAError     stm32f4xx_hal_uart.o
    0x0800429a   0x0800429a   0x0000003c   Code   RO         2894    i.UART_DMAReceiveCplt  stm32f4xx_hal_uart.o
    0x080042d6   0x080042d6   0x0000000a   Code   RO         2895    i.UART_DMARxHalfCplt  stm32f4xx_hal_uart.o
    0x080042e0   0x080042e0   0x0000001c   Code   RO         2898    i.UART_EndRxTransfer  stm32f4xx_hal_uart.o
    0x080042fc   0x080042fc   0x00000012   Code   RO         2899    i.UART_EndTxTransfer  stm32f4xx_hal_uart.o
    0x0800430e   0x0800430e   0x00000002   PAD
    0x08004310   0x08004310   0x000002ac   Code   RO         2901    i.UART_SetConfig    stm32f4xx_hal_uart.o
    0x080045bc   0x080045bc   0x0000000c   Code   RO         4612    i.USART1_IRQHandler  stm32f4xx_it.o
    0x080045c8   0x080045c8   0x0000000c   Code   RO         4613    i.USART2_IRQHandler  stm32f4xx_it.o
    0x080045d4   0x080045d4   0x0000000c   Code   RO         4614    i.USART3_IRQHandler  stm32f4xx_it.o
    0x080045e0   0x080045e0   0x0000000c   Code   RO         4615    i.USART6_IRQHandler  stm32f4xx_it.o
    0x080045ec   0x080045ec   0x0000000e   Code   RO         5436    i.USBD_ClrClassConfig  usbd_core.o
    0x080045fa   0x080045fa   0x00000010   Code   RO         5574    i.USBD_CtlContinueRx  usbd_ioreq.o
    0x0800460a   0x0800460a   0x00000010   Code   RO         5575    i.USBD_CtlContinueSendData  usbd_ioreq.o
    0x0800461a   0x0800461a   0x00000016   Code   RO         5634    i.USBD_CtlError     usbd_ctlreq.o
    0x08004630   0x08004630   0x00000016   Code   RO         5577    i.USBD_CtlReceiveStatus  usbd_ioreq.o
    0x08004646   0x08004646   0x0000001a   Code   RO         5578    i.USBD_CtlSendData  usbd_ioreq.o
    0x08004660   0x08004660   0x00000016   Code   RO         5579    i.USBD_CtlSendStatus  usbd_ioreq.o
    0x08004676   0x08004676   0x000000e0   Code   RO         5635    i.USBD_GetDescriptor  usbd_ctlreq.o
    0x08004756   0x08004756   0x00000020   Code   RO         4764    i.USBD_LL_ClearStallEP  usbd_conf.o
    0x08004776   0x08004776   0x000000aa   Code   RO         5439    i.USBD_LL_DataInStage  usbd_core.o
    0x08004820   0x08004820   0x0000006a   Code   RO         5440    i.USBD_LL_DataOutStage  usbd_core.o
    0x0800488a   0x0800488a   0x00000004   Code   RO         5441    i.USBD_LL_DevConnected  usbd_core.o
    0x0800488e   0x0800488e   0x00000016   Code   RO         5442    i.USBD_LL_DevDisconnected  usbd_core.o
    0x080048a4   0x080048a4   0x00000020   Code   RO         4771    i.USBD_LL_IsStallEP  usbd_conf.o
    0x080048c4   0x080048c4   0x00000004   Code   RO         5443    i.USBD_LL_IsoINIncomplete  usbd_core.o
    0x080048c8   0x080048c8   0x00000004   Code   RO         5444    i.USBD_LL_IsoOUTIncomplete  usbd_core.o
    0x080048cc   0x080048cc   0x00000026   Code   RO         4772    i.USBD_LL_OpenEP    usbd_conf.o
    0x080048f2   0x080048f2   0x00000020   Code   RO         4773    i.USBD_LL_PrepareReceive  usbd_conf.o
    0x08004912   0x08004912   0x0000003e   Code   RO         5445    i.USBD_LL_Reset     usbd_core.o
    0x08004950   0x08004950   0x0000000c   Code   RO         5446    i.USBD_LL_Resume    usbd_core.o
    0x0800495c   0x0800495c   0x00000018   Code   RO         5447    i.USBD_LL_SOF       usbd_core.o
    0x08004974   0x08004974   0x00000006   Code   RO         5448    i.USBD_LL_SetSpeed  usbd_core.o
    0x0800497a   0x0800497a   0x00000020   Code   RO         4774    i.USBD_LL_SetUSBAddress  usbd_conf.o
    0x0800499a   0x0800499a   0x0000005a   Code   RO         5449    i.USBD_LL_SetupStage  usbd_core.o
    0x080049f4   0x080049f4   0x00000020   Code   RO         4775    i.USBD_LL_StallEP   usbd_conf.o
    0x08004a14   0x08004a14   0x00000012   Code   RO         5450    i.USBD_LL_Suspend   usbd_core.o
    0x08004a26   0x08004a26   0x00000020   Code   RO         4778    i.USBD_LL_Transmit  usbd_conf.o
    0x08004a46   0x08004a46   0x00000028   Code   RO         5637    i.USBD_ParseSetupRequest  usbd_ctlreq.o
    0x08004a6e   0x08004a6e   0x00000016   Code   RO         5453    i.USBD_SetClassConfig  usbd_core.o
    0x08004a84   0x08004a84   0x00000074   Code   RO         5638    i.USBD_SetConfig    usbd_ctlreq.o
    0x08004af8   0x08004af8   0x000000f2   Code   RO         5639    i.USBD_StdDevReq    usbd_ctlreq.o
    0x08004bea   0x08004bea   0x000000dc   Code   RO         5640    i.USBD_StdEPReq     usbd_ctlreq.o
    0x08004cc6   0x08004cc6   0x00000034   Code   RO         5641    i.USBD_StdItfReq    usbd_ctlreq.o
    0x08004cfa   0x08004cfa   0x00000002   PAD
    0x08004cfc   0x08004cfc   0x00000080   Code   RO          809    i.USB_ActivateEndpoint  stm32f4xx_ll_usb.o
    0x08004d7c   0x08004d7c   0x00000034   Code   RO          810    i.USB_ActivateSetup  stm32f4xx_ll_usb.o
    0x08004db0   0x08004db0   0x00000140   Code   RO          822    i.USB_EP0StartXfer  stm32f4xx_ll_usb.o
    0x08004ef0   0x08004ef0   0x0000003e   Code   RO          823    i.USB_EP0_OutStart  stm32f4xx_ll_usb.o
    0x08004f2e   0x08004f2e   0x00000064   Code   RO          824    i.USB_EPClearStall  stm32f4xx_ll_usb.o
    0x08004f92   0x08004f92   0x0000005e   Code   RO          825    i.USB_EPSetStall    stm32f4xx_ll_usb.o
    0x08004ff0   0x08004ff0   0x0000021c   Code   RO          826    i.USB_EPStartXfer   stm32f4xx_ll_usb.o
    0x0800520c   0x0800520c   0x00000024   Code   RO          829    i.USB_FlushTxFifo   stm32f4xx_ll_usb.o
    0x08005230   0x08005230   0x0000003c   Code   RO          831    i.USB_GetDevSpeed   stm32f4xx_ll_usb.o
    0x0800526c   0x0800526c   0x00000008   Code   RO          833    i.USB_GetMode       stm32f4xx_ll_usb.o
    0x08005274   0x08005274   0x0000000e   Code   RO          840    i.USB_ReadDevAllInEpInterrupt  stm32f4xx_ll_usb.o
    0x08005282   0x08005282   0x0000000e   Code   RO          841    i.USB_ReadDevAllOutEpInterrupt  stm32f4xx_ll_usb.o
    0x08005290   0x08005290   0x0000001e   Code   RO          842    i.USB_ReadDevInEPInterrupt  stm32f4xx_ll_usb.o
    0x080052ae   0x080052ae   0x00000010   Code   RO          843    i.USB_ReadDevOutEPInterrupt  stm32f4xx_ll_usb.o
    0x080052be   0x080052be   0x00000008   Code   RO          844    i.USB_ReadInterrupts  stm32f4xx_ll_usb.o
    0x080052c6   0x080052c6   0x00000020   Code   RO          845    i.USB_ReadPacket    stm32f4xx_ll_usb.o
    0x080052e6   0x080052e6   0x00000022   Code   RO          848    i.USB_SetDevAddress  stm32f4xx_ll_usb.o
    0x08005308   0x08005308   0x00000028   Code   RO          852    i.USB_WritePacket   stm32f4xx_ll_usb.o
    0x08005330   0x08005330   0x00000014   Code   RO         6132    i.Uart_Recieve_Handler  bsp_uart.o
    0x08005344   0x08005344   0x00000002   Code   RO         4616    i.UsageFault_Handler  stm32f4xx_it.o
    0x08005346   0x08005346   0x00000002   PAD
    0x08005348   0x08005348   0x00000018   Code   RO         5068    i._Error_Handler    main.o
    0x08005360   0x08005360   0x00000030   Code   RO         6440    i.__ARM_fpclassify  m_wm.l(fpclassify.o)
    0x08005390   0x08005390   0x00000360   Code   RO         6325    i.__hardfp_asin     m_wm.l(asin.o)
    0x080056f0   0x080056f0   0x000002d8   Code   RO         6406    i.__hardfp_atan     m_wm.l(atan.o)
    0x080059c8   0x080059c8   0x000001f0   Code   RO         6339    i.__hardfp_atan2    m_wm.l(atan2.o)
    0x08005bb8   0x08005bb8   0x0000007a   Code   RO         6351    i.__hardfp_sqrt     m_wm.l(sqrt.o)
    0x08005c32   0x08005c32   0x000000f8   Code   RO         6442    i.__kernel_poly     m_wm.l(poly.o)
    0x08005d2a   0x08005d2a   0x00000014   Code   RO         6421    i.__mathlib_dbl_infnan  m_wm.l(dunder.o)
    0x08005d3e   0x08005d3e   0x00000014   Code   RO         6422    i.__mathlib_dbl_infnan2  m_wm.l(dunder.o)
    0x08005d52   0x08005d52   0x00000006   PAD
    0x08005d58   0x08005d58   0x00000020   Code   RO         6423    i.__mathlib_dbl_invalid  m_wm.l(dunder.o)
    0x08005d78   0x08005d78   0x00000020   Code   RO         6426    i.__mathlib_dbl_underflow  m_wm.l(dunder.o)
    0x08005d98   0x08005d98   0x0000000e   Code   RO         6493    i.__scatterload_copy  mc_w.l(handlers.o)
    0x08005da6   0x08005da6   0x00000002   Code   RO         6494    i.__scatterload_null  mc_w.l(handlers.o)
    0x08005da8   0x08005da8   0x0000000e   Code   RO         6495    i.__scatterload_zeroinit  mc_w.l(handlers.o)
    0x08005db6   0x08005db6   0x00000002   PAD
    0x08005db8   0x08005db8   0x0000000c   Code   RO         6463    i.__set_errno       mc_w.l(errno.o)
    0x08005dc4   0x08005dc4   0x00000010   Code   RO         6408    i.atan              m_wm.l(atan.o)
    0x08005dd4   0x08005dd4   0x00000018   Code   RO         6436    i.fabs              m_wm.l(fabs.o)
    0x08005dec   0x08005dec   0x00000050   Code   RO         6070    i.gimbal_fdb_update  imu_task.o
    0x08005e3c   0x08005e3c   0x000000f4   Code   RO         5900    i.gimbal_pid_calc   gimbaltask.o
    0x08005f30   0x08005f30   0x00000020   Code   RO         5902    i.gimbalref_to_motorref_handler  gimbaltask.o
    0x08005f50   0x08005f50   0x000004b6   Code   RO         6071    i.imu_AHRS_update   imu_task.o
    0x08006406   0x08006406   0x00000002   PAD
    0x08006408   0x08006408   0x000001d0   Code   RO         6072    i.imu_attitude_update  imu_task.o
    0x080065d8   0x080065d8   0x0000000c   Code   RO         3685    i.inHandlerMode     cmsis_os.o
    0x080065e4   0x080065e4   0x00000170   Code   RO         6073    i.init_quaternion   imu_task.o
    0x08006754   0x08006754   0x0000002c   Code   RO         6074    i.invSqrt           imu_task.o
    0x08006780   0x08006780   0x0000000a   Code   RO         6237    i.ist8310_get_data  bsp_imu.o
    0x0800678a   0x0800678a   0x00000100   Code   RO         6238    i.ist8310_init      bsp_imu.o
    0x0800688a   0x0800688a   0x00000038   Code   RO         6239    i.ist_reg_read_by_mpu  bsp_imu.o
    0x080068c2   0x080068c2   0x00000042   Code   RO         6240    i.ist_reg_write_by_mpu  bsp_imu.o
    0x08006904   0x08006904   0x00000060   Code   RO         5069    i.main              main.o
    0x08006964   0x08006964   0x0000000c   Code   RO         3687    i.makeFreeRtosPriority  cmsis_os.o
    0x08006970   0x08006970   0x00000074   Code   RO         6241    i.mpu_device_init   bsp_imu.o
    0x080069e4   0x080069e4   0x000000d4   Code   RO         6242    i.mpu_get_data      bsp_imu.o
    0x08006ab8   0x08006ab8   0x0000008e   Code   RO         6243    i.mpu_mst_i2c_auto_read_config  bsp_imu.o
    0x08006b46   0x08006b46   0x00000002   PAD
    0x08006b48   0x08006b48   0x000000a8   Code   RO         6244    i.mpu_offset_cal    bsp_imu.o
    0x08006bf0   0x08006bf0   0x00000050   Code   RO         6245    i.mpu_read_reg      bsp_imu.o
    0x08006c40   0x08006c40   0x00000060   Code   RO         6246    i.mpu_read_regs     bsp_imu.o
    0x08006ca0   0x08006ca0   0x00000054   Code   RO         6247    i.mpu_write_reg     bsp_imu.o
    0x08006cf4   0x08006cf4   0x0000000e   Code   RO         3689    i.osDelayUntil      cmsis_os.o
    0x08006d02   0x08006d02   0x0000000a   Code   RO         3691    i.osKernelStart     cmsis_os.o
    0x08006d0c   0x08006d0c   0x00000018   Code   RO         3692    i.osKernelSysTick   cmsis_os.o
    0x08006d24   0x08006d24   0x00000058   Code   RO         3718    i.osSignalSet       cmsis_os.o
    0x08006d7c   0x08006d7c   0x00000056   Code   RO         3719    i.osSignalWait      cmsis_os.o
    0x08006dd2   0x08006dd2   0x00000014   Code   RO         3720    i.osSystickHandler  cmsis_os.o
    0x08006de6   0x08006de6   0x00000038   Code   RO         3721    i.osThreadCreate    cmsis_os.o
    0x08006e1e   0x08006e1e   0x00000002   PAD
    0x08006e20   0x08006e20   0x00000024   Code   RO         3732    i.osTimerCreate     cmsis_os.o
    0x08006e44   0x08006e44   0x0000005c   Code   RO         3734    i.osTimerStart      cmsis_os.o
    0x08006ea0   0x08006ea0   0x00000034   Code   RO         4097    i.prvAddCurrentTaskToDelayedList  tasks.o
    0x08006ed4   0x08006ed4   0x00000060   Code   RO         3589    i.prvCheckForValidListAndQueue  timers.o
    0x08006f34   0x08006f34   0x00000054   Code   RO         4098    i.prvCheckTasksWaitingTermination  tasks.o
    0x08006f88   0x08006f88   0x00000026   Code   RO         3432    i.prvCopyDataFromQueue  queue.o
    0x08006fae   0x08006fae   0x0000006e   Code   RO         3433    i.prvCopyDataToQueue  queue.o
    0x0800701c   0x0800701c   0x0000004c   Code   RO         4030    i.prvHeapInit       heap_4.o
    0x08007068   0x08007068   0x00000028   Code   RO         4099    i.prvIdleTask       tasks.o
    0x08007090   0x08007090   0x0000004c   Code   RO         4031    i.prvInsertBlockIntoFreeList  heap_4.o
    0x080070dc   0x080070dc   0x00000038   Code   RO         3590    i.prvInsertTimerInActiveList  timers.o
    0x08007114   0x08007114   0x000000bc   Code   RO         3591    i.prvProcessReceivedCommands  timers.o
    0x080071d0   0x080071d0   0x000000b8   Code   RO         3592    i.prvProcessTimerOrBlockTask  timers.o
    0x08007288   0x08007288   0x00000020   Code   RO         4101    i.prvResetNextTaskUnblockTime  tasks.o
    0x080072a8   0x080072a8   0x00000028   Code   RO         3593    i.prvSampleTimeNow  timers.o
    0x080072d0   0x080072d0   0x0000006c   Code   RO         3594    i.prvSwitchTimerLists  timers.o
    0x0800733c   0x0800733c   0x00000028   Code   RO         4403    i.prvTaskExitError  port.o
    0x08007364   0x08007364   0x00000024   Code   RO         3595    i.prvTimerTask      timers.o
    0x08007388   0x08007388   0x00000064   Code   RO         3434    i.prvUnlockQueue    queue.o
    0x080073ec   0x080073ec   0x000000d8   Code   RO         4032    i.pvPortMalloc      heap_4.o
    0x080074c4   0x080074c4   0x00000018   Code   RO         4104    i.pvTaskIncrementMutexHeldCount  tasks.o
    0x080074dc   0x080074dc   0x00000028   Code   RO         4404    i.pxPortInitialiseStack  port.o
    0x08007504   0x08007504   0x0000006e   Code   RO         6353    i.sqrt              m_wm.l(sqrt.o)
    0x08007572   0x08007572   0x00000002   PAD
    0x08007574   0x08007574   0x00000098   Code   RO         6133    i.uart_rx_callback  bsp_uart.o
    0x0800760c   0x0800760c   0x00000024   Code   RO         3390    i.uxListRemove      list.o
    0x08007630   0x08007630   0x00000002   Code   RO         4940    i.vApplicationStackOverflowHook  freertos.o
    0x08007632   0x08007632   0x00000016   Code   RO         3391    i.vListInitialise   list.o
    0x08007648   0x08007648   0x00000006   Code   RO         3392    i.vListInitialiseItem  list.o
    0x0800764e   0x0800764e   0x00000030   Code   RO         3393    i.vListInsert       list.o
    0x0800767e   0x0800767e   0x00000018   Code   RO         3394    i.vListInsertEnd    list.o
    0x08007696   0x08007696   0x00000002   PAD
    0x08007698   0x08007698   0x00000040   Code   RO         4406    i.vPortEnterCritical  port.o
    0x080076d8   0x080076d8   0x00000028   Code   RO         4407    i.vPortExitCritical  port.o
    0x08007700   0x08007700   0x0000005c   Code   RO         4033    i.vPortFree         heap_4.o
    0x0800775c   0x0800775c   0x00000020   Code   RO         4408    i.vPortSetupTimerInterrupt  port.o
    0x0800777c   0x0800777c   0x00000054   Code   RO         4409    i.vPortValidateInterruptPriority  port.o
    0x080077d0   0x080077d0   0x00000028   Code   RO         3440    i.vQueueAddToRegistry  queue.o
    0x080077f8   0x080077f8   0x0000003c   Code   RO         3444    i.vQueueWaitForMessageRestricted  queue.o
    0x08007834   0x08007834   0x000000a8   Code   RO         4114    i.vTaskDelayUntil   tasks.o
    0x080078dc   0x080078dc   0x0000000c   Code   RO         4117    i.vTaskMissedYield  tasks.o
    0x080078e8   0x080078e8   0x00000064   Code   RO         4119    i.vTaskPlaceOnEventList  tasks.o
    0x0800794c   0x0800794c   0x00000064   Code   RO         4120    i.vTaskPlaceOnEventListRestricted  tasks.o
    0x080079b0   0x080079b0   0x00000084   Code   RO         4122    i.vTaskPriorityInherit  tasks.o
    0x08007a34   0x08007a34   0x00000024   Code   RO         4126    i.vTaskSetTimeOutState  tasks.o
    0x08007a58   0x08007a58   0x00000070   Code   RO         4127    i.vTaskStartScheduler  tasks.o
    0x08007ac8   0x08007ac8   0x00000010   Code   RO         4129    i.vTaskSuspendAll   tasks.o
    0x08007ad8   0x08007ad8   0x00000074   Code   RO         4130    i.vTaskSwitchContext  tasks.o
    0x08007b4c   0x08007b4c   0x000000e0   Code   RO         4410    i.xPortStartScheduler  port.o
    0x08007c2c   0x08007c2c   0x0000002c   Code   RO         4411    i.xPortSysTickHandler  port.o
    0x08007c58   0x08007c58   0x00000064   Code   RO         3446    i.xQueueGenericCreate  queue.o
    0x08007cbc   0x08007cbc   0x0000016c   Code   RO         3447    i.xQueueGenericReceive  queue.o
    0x08007e28   0x08007e28   0x00000084   Code   RO         3448    i.xQueueGenericReset  queue.o
    0x08007eac   0x08007eac   0x00000160   Code   RO         3449    i.xQueueGenericSend  queue.o
    0x0800800c   0x0800800c   0x000000b6   Code   RO         3450    i.xQueueGenericSendFromISR  queue.o
    0x080080c2   0x080080c2   0x00000002   PAD
    0x080080c4   0x080080c4   0x0000006c   Code   RO         4131    i.xTaskCheckForTimeOut  tasks.o
    0x08008130   0x08008130   0x000001bc   Code   RO         4132    i.xTaskGenericCreate  tasks.o
    0x080082ec   0x080082ec   0x000000cc   Code   RO         4133    i.xTaskGenericNotify  tasks.o
    0x080083b8   0x080083b8   0x000000ec   Code   RO         4134    i.xTaskGenericNotifyFromISR  tasks.o
    0x080084a4   0x080084a4   0x0000001c   Code   RO         4136    i.xTaskGetSchedulerState  tasks.o
    0x080084c0   0x080084c0   0x0000000c   Code   RO         4137    i.xTaskGetTickCount  tasks.o
    0x080084cc   0x080084cc   0x00000010   Code   RO         4138    i.xTaskGetTickCountFromISR  tasks.o
    0x080084dc   0x080084dc   0x000000cc   Code   RO         4139    i.xTaskIncrementTick  tasks.o
    0x080085a8   0x080085a8   0x000000b8   Code   RO         4141    i.xTaskNotifyWait   tasks.o
    0x08008660   0x08008660   0x00000098   Code   RO         4142    i.xTaskPriorityDisinherit  tasks.o
    0x080086f8   0x080086f8   0x00000074   Code   RO         4143    i.xTaskRemoveFromEventList  tasks.o
    0x0800876c   0x0800876c   0x000000c4   Code   RO         4145    i.xTaskResumeAll    tasks.o
    0x08008830   0x08008830   0x00000048   Code   RO         3598    i.xTimerCreate      timers.o
    0x08008878   0x08008878   0x0000004c   Code   RO         3599    i.xTimerCreateTimerTask  timers.o
    0x080088c4   0x080088c4   0x00000060   Code   RO         3600    i.xTimerGenericCommand  timers.o
    0x08008924   0x08008924   0x00000010   Data   RO          717    .constdata          stm32f4xx_hal_rcc.o
    0x08008934   0x08008934   0x00000008   Data   RO         1206    .constdata          stm32f4xx_hal_dma.o
    0x0800893c   0x0800893c   0x00000058   Data   RO         4941    .constdata          freertos.o
    0x08008994   0x08008994   0x0000000e   Data   RO         6249    .constdata          bsp_imu.o
    0x080089a2   0x080089a2   0x00000006   PAD
    0x080089a8   0x080089a8   0x00000050   Data   RO         6328    .constdata          m_wm.l(asin.o)
    0x080089f8   0x080089f8   0x00000098   Data   RO         6409    .constdata          m_wm.l(atan.o)
    0x08008a90   0x08008a90   0x00000008   Data   RO         6444    .constdata          m_wm.l(qnan.o)
    0x08008a98   0x08008a98   0x0000004a   Data   RO         4942    .conststring        freertos.o
    0x08008ae2   0x08008ae2   0x00000002   PAD
    0x08008ae4   0x08008ae4   0x00000020   Data   RO         6491    Region$$Table       anon$$obj.o


    Execution Region RW_IRAM1 (Exec base: 0x20000000, Load base: 0x08008b04, Size: 0x00004f90, Max: 0x00030000, ABSOLUTE, COMPRESSED[0x00000030])

    Exec Addr    Load Addr    Size         Type   Attr      Idx    E Section Name        Object

    0x20000000   COMPRESSED   0x00000004   Data   RW          217    .data               stm32f4xx_hal.o
    0x20000004   COMPRESSED   0x00000004   Data   RW         3248    .data               system_stm32f4xx.o
    0x20000008   COMPRESSED   0x00000010   Data   RW         3603    .data               timers.o
    0x20000018   COMPRESSED   0x00000018   Data   RW         4038    .data               heap_4.o
    0x20000030   COMPRESSED   0x00000038   Data   RW         4148    .data               tasks.o
    0x20000068   COMPRESSED   0x0000000c   Data   RW         4412    .data               port.o
    0x20000074   COMPRESSED   0x00000018   Data   RW         4943    .data               freertos.o
    0x2000008c   COMPRESSED   0x00000001   Data   RW         5642    .data               usbd_ctlreq.o
    0x2000008d   COMPRESSED   0x00000003   PAD
    0x20000090   COMPRESSED   0x00000008   Data   RW         5806    .data               canmsgtask.o
    0x20000098   COMPRESSED   0x00000154   Data   RW         5841    .data               chassistask.o
    0x200001ec   COMPRESSED   0x000000c6   Data   RW         5904    .data               gimbaltask.o
    0x200002b2   COMPRESSED   0x00000001   Data   RW         5968    .data               remotemsgtask.o
    0x200002b3   COMPRESSED   0x00000001   PAD
    0x200002b4   COMPRESSED   0x00000008   Data   RW         6027    .data               shoottask.o
    0x200002bc   COMPRESSED   0x0000005c   Data   RW         6077    .data               imu_task.o
    0x20000318   COMPRESSED   0x00000008   Data   RW         6180    .data               bsp_can.o
    0x20000320   COMPRESSED   0x00000002   Data   RW         6250    .data               bsp_imu.o
    0x20000322   COMPRESSED   0x00000002   PAD
    0x20000324   COMPRESSED   0x00000004   Data   RW         6464    .data               mc_w.l(errno.o)
    0x20000328        -       0x00000040   Zero   RW         3456    .bss                queue.o
    0x20000368        -       0x00000028   Zero   RW         3602    .bss                timers.o
    0x20000390        -       0x00003c00   Zero   RW         4037    .bss                heap_4.o
    0x20003f90        -       0x000000f0   Zero   RW         4147    .bss                tasks.o
    0x20004080        -       0x0000003c   Zero   RW         4562    .bss                stm32f4xx_hal_timebase_tim.o
    0x200040bc        -       0x000003b8   Zero   RW         4779    .bss                usbd_conf.o
    0x20004474        -       0x00000080   Zero   RW         5224    .bss                can.o
    0x200044f4        -       0x00000058   Zero   RW         5295    .bss                spi.o
    0x2000454c        -       0x000003a0   Zero   RW         5340    .bss                usart.o
    0x200048ec        -       0x0000003c   Zero   RW         5397    .bss                tim.o
    0x20004928        -       0x0000000d   Zero   RW         5840    .bss                chassistask.o
    0x20004935        -       0x00000011   Zero   RW         5903    .bss                gimbaltask.o
    0x20004946        -       0x00000015   Zero   RW         6023    .bss                shoottask.o
    0x2000495b        -       0x00000053   Zero   RW         6024    .bss                shoottask.o
    0x200049ae        -       0x00000053   Zero   RW         6025    .bss                shoottask.o
    0x20004a01        -       0x00000053   Zero   RW         6026    .bss                shoottask.o
    0x20004a54        -       0x00000074   Zero   RW         6075    .bss                imu_task.o
    0x20004ac8        -       0x00000026   Zero   RW         6134    .bss                bsp_uart.o
    0x20004aee   COMPRESSED   0x00000002   PAD
    0x20004af0        -       0x00000080   Zero   RW         6179    .bss                bsp_can.o
    0x20004b70        -       0x0000001c   Zero   RW         6248    .bss                bsp_imu.o
    0x20004b8c   COMPRESSED   0x00000004   PAD
    0x20004b90        -       0x00000400   Zero   RW            1    STACK               startup_stm32f427xx.o


==============================================================================

Image component sizes


      Code (inc. data)   RO Data    RW Data    ZI Data      Debug   Object Name

       828        114          0          8        128       5222   bsp_can.o
      1286         82         14          2         28       8167   bsp_imu.o
       200         32          0          0         38       3360   bsp_uart.o
       340         74          0          0        128       2370   can.o
       352         40          0          8          0        946   canmsgtask.o
       660         86          0        340         13       4685   chassistask.o
       450         16          0          0          0      22435   cmsis_os.o
         0          0          0          0          0       3280   croutine.o
        44          4          0          0          0        798   dma.o
         0          0          0          0          0      14464   event_groups.o
       150          8        162         24          0      10101   freertos.o
       512         78          0        198         17       4135   gimbaltask.o
       256         22          0          0          0       1167   gpio.o
       460         24          0         24      15360       4903   heap_4.o
      2222        158          0         92        116       6874   imu_task.o
       136          0          0          0          0       8758   list.o
       324         48          0          0          0       2953   main.o
       754         84          0         12          0       9529   port.o
      1478         22          0          0         64      16389   queue.o
       530        106          0          1          0       4578   remotemsgtask.o
       140         38          0          8        270       2182   shoottask.o
       168         38          0          0         88       1697   spi.o
        36          8        428          0       1024        856   startup_stm32f427xx.o
       102         16          0          4          0       3700   stm32f4xx_hal.o
      1874         38          0          0          0       8012   stm32f4xx_hal_can.o
       218         14          0          0          0      31189   stm32f4xx_hal_cortex.o
      1058         22          8          0          0       6895   stm32f4xx_hal_dma.o
       478         52          0          0          0       3237   stm32f4xx_hal_gpio.o
        88          0          0          0          0        546   stm32f4xx_hal_msp.o
      1880         72          0          0          0       8691   stm32f4xx_hal_pcd.o
         0          0          0          0          0     363288   stm32f4xx_hal_pwr_ex.o
      1408         90         16          0          0       6760   stm32f4xx_hal_rcc.o
       782          0          0          0          0       4525   stm32f4xx_hal_spi.o
       636         44          0          0          0       6703   stm32f4xx_hal_tim.o
        84          0          0          0          0       2502   stm32f4xx_hal_tim_ex.o
       116         16          0          0         60       1512   stm32f4xx_hal_timebase_tim.o
      1210         20          0          0          0       8447   stm32f4xx_hal_uart.o
       148         66          0          0          0      12338   stm32f4xx_it.o
      1588         20          0          0          0      13952   stm32f4xx_ll_usb.o
        84         18          0          4          0       1173   system_stm32f4xx.o
      2924        236          0         56        240      27949   tasks.o
       120         34          0          0         60       1598   tim.o
       952         82          0         16         40      16150   timers.o
      1112        172          0          0        928       4490   usart.o
       410          4          0          0        952      11835   usbd_conf.o
       558          0          0          0          0      10208   usbd_core.o
       916         30          0          1          0       7287   usbd_ctlreq.o
         0          0          0          0          0       4384   usbd_desc.o
       102          0          0          0          0       3932   usbd_ioreq.o

    ----------------------------------------------------------------------
     30220       2128        668        804      19560     711152   Object Totals
         0          0         32          0          0          0   (incl. Generated)
        46          0          8          6          6          0   (incl. Padding)

    ----------------------------------------------------------------------

      Code (inc. data)   RO Data    RW Data    ZI Data      Debug   Library Member Name

       864         94         80          0          0        280   asin.o
       744        106        152          0          0        352   atan.o
       496         64          0          0          0        192   atan2.o
       104         16          0          0          0        496   dunder.o
        24          0          0          0          0        124   fabs.o
        48          0          0          0          0        124   fpclassify.o
       248          0          0          0          0        152   poly.o
         0          0          8          0          0          0   qnan.o
       232          0          0          0          0        296   sqrt.o
        86          0          0          0          0          0   __dczerorl2.o
         0          0          0          0          0          0   entry.o
         0          0          0          0          0          0   entry10a.o
         0          0          0          0          0          0   entry11a.o
         8          4          0          0          0          0   entry2.o
         4          0          0          0          0          0   entry5.o
         0          0          0          0          0          0   entry7b.o
         0          0          0          0          0          0   entry8b.o
         8          4          0          0          0          0   entry9a.o
        12          6          0          4          0         68   errno.o
        30          0          0          0          0          0   handlers.o
        36          8          0          0          0         68   init.o
         0          0          0          0          0          0   iusefp.o
        30          0          0          0          0         68   llshl.o
        36          0          0          0          0         68   llsshr.o
        32          0          0          0          0         68   llushr.o
        36          0          0          0          0         68   memcpya.o
        36          0          0          0          0        108   memseta.o
        56          0          0          0          0         88   d2f.o
       334          0          0          0          0        148   dadd.o
       222          0          0          0          0        100   ddiv.o
       186          0          0          0          0        176   depilogue.o
       228          0          0          0          0         96   dmul.o
       162          0          0          0          0        100   dsqrt.o
        38          0          0          0          0         68   f2d.o
       110          0          0          0          0        168   fepilogue.o

    ----------------------------------------------------------------------
      4460        302        240          4          0       3476   Library Totals
        10          0          0          0          0          0   (incl. Padding)

    ----------------------------------------------------------------------

      Code (inc. data)   RO Data    RW Data    ZI Data      Debug   Library Name

      2760        280        240          0          0       2016   m_wm.l
       354         22          0          4          0        516   mc_w.l
      1336          0          0          0          0        944   mf_w.l

    ----------------------------------------------------------------------
      4460        302        240          4          0       3476   Library Totals

    ----------------------------------------------------------------------

==============================================================================


      Code (inc. data)   RO Data    RW Data    ZI Data      Debug   

     34680       2430        908        808      19560     684788   Grand Totals
     34680       2430        908         48      19560     684788   ELF Image Totals (compressed)
     34680       2430        908         48          0          0   ROM Totals

==============================================================================

    Total RO  Size (Code + RO Data)                35588 (  34.75kB)
    Total RW  Size (RW Data + ZI Data)             20368 (  19.89kB)
    Total ROM Size (Code + RO Data + RW Data)      35636 (  34.80kB)

==============================================================================

