Component: ARM Compiler 5.06 update 4 (build 422) Tool: armlink [4d35d2]

==============================================================================

Section Cross References

    startup_stm32f427xx.o(RESET) refers to startup_stm32f427xx.o(STACK) for __initial_sp
    startup_stm32f427xx.o(RESET) refers to startup_stm32f427xx.o(.text) for Reset_Handler
    startup_stm32f427xx.o(RESET) refers to stm32f4xx_it.o(i.NMI_Handler) for NMI_Handler
    startup_stm32f427xx.o(RESET) refers to stm32f4xx_it.o(i.HardFault_Handler) for HardFault_Handler
    startup_stm32f427xx.o(RESET) refers to stm32f4xx_it.o(i.MemManage_Handler) for MemManage_Handler
    startup_stm32f427xx.o(RESET) refers to stm32f4xx_it.o(i.BusFault_Handler) for BusFault_Handler
    startup_stm32f427xx.o(RESET) refers to stm32f4xx_it.o(i.UsageFault_Handler) for UsageFault_Handler
    startup_stm32f427xx.o(RESET) refers to port.o(.emb_text) for SVC_Handler
    startup_stm32f427xx.o(RESET) refers to stm32f4xx_it.o(i.DebugMon_Handler) for DebugMon_Handler
    startup_stm32f427xx.o(RESET) refers to stm32f4xx_it.o(i.SysTick_Handler) for SysTick_Handler
    startup_stm32f427xx.o(RESET) refers to stm32f4xx_it.o(i.CAN1_TX_IRQHandler) for CAN1_TX_IRQHandler
    startup_stm32f427xx.o(RESET) refers to stm32f4xx_it.o(i.CAN1_RX0_IRQHandler) for CAN1_RX0_IRQHandler
    startup_stm32f427xx.o(RESET) refers to stm32f4xx_it.o(i.TIM1_UP_TIM10_IRQHandler) for TIM1_UP_TIM10_IRQHandler
    startup_stm32f427xx.o(RESET) refers to stm32f4xx_it.o(i.USART1_IRQHandler) for USART1_IRQHandler
    startup_stm32f427xx.o(RESET) refers to stm32f4xx_it.o(i.DMA2_Stream2_IRQHandler) for DMA2_Stream2_IRQHandler
    startup_stm32f427xx.o(RESET) refers to stm32f4xx_it.o(i.CAN2_TX_IRQHandler) for CAN2_TX_IRQHandler
    startup_stm32f427xx.o(RESET) refers to stm32f4xx_it.o(i.CAN2_RX0_IRQHandler) for CAN2_RX0_IRQHandler
    startup_stm32f427xx.o(RESET) refers to stm32f4xx_it.o(i.OTG_FS_IRQHandler) for OTG_FS_IRQHandler
    startup_stm32f427xx.o(.text) refers to system_stm32f4xx.o(i.SystemInit) for SystemInit
    startup_stm32f427xx.o(.text) refers to entry.o(.ARM.Collect$$$$00000000) for __main
    stm32f4xx_hal_pwr_ex.o(i.HAL_PWREx_ControlVoltageScaling) refers to stm32f4xx_hal.o(i.HAL_GetTick) for HAL_GetTick
    stm32f4xx_hal_pwr_ex.o(i.HAL_PWREx_DisableBkUpReg) refers to stm32f4xx_hal.o(i.HAL_GetTick) for HAL_GetTick
    stm32f4xx_hal_pwr_ex.o(i.HAL_PWREx_DisableOverDrive) refers to stm32f4xx_hal.o(i.HAL_GetTick) for HAL_GetTick
    stm32f4xx_hal_pwr_ex.o(i.HAL_PWREx_EnableBkUpReg) refers to stm32f4xx_hal.o(i.HAL_GetTick) for HAL_GetTick
    stm32f4xx_hal_pwr_ex.o(i.HAL_PWREx_EnableOverDrive) refers to stm32f4xx_hal.o(i.HAL_GetTick) for HAL_GetTick
    stm32f4xx_hal_pwr_ex.o(i.HAL_PWREx_EnterUnderDriveSTOPMode) refers to stm32f4xx_hal.o(i.HAL_GetTick) for HAL_GetTick
    stm32f4xx_hal.o(i.HAL_DeInit) refers to stm32f4xx_hal.o(i.HAL_MspDeInit) for HAL_MspDeInit
    stm32f4xx_hal.o(i.HAL_Delay) refers to stm32f4xx_hal.o(i.HAL_GetTick) for HAL_GetTick
    stm32f4xx_hal.o(i.HAL_GetTick) refers to stm32f4xx_hal.o(.data) for .data
    stm32f4xx_hal.o(i.HAL_IncTick) refers to stm32f4xx_hal.o(.data) for .data
    stm32f4xx_hal.o(i.HAL_Init) refers to stm32f4xx_hal_cortex.o(i.HAL_NVIC_SetPriorityGrouping) for HAL_NVIC_SetPriorityGrouping
    stm32f4xx_hal.o(i.HAL_Init) refers to stm32f4xx_hal_timebase_tim.o(i.HAL_InitTick) for HAL_InitTick
    stm32f4xx_hal.o(i.HAL_Init) refers to stm32f4xx_hal_msp.o(i.HAL_MspInit) for HAL_MspInit
    stm32f4xx_hal.o(i.HAL_InitTick) refers to stm32f4xx_hal_cortex.o(i.HAL_SYSTICK_Config) for HAL_SYSTICK_Config
    stm32f4xx_hal.o(i.HAL_InitTick) refers to stm32f4xx_hal_cortex.o(i.HAL_NVIC_SetPriority) for HAL_NVIC_SetPriority
    stm32f4xx_hal.o(i.HAL_InitTick) refers to system_stm32f4xx.o(.data) for SystemCoreClock
    stm32f4xx_hal_rcc_ex.o(i.HAL_RCCEx_PeriphCLKConfig) refers to stm32f4xx_hal.o(i.HAL_GetTick) for HAL_GetTick
    stm32f4xx_hal_rcc_ex.o(i.HAL_RCC_DeInit) refers to system_stm32f4xx.o(.data) for SystemCoreClock
    stm32f4xx_hal_dma_ex.o(i.HAL_DMAEx_MultiBufferStart) refers to stm32f4xx_hal_dma_ex.o(i.DMA_MultiBufferSetConfig) for DMA_MultiBufferSetConfig
    stm32f4xx_hal_dma_ex.o(i.HAL_DMAEx_MultiBufferStart_IT) refers to stm32f4xx_hal_dma_ex.o(i.DMA_MultiBufferSetConfig) for DMA_MultiBufferSetConfig
    stm32f4xx_hal_pwr.o(i.HAL_PWR_PVD_IRQHandler) refers to stm32f4xx_hal_pwr.o(i.HAL_PWR_PVDCallback) for HAL_PWR_PVDCallback
    stm32f4xx_hal_cortex.o(i.HAL_NVIC_SetPriority) refers to stm32f4xx_hal_cortex.o(i.NVIC_SetPriority) for NVIC_SetPriority
    stm32f4xx_hal_cortex.o(i.HAL_SYSTICK_Config) refers to stm32f4xx_hal_cortex.o(i.NVIC_SetPriority) for NVIC_SetPriority
    stm32f4xx_hal_cortex.o(i.HAL_SYSTICK_IRQHandler) refers to stm32f4xx_hal_cortex.o(i.HAL_SYSTICK_Callback) for HAL_SYSTICK_Callback
    stm32f4xx_hal_rcc.o(i.HAL_RCC_ClockConfig) refers to stm32f4xx_hal.o(i.HAL_GetTick) for HAL_GetTick
[...]
    i.HAL_UART_DMAStop                       0x0800207e   Section        0  stm32f4xx_hal_uart.o(i.HAL_UART_DMAStop)
    i.HAL_UART_ErrorCallback                 0x080020d6   Section        0  stm32f4xx_hal_uart.o(i.HAL_UART_ErrorCallback)
    i.HAL_UART_Init                          0x080020d8   Section        0  stm32f4xx_hal_uart.o(i.HAL_UART_Init)
    i.HAL_UART_MspInit                       0x0800213c   Section        0  usart.o(i.HAL_UART_MspInit)
    i.HAL_UART_Receive_DMA                   0x0800245c   Section        0  stm32f4xx_hal_uart.o(i.HAL_UART_Receive_DMA)
    i.HAL_UART_RxCpltCallback                0x080024ec   Section        0  stm32f4xx_hal_uart.o(i.HAL_UART_RxCpltCallback)
    i.HAL_UART_RxHalfCpltCallback            0x080024ee   Section        0  stm32f4xx_hal_uart.o(i.HAL_UART_RxHalfCpltCallback)
    i.HardFault_Handler                      0x080024f0   Section        0  stm32f4xx_it.o(i.HardFault_Handler)
    i.IMU_TaskStart                          0x080024f2   Section        0  imu_task.o(i.IMU_TaskStart)
    i.MX_CAN1_Init                           0x080024f4   Section        0  can.o(i.MX_CAN1_Init)
    i.MX_CAN2_Init                           0x0800254c   Section        0  can.o(i.MX_CAN2_Init)
    i.MX_DMA_Init                            0x080025a8   Section        0  dma.o(i.MX_DMA_Init)
    i.MX_FREERTOS_Init                       0x080025d4   Section        0  freertos.o(i.MX_FREERTOS_Init)
    i.MX_GPIO_Init                           0x08002668   Section        0  gpio.o(i.MX_GPIO_Init)
    i.MX_SPI5_Init                           0x08002740   Section        0  spi.o(i.MX_SPI5_Init)
    i.MX_TIM6_Init                           0x0800279c   Section        0  tim.o(i.MX_TIM6_Init)
    i.MX_USART1_UART_Init                    0x080027ec   Section        0  usart.o(i.MX_USART1_UART_Init)
    i.MX_USART2_UART_Init                    0x08002840   Section        0  usart.o(i.MX_USART2_UART_Init)
    i.MX_USART3_UART_Init                    0x0800288c   Section        0  usart.o(i.MX_USART3_UART_Init)
    i.MX_USART6_UART_Init                    0x080028d8   Section        0  usart.o(i.MX_USART6_UART_Init)
    i.MemManage_Handler                      0x08002924   Section        0  stm32f4xx_it.o(i.MemManage_Handler)
    i.NMI_Handler                            0x08002926   Section        0  stm32f4xx_it.o(i.NMI_Handler)
    i.NVIC_SetPriority                       0x08002928   Section        0  stm32f4xx_hal_cortex.o(i.NVIC_SetPriority)
    NVIC_SetPriority                         0x08002929   Thumb Code    32  stm32f4xx_hal_cortex.o(i.NVIC_SetPriority)
    i.OTG_FS_IRQHandler                      0x08002948   Section        0  stm32f4xx_it.o(i.OTG_FS_IRQHandler)
    i.PCD_WriteEmptyTxFifo                   0x08002954   Section        0  stm32f4xx_hal_pcd.o(i.PCD_WriteEmptyTxFifo)
    PCD_WriteEmptyTxFifo                     0x08002955   Thumb Code   136  stm32f4xx_hal_pcd.o(i.PCD_WriteEmptyTxFifo)
    i.RemoteMsg_Receive_Init                 0x080029dc   Section        0  bsp_uart.o(i.RemoteMsg_Receive_Init)
    i.RemoteMsg_Receive_ModeSw_TaskStart     0x080029f8   Section        0  remotemsgtask.o(i.RemoteMsg_Receive_ModeSw_TaskStart)
    i.RemoteMsg_decode_handler               0x08002a6c   Section        0  remotemsgtask.o(i.RemoteMsg_decode_handler)
    i.Remote_Mode_Select                     0x08002af0   Section        0  remotemsgtask.o(i.Remote_Mode_Select)
    i.Shoot_TaskStart                        0x08002b48   Section        0  shoottask.o(i.Shoot_TaskStart)
    i.SysTick_Handler                        0x08002b4a   Section        0  stm32f4xx_it.o(i.SysTick_Handler)
    i.SystemClock_Config                     0x08002b50   Section        0  main.o(i.SystemClock_Config)
    i.SystemInit                             0x08002c08   Section        0  system_stm32f4xx.o(i.SystemInit)
    i.TIM1_UP_TIM10_IRQHandler               0x08002c5c   Section        0  stm32f4xx_it.o(i.TIM1_UP_TIM10_IRQHandler)
    i.TIM_Base_SetConfig                     0x08002c68   Section        0  stm32f4xx_hal_tim.o(i.TIM_Base_SetConfig)
    i.UART_DMAError                          0x08002d28   Section        0  stm32f4xx_hal_uart.o(i.UART_DMAError)
    UART_DMAError                            0x08002d29   Thumb Code    74  stm32f4xx_hal_uart.o(i.UART_DMAError)
    i.UART_DMAReceiveCplt                    0x08002d72   Section        0  stm32f4xx_hal_uart.o(i.UART_DMAReceiveCplt)
    UART_DMAReceiveCplt                      0x08002d73   Thumb Code    60  stm32f4xx_hal_uart.o(i.UART_DMAReceiveCplt)
    i.UART_DMARxHalfCplt                     0x08002dae   Section        0  stm32f4xx_hal_uart.o(i.UART_DMARxHalfCplt)
    UART_DMARxHalfCplt                       0x08002daf   Thumb Code    10  stm32f4xx_hal_uart.o(i.UART_DMARxHalfCplt)
    i.UART_EndRxTransfer                     0x08002db8   Section        0  stm32f4xx_hal_uart.o(i.UART_EndRxTransfer)
    UART_EndRxTransfer                       0x08002db9   Thumb Code    28  stm32f4xx_hal_uart.o(i.UART_EndRxTransfer)
    i.UART_EndTxTransfer                     0x08002dd4   Section        0  stm32f4xx_hal_uart.o(i.UART_EndTxTransfer)
    UART_EndTxTransfer                       0x08002dd5   Thumb Code    18  stm32f4xx_hal_uart.o(i.UART_EndTxTransfer)
    i.UART_SetConfig                         0x08002de8   Section        0  stm32f4xx_hal_uart.o(i.UART_SetConfig)
    UART_SetConfig                           0x08002de9   Thumb Code   676  stm32f4xx_hal_uart.o(i.UART_SetConfig)
    i.USART1_IRQHandler                      0x08003094   Section        0  stm32f4xx_it.o(i.USART1_IRQHandler)
    i.USBD_ClrClassConfig                    0x080030a0   Section        0  usbd_core.o(i.USBD_ClrClassConfig)
    i.USBD_CtlContinueRx                     0x080030ae   Section        0  usbd_ioreq.o(i.USBD_CtlContinueRx)
    i.USBD_CtlContinueSendData               0x080030be   Section        0  usbd_ioreq.o(i.USBD_CtlContinueSendData)
    i.USBD_CtlError                          0x080030ce   Section        0  usbd_ctlreq.o(i.USBD_CtlError)
    i.USBD_CtlReceiveStatus                  0x080030e4   Section        0  usbd_ioreq.o(i.USBD_CtlReceiveStatus)
    i.USBD_CtlSendData                       0x080030fa   Section        0  usbd_ioreq.o(i.USBD_CtlSendData)
    i.USBD_CtlSendStatus                     0x08003114   Section        0  usbd_ioreq.o(i.USBD_CtlSendStatus)
    i.USBD_GetDescriptor                     0x0800312a   Section        0  usbd_ctlreq.o(i.USBD_GetDescriptor)
    USBD_GetDescriptor                       0x0800312b   Thumb Code   224  usbd_ctlreq.o(i.USBD_GetDescriptor)
    i.USBD_LL_ClearStallEP                   0x0800320a   Section        0  usbd_conf.o(i.USBD_LL_ClearStallEP)
    i.USBD_LL_DataInStage                    0x0800322a   Section        0  usbd_core.o(i.USBD_LL_DataInStage)
    i.USBD_LL_DataOutStage                   0x080032d4   Section        0  usbd_core.o(i.USBD_LL_DataOutStage)
    i.USBD_LL_DevConnected                   0x0800333e   Section        0  usbd_core.o(i.USBD_LL_DevConnected)
    i.USBD_LL_DevDisconnected                0x08003342   Section        0  usbd_core.o(i.USBD_LL_DevDisconnected)
    i.USBD_LL_IsStallEP                      0x08003358   Section        0  usbd_conf.o(i.USBD_LL_IsStallEP)
    i.USBD_LL_IsoINIncomplete                0x08003378   Section        0  usbd_core.o(i.USBD_LL_IsoINIncomplete)
    i.USBD_LL_IsoOUTIncomplete               0x0800337c   Section        0  usbd_core.o(i.USBD_LL_IsoOUTIncomplete)
    i.USBD_LL_OpenEP                         0x08003380   Section        0  usbd_conf.o(i.USBD_LL_OpenEP)
    i.USBD_LL_PrepareReceive                 0x080033a6   Section        0  usbd_conf.o(i.USBD_LL_PrepareReceive)
    i.USBD_LL_Reset                          0x080033c6   Section        0  usbd_core.o(i.USBD_LL_Reset)
    i.USBD_LL_Resume                         0x08003404   Section        0  usbd_core.o(i.USBD_LL_Resume)
    i.USBD_LL_SOF                            0x08003410   Section        0  usbd_core.o(i.USBD_LL_SOF)
    i.USBD_LL_SetSpeed                       0x08003428   Section        0  usbd_core.o(i.USBD_LL_SetSpeed)
    i.USBD_LL_SetUSBAddress                  0x0800342e   Section        0  usbd_conf.o(i.USBD_LL_SetUSBAddress)
    i.USBD_LL_SetupStage                     0x0800344e   Section        0  usbd_core.o(i.USBD_LL_SetupStage)
    i.USBD_LL_StallEP                        0x080034a8   Section        0  usbd_conf.o(i.USBD_LL_StallEP)
    i.USBD_LL_Suspend                        0x080034c8   Section        0  usbd_core.o(i.USBD_LL_Suspend)
    i.USBD_LL_Transmit                       0x080034da   Section        0  usbd_conf.o(i.USBD_LL_Transmit)
    i.USBD_ParseSetupRequest                 0x080034fa   Section        0  usbd_ctlreq.o(i.USBD_ParseSetupRequest)
    i.USBD_SetClassConfig                    0x08003522   Section        0  usbd_core.o(i.USBD_SetClassConfig)
    i.USBD_SetConfig                         0x08003538   Section        0  usbd_ctlreq.o(i.USBD_SetConfig)
    USBD_SetConfig                           0x08003539   Thumb Code   110  usbd_ctlreq.o(i.USBD_SetConfig)
    i.USBD_StdDevReq                         0x080035ac   Section        0  usbd_ctlreq.o(i.USBD_StdDevReq)
    i.USBD_StdEPReq                          0x0800369e   Section        0  usbd_ctlreq.o(i.USBD_StdEPReq)
    i.USBD_StdItfReq                         0x0800377a   Section        0  usbd_ctlreq.o(i.USBD_StdItfReq)
    i.USB_ActivateEndpoint                   0x080037b0   Section        0  stm32f4xx_ll_usb.o(i.USB_ActivateEndpoint)
    i.USB_ActivateSetup                      0x08003830   Section        0  stm32f4xx_ll_usb.o(i.USB_ActivateSetup)
    i.USB_EP0StartXfer                       0x08003864   Section        0  stm32f4xx_ll_usb.o(i.USB_EP0StartXfer)
    i.USB_EP0_OutStart                       0x080039a4   Section        0  stm32f4xx_ll_usb.o(i.USB_EP0_OutStart)
    i.USB_EPClearStall                       0x080039e2   Section        0  stm32f4xx_ll_usb.o(i.USB_EPClearStall)
    i.USB_EPSetStall                         0x08003a46   Section        0  stm32f4xx_ll_usb.o(i.USB_EPSetStall)
    i.USB_EPStartXfer                        0x08003aa4   Section        0  stm32f4xx_ll_usb.o(i.USB_EPStartXfer)
    i.USB_FlushTxFifo                        0x08003cc0   Section        0  stm32f4xx_ll_usb.o(i.USB_FlushTxFifo)
    i.USB_GetDevSpeed                        0x08003ce4   Section        0  stm32f4xx_ll_usb.o(i.USB_GetDevSpeed)
    i.USB_GetMode                            0x08003d20   Section        0  stm32f4xx_ll_usb.o(i.USB_GetMode)
    i.USB_ReadDevAllInEpInterrupt            0x08003d28   Section        0  stm32f4xx_ll_usb.o(i.USB_ReadDevAllInEpInterrupt)
    i.USB_ReadDevAllOutEpInterrupt           0x08003d36   Section        0  stm32f4xx_ll_usb.o(i.USB_ReadDevAllOutEpInterrupt)
    i.USB_ReadDevInEPInterrupt               0x08003d44   Section        0  stm32f4xx_ll_usb.o(i.USB_ReadDevInEPInterrupt)
    i.USB_ReadDevOutEPInterrupt              0x08003d62   Section        0  stm32f4xx_ll_usb.o(i.USB_ReadDevOutEPInterrupt)
    i.USB_ReadInterrupts                     0x08003d72   Section        0  stm32f4xx_ll_usb.o(i.USB_ReadInterrupts)
    i.USB_ReadPacket                         0x08003d7a   Section        0  stm32f4xx_ll_usb.o(i.USB_ReadPacket)
    i.USB_SetDevAddress                      0x08003d9a   Section        0  stm32f4xx_ll_usb.o(i.USB_SetDevAddress)
    i.USB_WritePacket                        0x08003dbc   Section        0  stm32f4xx_ll_usb.o(i.USB_WritePacket)
    i.Uart_Recieve_Handler                   0x08003de4   Section        0  bsp_uart.o(i.Uart_Recieve_Handler)
    i.UsageFault_Handler                     0x08003df8   Section        0  stm32f4xx_it.o(i.UsageFault_Handler)
    i._Error_Handler                         0x08003dfc   Section        0  main.o(i._Error_Handler)
    i.__scatterload_copy                     0x08003e14   Section       14  handlers.o(i.__scatterload_copy)
    i.__scatterload_null                     0x08003e22   Section        2  handlers.o(i.__scatterload_null)
    i.__scatterload_zeroinit                 0x08003e24   Section       14  handlers.o(i.__scatterload_zeroinit)
    i.inHandlerMode                          0x08003e32   Section        0  cmsis_os.o(i.inHandlerMode)
    inHandlerMode                            0x08003e33   Thumb Code    12  cmsis_os.o(i.inHandlerMode)
    i.main                                   0x08003e3e   Section        0  main.o(i.main)
    i.makeFreeRtosPriority                   0x08003e7c   Section        0  cmsis_os.o(i.makeFreeRtosPriority)
    makeFreeRtosPriority                     0x08003e7d   Thumb Code    12  cmsis_os.o(i.makeFreeRtosPriority)
    i.osKernelStart                          0x08003e88   Section        0  cmsis_os.o(i.osKernelStart)
    i.osSignalSet                            0x08003e94   Section        0  cmsis_os.o(i.osSignalSet)
    i.osSignalWait                           0x08003eec   Section        0  cmsis_os.o(i.osSignalWait)
    i.osSystickHandler                       0x08003f42   Section        0  cmsis_os.o(i.osSystickHandler)
    i.osThreadCreate                         0x08003f56   Section        0  cmsis_os.o(i.osThreadCreate)
    i.osTimerCreate                          0x08003f8e   Section        0  cmsis_os.o(i.osTimerCreate)
    i.prvAddCurrentTaskToDelayedList         0x08003f94   Section        0  tasks.o(i.prvAddCurrentTaskToDelayedList)
    prvAddCurrentTaskToDelayedList           0x08003f95   Thumb Code    48  tasks.o(i.prvAddCurrentTaskToDelayedList)
    i.prvCheckTasksWaitingTermination        0x08003fc8   Section        0  tasks.o(i.prvCheckTasksWaitingTermination)
    prvCheckTasksWaitingTermination          0x08003fc9   Thumb Code    76  tasks.o(i.prvCheckTasksWaitingTermination)
    i.prvHeapInit                            0x0800401c   Section        0  heap_4.o(i.prvHeapInit)
    prvHeapInit                              0x0800401d   Thumb Code    66  heap_4.o(i.prvHeapInit)
    i.prvIdleTask                            0x08004068   Section        0  tasks.o(i.prvIdleTask)
    prvIdleTask                              0x08004069   Thumb Code    30  tasks.o(i.prvIdleTask)
    i.prvInsertBlockIntoFreeList             0x08004090   Section        0  heap_4.o(i.prvInsertBlockIntoFreeList)
    prvInsertBlockIntoFreeList               0x08004091   Thumb Code    72  heap_4.o(i.prvInsertBlockIntoFreeList)
    i.prvResetNextTaskUnblockTime            0x080040dc   Section        0  tasks.o(i.prvResetNextTaskUnblockTime)
    prvResetNextTaskUnblockTime              0x080040dd   Thumb Code    26  tasks.o(i.prvResetNextTaskUnblockTime)
    i.prvTaskExitError                       0x080040fc   Section        0  port.o(i.prvTaskExitError)
    prvTaskExitError                         0x080040fd   Thumb Code    36  port.o(i.prvTaskExitError)
    i.pvPortMalloc                           0x08004124   Section        0  heap_4.o(i.pvPortMalloc)
    i.pxPortInitialiseStack                  0x080041fc   Section        0  port.o(i.pxPortInitialiseStack)
    i.uart_rx_callback                       0x08004224   Section        0  bsp_uart.o(i.uart_rx_callback)
    uart_rx_callback                         0x08004225   Thumb Code   126  bsp_uart.o(i.uart_rx_callback)
    i.uxListRemove                           0x080042bc   Section        0  list.o(i.uxListRemove)
    i.vListInitialise                        0x080042e0   Section        0  list.o(i.vListInitialise)
    i.vListInitialiseItem                    0x080042f6   Section        0  list.o(i.vListInitialiseItem)
    i.vListInsert                            0x080042fc   Section        0  list.o(i.vListInsert)
    i.vListInsertEnd                         0x0800432c   Section        0  list.o(i.vListInsertEnd)
    i.vPortEnterCritical                     0x08004344   Section        0  port.o(i.vPortEnterCritical)
    i.vPortExitCritical                      0x08004384   Section        0  port.o(i.vPortExitCritical)
    i.vPortFree                              0x080043ac   Section        0  heap_4.o(i.vPortFree)
    i.vPortSetupTimerInterrupt               0x08004408   Section        0  port.o(i.vPortSetupTimerInterrupt)
    i.vPortValidateInterruptPriority         0x08004428   Section        0  port.o(i.vPortValidateInterruptPriority)
    i.vTaskStartScheduler                    0x0800447c   Section        0  tasks.o(i.vTaskStartScheduler)
    i.vTaskSuspendAll                        0x080044e4   Section        0  tasks.o(i.vTaskSuspendAll)
    i.vTaskSwitchContext                     0x080044f4   Section        0  tasks.o(i.vTaskSwitchContext)
    i.xPortStartScheduler                    0x08004550   Section        0  port.o(i.xPortStartScheduler)
    i.xPortSysTickHandler                    0x08004630   Section        0  port.o(i.xPortSysTickHandler)
    i.xTaskGenericCreate                     0x0800465c   Section        0  tasks.o(i.xTaskGenericCreate)
    i.xTaskGenericNotify                     0x08004808   Section        0  tasks.o(i.xTaskGenericNotify)
    i.xTaskGenericNotifyFromISR              0x080048d4   Section        0  tasks.o(i.xTaskGenericNotifyFromISR)
    i.xTaskGetSchedulerState                 0x080049c0   Section        0  tasks.o(i.xTaskGetSchedulerState)
    i.xTaskIncrementTick                     0x080049dc   Section        0  tasks.o(i.xTaskIncrementTick)
    i.xTaskNotifyWait                        0x08004aa8   Section        0  tasks.o(i.xTaskNotifyWait)
    i.xTaskResumeAll                         0x08004b60   Section        0  tasks.o(i.xTaskResumeAll)
    .constdata                               0x08004c24   Section       16  stm32f4xx_hal_rcc.o(.constdata)
    .constdata                               0x08004c34   Section        8  stm32f4xx_hal_dma.o(.constdata)
    flagBitshiftOffset                       0x08004c34   Data           8  stm32f4xx_hal_dma.o(.constdata)
    .constdata                               0x08004c3c   Section       88  freertos.o(.constdata)
    .conststring                             0x08004c94   Section       74  freertos.o(.conststring)
    .data                                    0x20000000   Section        4  stm32f4xx_hal.o(.data)
    .data                                    0x20000004   Section        4  system_stm32f4xx.o(.data)
    .data                                    0x20000008   Section       24  heap_4.o(.data)
    pxEnd                                    0x20000008   Data           4  heap_4.o(.data)
    xFreeBytesRemaining                      0x2000000c   Data           4  heap_4.o(.data)
    xMinimumEverFreeBytesRemaining           0x20000010   Data           4  heap_4.o(.data)
    xBlockAllocatedBit                       0x20000014   Data           4  heap_4.o(.data)
    xStart                                   0x20000018   Data           8  heap_4.o(.data)
    .data                                    0x20000020   Section       56  tasks.o(.data)
    uxTasksDeleted                           0x20000024   Data           4  tasks.o(.data)
    uxCurrentNumberOfTasks                   0x20000028   Data           4  tasks.o(.data)
    xTickCount                               0x2000002c   Data           4  tasks.o(.data)
    uxTopReadyPriority                       0x20000030   Data           4  tasks.o(.data)
    xSchedulerRunning                        0x20000034   Data           4  tasks.o(.data)
    uxPendedTicks                            0x20000038   Data           4  tasks.o(.data)
    xYieldPending                            0x2000003c   Data           4  tasks.o(.data)
    xNumOfOverflows                          0x20000040   Data           4  tasks.o(.data)
    uxTaskNumber                             0x20000044   Data           4  tasks.o(.data)
    xNextTaskUnblockTime                     0x20000048   Data           4  tasks.o(.data)
    uxSchedulerSuspended                     0x2000004c   Data           4  tasks.o(.data)
    pxDelayedTaskList                        0x20000050   Data           4  tasks.o(.data)
    pxOverflowDelayedTaskList                0x20000054   Data           4  tasks.o(.data)
    .data                                    0x20000058   Section       12  port.o(.data)
    ucMaxSysCallPriority                     0x20000058   Data           1  port.o(.data)
    uxCriticalNesting                        0x2000005c   Data           4  port.o(.data)
    ulMaxPRIGROUPValue                       0x20000060   Data           4  port.o(.data)
    .data                                    0x20000064   Section       24  freertos.o(.data)
    .data                                    0x2000007c   Section        4  can.o(.data)
    HAL_RCC_CAN1_CLK_ENABLED                 0x2000007c   Data           4  can.o(.data)
    .data                                    0x20000080   Section        1  usbd_ctlreq.o(.data)
    cfgidx                                   0x20000080   Data           1  usbd_ctlreq.o(.data)
    .data                                    0x20000081   Section        1  remotemsgtask.o(.data)
    mode_last                                0x20000081   Data           1  remotemsgtask.o(.data)
    .bss                                     0x20000084   Section    15360  heap_4.o(.bss)
    ucHeap                                   0x20000084   Data       15360  heap_4.o(.bss)
    .bss                                     0x20003c84   Section      240  tasks.o(.bss)
    pxReadyTasksLists                        0x20003c84   Data         140  tasks.o(.bss)
    xDelayedTaskList1                        0x20003d10   Data          20  tasks.o(.bss)
    xDelayedTaskList2                        0x20003d24   Data          20  tasks.o(.bss)
    xPendingReadyList                        0x20003d38   Data          20  tasks.o(.bss)
    xTasksWaitingTermination                 0x20003d4c   Data          20  tasks.o(.bss)
    xSuspendedTaskList                       0x20003d60   Data          20  tasks.o(.bss)
    .bss                                     0x20003d74   Section       60  stm32f4xx_hal_timebase_tim.o(.bss)
    .bss                                     0x20003db0   Section      952  usbd_conf.o(.bss)
    .bss                                     0x20004168   Section      128  can.o(.bss)
    .bss                                     0x200041e8   Section       88  spi.o(.bss)
    .bss                                     0x20004240   Section      928  usart.o(.bss)
    .bss                                     0x200045e0   Section       60  tim.o(.bss)
    .bss                                     0x2000461c   Section       38  bsp_uart.o(.bss)
    STACK                                    0x20004648   Section     1024  startup_stm32f427xx.o(STACK)

    Global Symbols

    Symbol Name                              Value     Ov Type        Size  Object(Section)

    BuildAttributes$$THM_ISAv4$E$P$D$K$B$S$7EM$VFPi3$EXTD16$VFPS$VFMA$PE$A:L22UL41UL21$X:L11$S22US41US21$IEEE1$IW$USESV6$~STKCKD$USESV7$~SHL$OSPACE$EBA8$MICROLIB$REQ8$PRES8$EABIv2 0x00000000   Number         0  anon$$obj.o ABSOLUTE
    __ARM_use_no_argv                        0x00000000   Number         0  main.o ABSOLUTE
    __cpp_initialize__aeabi_                  - Undefined Weak Reference
    __cxa_finalize                            - Undefined Weak Reference
    __decompress                              - Undefined Weak Reference
    _clock_init                               - Undefined Weak Reference
    _microlib_exit                            - Undefined Weak Reference
    __Vectors_Size                           0x000001ac   Number         0  startup_stm32f427xx.o ABSOLUTE
    __Vectors                                0x08000000   Data           4  startup_stm32f427xx.o(RESET)
    __Vectors_End                            0x080001ac   Data           0  startup_stm32f427xx.o(RESET)
    __main                                   0x080001ad   Thumb Code     0  entry.o(.ARM.Collect$$$$00000000)
    _main_stk                                0x080001ad   Thumb Code     0  entry2.o(.ARM.Collect$$$$00000001)
    _main_scatterload                        0x080001b1   Thumb Code     0  entry5.o(.ARM.Collect$$$$00000004)
    __main_after_scatterload                 0x080001b5   Thumb Code     0  entry5.o(.ARM.Collect$$$$00000004)
    _main_clock                              0x080001b5   Thumb Code     0  entry7b.o(.ARM.Collect$$$$00000008)
    _main_cpp_init                           0x080001b5   Thumb Code     0  entry8b.o(.ARM.Collect$$$$0000000A)
    _main_init                               0x080001b5   Thumb Code     0  entry9a.o(.ARM.Collect$$$$0000000B)
    __rt_final_cpp                           0x080001bd   Thumb Code     0  entry10a.o(.ARM.Collect$$$$0000000D)
    __rt_final_exit                          0x080001bd   Thumb Code     0  entry11a.o(.ARM.Collect$$$$0000000F)
    SVC_Handler                              0x080001c1   Thumb Code    28  port.o(.emb_text)
    __asm___6_port_c_39a90d8d__prvStartFirstTask 0x080001e1   Thumb Code    28  port.o(.emb_text)
    __asm___6_port_c_39a90d8d__prvEnableVFP  0x08000201   Thumb Code    16  port.o(.emb_text)
    PendSV_Handler                           0x08000215   Thumb Code    92  port.o(.emb_text)
    vPortGetIPSR                             0x08000275   Thumb Code     6  port.o(.emb_text)
    Reset_Handler                            0x0800027d   Thumb Code     8  startup_stm32f427xx.o(.text)
    ADC_IRQHandler                           0x08000297   Thumb Code     0  startup_stm32f427xx.o(.text)
    CAN1_RX1_IRQHandler                      0x08000297   Thumb Code     0  startup_stm32f427xx.o(.text)
    CAN1_SCE_IRQHandler                      0x08000297   Thumb Code     0  startup_stm32f427xx.o(.text)
    CAN2_RX1_IRQHandler                      0x08000297   Thumb Code     0  startup_stm32f427xx.o(.text)
    CAN2_SCE_IRQHandler                      0x08000297   Thumb Code     0  startup_stm32f427xx.o(.text)
    DCMI_IRQHandler                          0x08000297   Thumb Code     0  startup_stm32f427xx.o(.text)
    DMA1_Stream0_IRQHandler                  0x08000297   Thumb Code     0  startup_stm32f427xx.o(.text)
    DMA1_Stream1_IRQHandler                  0x08000297   Thumb Code     0  startup_stm32f427xx.o(.text)
    DMA1_Stream2_IRQHandler                  0x08000297   Thumb Code     0  startup_stm32f427xx.o(.text)
    DMA1_Stream3_IRQHandler                  0x08000297   Thumb Code     0  startup_stm32f427xx.o(.text)
    DMA1_Stream4_IRQHandler                  0x08000297   Thumb Code     0  startup_stm32f427xx.o(.text)
    DMA1_Stream5_IRQHandler                  0x08000297   Thumb Code     0  startup_stm32f427xx.o(.text)
    DMA1_Stream6_IRQHandler                  0x08000297   Thumb Code     0  startup_stm32f427xx.o(.text)
    DMA1_Stream7_IRQHandler                  0x08000297   Thumb Code     0  startup_stm32f427xx.o(.text)
    DMA2D_IRQHandler                         0x08000297   Thumb Code     0  startup_stm32f427xx.o(.text)
    DMA2_Stream0_IRQHandler                  0x08000297   Thumb Code     0  startup_stm32f427xx.o(.text)
    DMA2_Stream1_IRQHandler                  0x08000297   Thumb Code     0  startup_stm32f427xx.o(.text)
    DMA2_Stream3_IRQHandler                  0x08000297   Thumb Code     0  startup_stm32f427xx.o(.text)
    DMA2_Stream4_IRQHandler                  0x08000297   Thumb Code     0  startup_stm32f427xx.o(.text)
    DMA2_Stream5_IRQHandler                  0x08000297   Thumb Code     0  startup_stm32f427xx.o(.text)
    DMA2_Stream6_IRQHandler                  0x08000297   Thumb Code     0  startup_stm32f427xx.o(.text)
    DMA2_Stream7_IRQHandler                  0x08000297   Thumb Code     0  startup_stm32f427xx.o(.text)
    ETH_IRQHandler                           0x08000297   Thumb Code     0  startup_stm32f427xx.o(.text)
    ETH_WKUP_IRQHandler                      0x08000297   Thumb Code     0  startup_stm32f427xx.o(.text)
    EXTI0_IRQHandler                         0x08000297   Thumb Code     0  startup_stm32f427xx.o(.text)
    EXTI15_10_IRQHandler                     0x08000297   Thumb Code     0  startup_stm32f427xx.o(.text)
    EXTI1_IRQHandler                         0x08000297   Thumb Code     0  startup_stm32f427xx.o(.text)
    EXTI2_IRQHandler                         0x08000297   Thumb Code     0  startup_stm32f427xx.o(.text)
    EXTI3_IRQHandler                         0x08000297   Thumb Code     0  startup_stm32f427xx.o(.text)
    EXTI4_IRQHandler                         0x08000297   Thumb Code     0  startup_stm32f427xx.o(.text)
    EXTI9_5_IRQHandler                       0x08000297   Thumb Code     0  startup_stm32f427xx.o(.text)
    FLASH_IRQHandler                         0x08000297   Thumb Code     0  startup_stm32f427xx.o(.text)
    FMC_IRQHandler                           0x08000297   Thumb Code     0  startup_stm32f427xx.o(.text)
    FPU_IRQHandler                           0x08000297   Thumb Code     0  startup_stm32f427xx.o(.text)
    HASH_RNG_IRQHandler                      0x08000297   Thumb Code     0  startup_stm32f427xx.o(.text)
    I2C1_ER_IRQHandler                       0x08000297   Thumb Code     0  startup_stm32f427xx.o(.text)
    I2C1_EV_IRQHandler                       0x08000297   Thumb Code     0  startup_stm32f427xx.o(.text)
    I2C2_ER_IRQHandler                       0x08000297   Thumb Code     0  startup_stm32f427xx.o(.text)
    I2C2_EV_IRQHandler                       0x08000297   Thumb Code     0  startup_stm32f427xx.o(.text)
    I2C3_ER_IRQHandler                       0x08000297   Thumb Code     0  startup_stm32f427xx.o(.text)
    I2C3_EV_IRQHandler                       0x08000297   Thumb Code     0  startup_stm32f427xx.o(.text)
    OTG_FS_WKUP_IRQHandler                   0x08000297   Thumb Code     0  startup_stm32f427xx.o(.text)
    OTG_HS_EP1_IN_IRQHandler                 0x08000297   Thumb Code     0  startup_stm32f427xx.o(.text)
    OTG_HS_EP1_OUT_IRQHandler                0x08000297   Thumb Code     0  startup_stm32f427xx.o(.text)
    OTG_HS_IRQHandler                        0x08000297   Thumb Code     0  startup_stm32f427xx.o(.text)
    OTG_HS_WKUP_IRQHandler                   0x08000297   Thumb Code     0  startup_stm32f427xx.o(.text)
    PVD_IRQHandler                           0x08000297   Thumb Code     0  startup_stm32f427xx.o(.text)
    RCC_IRQHandler                           0x08000297   Thumb Code     0  startup_stm32f427xx.o(.text)
    RTC_Alarm_IRQHandler                     0x08000297   Thumb Code     0  startup_stm32f427xx.o(.text)
    RTC_WKUP_IRQHandler                      0x08000297   Thumb Code     0  startup_stm32f427xx.o(.text)
    SAI1_IRQHandler                          0x08000297   Thumb Code     0  startup_stm32f427xx.o(.text)
    SDIO_IRQHandler                          0x08000297   Thumb Code     0  startup_stm32f427xx.o(.text)
    SPI1_IRQHandler                          0x08000297   Thumb Code     0  startup_stm32f427xx.o(.text)
    SPI2_IRQHandler                          0x08000297   Thumb Code     0  startup_stm32f427xx.o(.text)
    SPI3_IRQHandler                          0x08000297   Thumb Code     0  startup_stm32f427xx.o(.text)
    SPI4_IRQHandler                          0x08000297   Thumb Code     0  startup_stm32f427xx.o(.text)
    SPI5_IRQHandler                          0x08000297   Thumb Code     0  startup_stm32f427xx.o(.text)
    SPI6_IRQHandler                          0x08000297   Thumb Code     0  startup_stm32f427xx.o(.text)
    TAMP_STAMP_IRQHandler                    0x08000297   Thumb Code     0  startup_stm32f427xx.o(.text)
    TIM1_BRK_TIM9_IRQHandler                 0x08000297   Thumb Code     0  startup_stm32f427xx.o(.text)
    TIM1_CC_IRQHandler                       0x08000297   Thumb Code     0  startup_stm32f427xx.o(.text)
    TIM1_TRG_COM_TIM11_IRQHandler            0x08000297   Thumb Code     0  startup_stm32f427xx.o(.text)
    TIM2_IRQHandler                          0x08000297   Thumb Code     0  startup_stm32f427xx.o(.text)
    TIM3_IRQHandler                          0x08000297   Thumb Code     0  startup_stm32f427xx.o(.text)
    TIM4_IRQHandler                          0x08000297   Thumb Code     0  startup_stm32f427xx.o(.text)
    TIM5_IRQHandler                          0x08000297   Thumb Code     0  startup_stm32f427xx.o(.text)
    TIM6_DAC_IRQHandler                      0x08000297   Thumb Code     0  startup_stm32f427xx.o(.text)
    TIM7_IRQHandler                          0x08000297   Thumb Code     0  startup_stm32f427xx.o(.text)
    TIM8_BRK_TIM12_IRQHandler                0x08000297   Thumb Code     0  startup_stm32f427xx.o(.text)
    TIM8_CC_IRQHandler                       0x08000297   Thumb Code     0  startup_stm32f427xx.o(.text)
    TIM8_TRG_COM_TIM14_IRQHandler            0x08000297   Thumb Code     0  startup_stm32f427xx.o(.text)
    TIM8_UP_TIM13_IRQHandler                 0x08000297   Thumb Code     0  startup_stm32f427xx.o(.text)
    UART4_IRQHandler                         0x08000297   Thumb Code     0  startup_stm32f427xx.o(.text)
    UART5_IRQHandler                         0x08000297   Thumb Code     0  startup_stm32f427xx.o(.text)
    UART7_IRQHandler                         0x08000297   Thumb Code     0  startup_stm32f427xx.o(.text)
    UART8_IRQHandler                         0x08000297   Thumb Code     0  startup_stm32f427xx.o(.text)
    USART2_IRQHandler                        0x08000297   Thumb Code     0  startup_stm32f427xx.o(.text)
    USART3_IRQHandler                        0x08000297   Thumb Code     0  startup_stm32f427xx.o(.text)
    USART6_IRQHandler                        0x08000297   Thumb Code     0  startup_stm32f427xx.o(.text)
    WWDG_IRQHandler                          0x08000297   Thumb Code     0  startup_stm32f427xx.o(.text)
    __aeabi_memcpy                           0x080002a1   Thumb Code    36  memcpya.o(.text)
    __aeabi_memcpy4                          0x080002a1   Thumb Code     0  memcpya.o(.text)
    __aeabi_memcpy8                          0x080002a1   Thumb Code     0  memcpya.o(.text)
    __scatterload                            0x080002c5   Thumb Code    28  init.o(.text)
    __scatterload_rt2                        0x080002c5   Thumb Code     0  init.o(.text)
    BusFault_Handler                         0x080002e9   Thumb Code     2  stm32f4xx_it.o(i.BusFault_Handler)
    CAN1_RX0_IRQHandler                      0x080002ed   Thumb Code     6  stm32f4xx_it.o(i.CAN1_RX0_IRQHandler)
    CAN1_TX_IRQHandler                       0x080002f9   Thumb Code     6  stm32f4xx_it.o(i.CAN1_TX_IRQHandler)
    CAN2_RX0_IRQHandler                      0x08000305   Thumb Code     6  stm32f4xx_it.o(i.CAN2_RX0_IRQHandler)
    CAN2_TX_IRQHandler                       0x08000311   Thumb Code     6  stm32f4xx_it.o(i.CAN2_TX_IRQHandler)
    CanMsg_Send_TaskStart                    0x080004a5   Thumb Code     2  canmsgtask.o(i.CanMsg_Send_TaskStart)
    Chassis_Task                             0x080004a7   Thumb Code     2  chassistask.o(i.Chassis_Task)
    DMA2_Stream2_IRQHandler                  0x080004a9   Thumb Code     6  stm32f4xx_it.o(i.DMA2_Stream2_IRQHandler)
    DebugMon_Handler                         0x08000559   Thumb Code     2  stm32f4xx_it.o(i.DebugMon_Handler)
    Gimbal_Task                              0x0800055b   Thumb Code     2  gimbaltask.o(i.Gimbal_Task)
    HAL_CAN_ErrorCallback                    0x0800055d   Thumb Code     2  stm32f4xx_hal_can.o(i.HAL_CAN_ErrorCallback)
    HAL_CAN_IRQHandler                       0x08000561   Thumb Code   370  stm32f4xx_hal_can.o(i.HAL_CAN_IRQHandler)
    HAL_CAN_Init                             0x080006e1   Thumb Code   328  stm32f4xx_hal_can.o(i.HAL_CAN_Init)
    HAL_CAN_MspInit                          0x08000829   Thumb Code   200  can.o(i.HAL_CAN_MspInit)
    HAL_CAN_RxCpltCallback                   0x08000909   Thumb Code     2  stm32f4xx_hal_can.o(i.HAL_CAN_RxCpltCallback)
    HAL_CAN_TxCpltCallback                   0x0800090b   Thumb Code     2  stm32f4xx_hal_can.o(i.HAL_CAN_TxCpltCallback)
    HAL_DMA_Abort                            0x0800090d   Thumb Code   142  stm32f4xx_hal_dma.o(i.HAL_DMA_Abort)
    HAL_DMA_IRQHandler                       0x0800099d   Thumb Code   414  stm32f4xx_hal_dma.o(i.HAL_DMA_IRQHandler)
    HAL_DMA_Init                             0x08000b45   Thumb Code   202  stm32f4xx_hal_dma.o(i.HAL_DMA_Init)
    HAL_DMA_Start_IT                         0x08000c15   Thumb Code   120  stm32f4xx_hal_dma.o(i.HAL_DMA_Start_IT)
    HAL_Delay                                0x08000c8d   Thumb Code    22  stm32f4xx_hal.o(i.HAL_Delay)
    HAL_GPIO_Init                            0x08000ca5   Thumb Code   408  stm32f4xx_hal_gpio.o(i.HAL_GPIO_Init)
    HAL_GPIO_TogglePin                       0x08000e71   Thumb Code     8  stm32f4xx_hal_gpio.o(i.HAL_GPIO_TogglePin)
    HAL_GPIO_WritePin                        0x08000e79   Thumb Code    10  stm32f4xx_hal_gpio.o(i.HAL_GPIO_WritePin)
    HAL_GetTick                              0x08000e85   Thumb Code     6  stm32f4xx_hal.o(i.HAL_GetTick)
    HAL_IncTick                              0x08000e91   Thumb Code    10  stm32f4xx_hal.o(i.HAL_IncTick)
    HAL_Init                                 0x08000ea1   Thumb Code    48  stm32f4xx_hal.o(i.HAL_Init)
    HAL_InitTick                             0x08000ed5   Thumb Code   100  stm32f4xx_hal_timebase_tim.o(i.HAL_InitTick)
    HAL_MspInit                              0x08000f49   Thumb Code    88  stm32f4xx_hal_msp.o(i.HAL_MspInit)
    HAL_NVIC_EnableIRQ                       0x08000fa1   Thumb Code    22  stm32f4xx_hal_cortex.o(i.HAL_NVIC_EnableIRQ)
    HAL_NVIC_SetPriority                     0x08000fb9   Thumb Code    60  stm32f4xx_hal_cortex.o(i.HAL_NVIC_SetPriority)
    HAL_NVIC_SetPriorityGrouping             0x08000ff9   Thumb Code    26  stm32f4xx_hal_cortex.o(i.HAL_NVIC_SetPriorityGrouping)
    HAL_PCD_ConnectCallback                  0x0800101d   Thumb Code     8  usbd_conf.o(i.HAL_PCD_ConnectCallback)
    HAL_PCD_DataInStageCallback              0x08001025   Thumb Code    18  usbd_conf.o(i.HAL_PCD_DataInStageCallback)
    HAL_PCD_DataOutStageCallback             0x08001037   Thumb Code    20  usbd_conf.o(i.HAL_PCD_DataOutStageCallback)
    HAL_PCD_DisconnectCallback               0x0800104b   Thumb Code     8  usbd_conf.o(i.HAL_PCD_DisconnectCallback)
    HAL_PCD_EP_ClrStall                      0x08001053   Thumb Code    80  stm32f4xx_hal_pcd.o(i.HAL_PCD_EP_ClrStall)
    HAL_PCD_EP_Open                          0x080010a3   Thumb Code    84  stm32f4xx_hal_pcd.o(i.HAL_PCD_EP_Open)
    HAL_PCD_EP_Receive                       0x080010f9   Thumb Code    94  stm32f4xx_hal_pcd.o(i.HAL_PCD_EP_Receive)
    HAL_PCD_EP_SetStall                      0x08001157   Thumb Code    96  stm32f4xx_hal_pcd.o(i.HAL_PCD_EP_SetStall)
    HAL_PCD_EP_Transmit                      0x080011b7   Thumb Code    86  stm32f4xx_hal_pcd.o(i.HAL_PCD_EP_Transmit)
    HAL_PCD_IRQHandler                       0x0800120d   Thumb Code  1196  stm32f4xx_hal_pcd.o(i.HAL_PCD_IRQHandler)
    HAL_PCD_ISOINIncompleteCallback          0x08001701   Thumb Code     8  usbd_conf.o(i.HAL_PCD_ISOINIncompleteCallback)
    HAL_PCD_ISOOUTIncompleteCallback         0x08001709   Thumb Code     8  usbd_conf.o(i.HAL_PCD_ISOOUTIncompleteCallback)
    HAL_PCD_ResetCallback                    0x08001711   Thumb Code    32  usbd_conf.o(i.HAL_PCD_ResetCallback)
    HAL_PCD_ResumeCallback                   0x08001731   Thumb Code     8  usbd_conf.o(i.HAL_PCD_ResumeCallback)
    HAL_PCD_SOFCallback                      0x08001739   Thumb Code     8  usbd_conf.o(i.HAL_PCD_SOFCallback)
    HAL_PCD_SetAddress                       0x08001741   Thumb Code    36  stm32f4xx_hal_pcd.o(i.HAL_PCD_SetAddress)
    HAL_PCD_SetupStageCallback               0x08001765   Thumb Code    14  usbd_conf.o(i.HAL_PCD_SetupStageCallback)
    HAL_PCD_SuspendCallback                  0x08001775   Thumb Code    44  usbd_conf.o(i.HAL_PCD_SuspendCallback)
    HAL_RCC_ClockConfig                      0x080017a5   Thumb Code   364  stm32f4xx_hal_rcc.o(i.HAL_RCC_ClockConfig)
    HAL_RCC_GetClockConfig                   0x08001921   Thumb Code    54  stm32f4xx_hal_rcc.o(i.HAL_RCC_GetClockConfig)
    HAL_RCC_GetHCLKFreq                      0x08001961   Thumb Code     6  stm32f4xx_hal_rcc.o(i.HAL_RCC_GetHCLKFreq)
    HAL_RCC_GetPCLK1Freq                     0x0800196d   Thumb Code    34  stm32f4xx_hal_rcc.o(i.HAL_RCC_GetPCLK1Freq)
    HAL_RCC_GetPCLK2Freq                     0x0800199d   Thumb Code    34  stm32f4xx_hal_rcc.o(i.HAL_RCC_GetPCLK2Freq)
    HAL_RCC_GetSysClockFreq                  0x080019cd   Thumb Code   104  stm32f4xx_hal_rcc.o(i.HAL_RCC_GetSysClockFreq)
    HAL_RCC_OscConfig                        0x08001a41   Thumb Code   722  stm32f4xx_hal_rcc.o(i.HAL_RCC_OscConfig)
    HAL_SPI_Init                             0x08001d25   Thumb Code   128  stm32f4xx_hal_spi.o(i.HAL_SPI_Init)
    HAL_SPI_MspInit                          0x08001da5   Thumb Code    64  spi.o(i.HAL_SPI_MspInit)
    HAL_SYSTICK_CLKSourceConfig              0x08001df1   Thumb Code    24  stm32f4xx_hal_cortex.o(i.HAL_SYSTICK_CLKSourceConfig)
    HAL_SYSTICK_Config                       0x08001e09   Thumb Code    40  stm32f4xx_hal_cortex.o(i.HAL_SYSTICK_Config)
    HAL_TIMEx_BreakCallback                  0x08001e31   Thumb Code     2  stm32f4xx_hal_tim_ex.o(i.HAL_TIMEx_BreakCallback)
    HAL_TIMEx_CommutationCallback            0x08001e33   Thumb Code     2  stm32f4xx_hal_tim_ex.o(i.HAL_TIMEx_CommutationCallback)
    HAL_TIMEx_MasterConfigSynchronization    0x08001e35   Thumb Code    80  stm32f4xx_hal_tim_ex.o(i.HAL_TIMEx_MasterConfigSynchronization)
    HAL_TIM_Base_Init                        0x08001e85   Thumb Code    54  stm32f4xx_hal_tim.o(i.HAL_TIM_Base_Init)
    HAL_TIM_Base_MspInit                     0x08001ebd   Thumb Code    30  tim.o(i.HAL_TIM_Base_MspInit)
    HAL_TIM_Base_Start_IT                    0x08001ee5   Thumb Code    24  stm32f4xx_hal_tim.o(i.HAL_TIM_Base_Start_IT)
    HAL_TIM_IC_CaptureCallback               0x08001efd   Thumb Code     2  stm32f4xx_hal_tim.o(i.HAL_TIM_IC_CaptureCallback)
    HAL_TIM_IRQHandler                       0x08001eff   Thumb Code   358  stm32f4xx_hal_tim.o(i.HAL_TIM_IRQHandler)
    HAL_TIM_OC_DelayElapsedCallback          0x08002065   Thumb Code     2  stm32f4xx_hal_tim.o(i.HAL_TIM_OC_DelayElapsedCallback)
    HAL_TIM_PWM_PulseFinishedCallback        0x08002067   Thumb Code     2  stm32f4xx_hal_tim.o(i.HAL_TIM_PWM_PulseFinishedCallback)
    HAL_TIM_PeriodElapsedCallback            0x08002069   Thumb Code    14  main.o(i.HAL_TIM_PeriodElapsedCallback)
    HAL_TIM_TriggerCallback                  0x0800207d   Thumb Code     2  stm32f4xx_hal_tim.o(i.HAL_TIM_TriggerCallback)
    HAL_UART_DMAStop                         0x0800207f   Thumb Code    88  stm32f4xx_hal_uart.o(i.HAL_UART_DMAStop)
    HAL_UART_ErrorCallback                   0x080020d7   Thumb Code     2  stm32f4xx_hal_uart.o(i.HAL_UART_ErrorCallback)
    HAL_UART_Init                            0x080020d9   Thumb Code    98  stm32f4xx_hal_uart.o(i.HAL_UART_Init)
    HAL_UART_MspInit                         0x0800213d   Thumb Code   730  usart.o(i.HAL_UART_MspInit)
    HAL_UART_Receive_DMA                     0x0800245d   Thumb Code   132  stm32f4xx_hal_uart.o(i.HAL_UART_Receive_DMA)
    HAL_UART_RxCpltCallback                  0x080024ed   Thumb Code     2  stm32f4xx_hal_uart.o(i.HAL_UART_RxCpltCallback)
    HAL_UART_RxHalfCpltCallback              0x080024ef   Thumb Code     2  stm32f4xx_hal_uart.o(i.HAL_UART_RxHalfCpltCallback)
    HardFault_Handler                        0x080024f1   Thumb Code     2  stm32f4xx_it.o(i.HardFault_Handler)
    IMU_TaskStart                            0x080024f3   Thumb Code     2  imu_task.o(i.IMU_TaskStart)
    MX_CAN1_Init                             0x080024f5   Thumb Code    64  can.o(i.MX_CAN1_Init)
    MX_CAN2_Init                             0x0800254d   Thumb Code    68  can.o(i.MX_CAN2_Init)
    MX_DMA_Init                              0x080025a9   Thumb Code    40  dma.o(i.MX_DMA_Init)
    MX_FREERTOS_Init                         0x080025d5   Thumb Code   140  freertos.o(i.MX_FREERTOS_Init)
    MX_GPIO_Init                             0x08002669   Thumb Code   204  gpio.o(i.MX_GPIO_Init)
    MX_SPI5_Init                             0x08002741   Thumb Code    66  spi.o(i.MX_SPI5_Init)
    MX_TIM6_Init                             0x0800279d   Thumb Code    56  tim.o(i.MX_TIM6_Init)
    MX_USART1_UART_Init                      0x080027ed   Thumb Code    54  usart.o(i.MX_USART1_UART_Init)
    MX_USART2_UART_Init                      0x08002841   Thumb Code    52  usart.o(i.MX_USART2_UART_Init)
    MX_USART3_UART_Init                      0x0800288d   Thumb Code    52  usart.o(i.MX_USART3_UART_Init)
    MX_USART6_UART_Init                      0x080028d9   Thumb Code    52  usart.o(i.MX_USART6_UART_Init)
    MemManage_Handler                        0x08002925   Thumb Code     2  stm32f4xx_it.o(i.MemManage_Handler)
    NMI_Handler                              0x08002927   Thumb Code     2  stm32f4xx_it.o(i.NMI_Handler)
    OTG_FS_IRQHandler                        0x08002949   Thumb Code     6  stm32f4xx_it.o(i.OTG_FS_IRQHandler)
    RemoteMsg_Receive_Init                   0x080029dd   Thumb Code    22  bsp_uart.o(i.RemoteMsg_Receive_Init)
    RemoteMsg_Receive_ModeSw_TaskStart       0x080029f9   Thumb Code   108  remotemsgtask.o(i.RemoteMsg_Receive_ModeSw_TaskStart)
    RemoteMsg_decode_handler                 0x08002a6d   Thumb Code   130  remotemsgtask.o(i.RemoteMsg_decode_handler)
    Remote_Mode_Select                       0x08002af1   Thumb Code    56  remotemsgtask.o(i.Remote_Mode_Select)
    Shoot_TaskStart                          0x08002b49   Thumb Code     2  shoottask.o(i.Shoot_TaskStart)
    SysTick_Handler                          0x08002b4b   Thumb Code     4  stm32f4xx_it.o(i.SysTick_Handler)
    SystemClock_Config                       0x08002b51   Thumb Code   158  main.o(i.SystemClock_Config)
    SystemInit                               0x08002c09   Thumb Code    66  system_stm32f4xx.o(i.SystemInit)
    TIM1_UP_TIM10_IRQHandler                 0x08002c5d   Thumb Code     6  stm32f4xx_it.o(i.TIM1_UP_TIM10_IRQHandler)
    TIM_Base_SetConfig                       0x08002c69   Thumb Code   148  stm32f4xx_hal_tim.o(i.TIM_Base_SetConfig)
    USART1_IRQHandler                        0x08003095   Thumb Code     6  stm32f4xx_it.o(i.USART1_IRQHandler)
    USBD_ClrClassConfig                      0x080030a1   Thumb Code    14  usbd_core.o(i.USBD_ClrClassConfig)
    USBD_CtlContinueRx                       0x080030af   Thumb Code    16  usbd_ioreq.o(i.USBD_CtlContinueRx)
    USBD_CtlContinueSendData                 0x080030bf   Thumb Code    16  usbd_ioreq.o(i.USBD_CtlContinueSendData)
    USBD_CtlError                            0x080030cf   Thumb Code    22  usbd_ctlreq.o(i.USBD_CtlError)
    USBD_CtlReceiveStatus                    0x080030e5   Thumb Code    22  usbd_ioreq.o(i.USBD_CtlReceiveStatus)
    USBD_CtlSendData                         0x080030fb   Thumb Code    26  usbd_ioreq.o(i.USBD_CtlSendData)
    USBD_CtlSendStatus                       0x08003115   Thumb Code    22  usbd_ioreq.o(i.USBD_CtlSendStatus)
    USBD_LL_ClearStallEP                     0x0800320b   Thumb Code    32  usbd_conf.o(i.USBD_LL_ClearStallEP)
    USBD_LL_DataInStage                      0x0800322b   Thumb Code   170  usbd_core.o(i.USBD_LL_DataInStage)
    USBD_LL_DataOutStage                     0x080032d5   Thumb Code   106  usbd_core.o(i.USBD_LL_DataOutStage)
    USBD_LL_DevConnected                     0x0800333f   Thumb Code     4  usbd_core.o(i.USBD_LL_DevConnected)
    USBD_LL_DevDisconnected                  0x08003343   Thumb Code    22  usbd_core.o(i.USBD_LL_DevDisconnected)
    USBD_LL_IsStallEP                        0x08003359   Thumb Code    32  usbd_conf.o(i.USBD_LL_IsStallEP)
    USBD_LL_IsoINIncomplete                  0x08003379   Thumb Code     4  usbd_core.o(i.USBD_LL_IsoINIncomplete)
    USBD_LL_IsoOUTIncomplete                 0x0800337d   Thumb Code     4  usbd_core.o(i.USBD_LL_IsoOUTIncomplete)
    USBD_LL_OpenEP                           0x08003381   Thumb Code    38  usbd_conf.o(i.USBD_LL_OpenEP)
    USBD_LL_PrepareReceive                   0x080033a7   Thumb Code    32  usbd_conf.o(i.USBD_LL_PrepareReceive)
    USBD_LL_Reset                            0x080033c7   Thumb Code    62  usbd_core.o(i.USBD_LL_Reset)
    USBD_LL_Resume                           0x08003405   Thumb Code    12  usbd_core.o(i.USBD_LL_Resume)
    USBD_LL_SOF                              0x08003411   Thumb Code    24  usbd_core.o(i.USBD_LL_SOF)
    USBD_LL_SetSpeed                         0x08003429   Thumb Code     6  usbd_core.o(i.USBD_LL_SetSpeed)
    USBD_LL_SetUSBAddress                    0x0800342f   Thumb Code    32  usbd_conf.o(i.USBD_LL_SetUSBAddress)
    USBD_LL_SetupStage                       0x0800344f   Thumb Code    90  usbd_core.o(i.USBD_LL_SetupStage)
    USBD_LL_StallEP                          0x080034a9   Thumb Code    32  usbd_conf.o(i.USBD_LL_StallEP)
    USBD_LL_Suspend                          0x080034c9   Thumb Code    18  usbd_core.o(i.USBD_LL_Suspend)
    USBD_LL_Transmit                         0x080034db   Thumb Code    32  usbd_conf.o(i.USBD_LL_Transmit)
    USBD_ParseSetupRequest                   0x080034fb   Thumb Code    40  usbd_ctlreq.o(i.USBD_ParseSetupRequest)
    USBD_SetClassConfig                      0x08003523   Thumb Code    22  usbd_core.o(i.USBD_SetClassConfig)
    USBD_StdDevReq                           0x080035ad   Thumb Code   242  usbd_ctlreq.o(i.USBD_StdDevReq)
    USBD_StdEPReq                            0x0800369f   Thumb Code   220  usbd_ctlreq.o(i.USBD_StdEPReq)
    USBD_StdItfReq                           0x0800377b   Thumb Code    52  usbd_ctlreq.o(i.USBD_StdItfReq)
    USB_ActivateEndpoint                     0x080037b1   Thumb Code   122  stm32f4xx_ll_usb.o(i.USB_ActivateEndpoint)
    USB_ActivateSetup                        0x08003831   Thumb Code    52  stm32f4xx_ll_usb.o(i.USB_ActivateSetup)
    USB_EP0StartXfer                         0x08003865   Thumb Code   316  stm32f4xx_ll_usb.o(i.USB_EP0StartXfer)
    USB_EP0_OutStart                         0x080039a5   Thumb Code    62  stm32f4xx_ll_usb.o(i.USB_EP0_OutStart)
    USB_EPClearStall                         0x080039e3   Thumb Code   100  stm32f4xx_ll_usb.o(i.USB_EPClearStall)
    USB_EPSetStall                           0x08003a47   Thumb Code    94  stm32f4xx_ll_usb.o(i.USB_EPSetStall)
    USB_EPStartXfer                          0x08003aa5   Thumb Code   534  stm32f4xx_ll_usb.o(i.USB_EPStartXfer)
    USB_FlushTxFifo                          0x08003cc1   Thumb Code    32  stm32f4xx_ll_usb.o(i.USB_FlushTxFifo)
    USB_GetDevSpeed                          0x08003ce5   Thumb Code    60  stm32f4xx_ll_usb.o(i.USB_GetDevSpeed)
    USB_GetMode                              0x08003d21   Thumb Code     8  stm32f4xx_ll_usb.o(i.USB_GetMode)
    USB_ReadDevAllInEpInterrupt              0x08003d29   Thumb Code    14  stm32f4xx_ll_usb.o(i.USB_ReadDevAllInEpInterrupt)
    USB_ReadDevAllOutEpInterrupt             0x08003d37   Thumb Code    14  stm32f4xx_ll_usb.o(i.USB_ReadDevAllOutEpInterrupt)
    USB_ReadDevInEPInterrupt                 0x08003d45   Thumb Code    30  stm32f4xx_ll_usb.o(i.USB_ReadDevInEPInterrupt)
    USB_ReadDevOutEPInterrupt                0x08003d63   Thumb Code    16  stm32f4xx_ll_usb.o(i.USB_ReadDevOutEPInterrupt)
    USB_ReadInterrupts                       0x08003d73   Thumb Code     8  stm32f4xx_ll_usb.o(i.USB_ReadInterrupts)
    USB_ReadPacket                           0x08003d7b   Thumb Code    32  stm32f4xx_ll_usb.o(i.USB_ReadPacket)
    USB_SetDevAddress                        0x08003d9b   Thumb Code    34  stm32f4xx_ll_usb.o(i.USB_SetDevAddress)
    USB_WritePacket                          0x08003dbd   Thumb Code    40  stm32f4xx_ll_usb.o(i.USB_WritePacket)
    Uart_Recieve_Handler                     0x08003de5   Thumb Code    20  bsp_uart.o(i.Uart_Recieve_Handler)
    UsageFault_Handler                       0x08003df9   Thumb Code     2  stm32f4xx_it.o(i.UsageFault_Handler)
    _Error_Handler                           0x08003dfd   Thumb Code    18  main.o(i._Error_Handler)
    __scatterload_copy                       0x08003e15   Thumb Code    14  handlers.o(i.__scatterload_copy)
    __scatterload_null                       0x08003e23   Thumb Code     2  handlers.o(i.__scatterload_null)
    __scatterload_zeroinit                   0x08003e25   Thumb Code    14  handlers.o(i.__scatterload_zeroinit)
    main                                     0x08003e3f   Thumb Code    62  main.o(i.main)
    osKernelStart                            0x08003e89   Thumb Code    10  cmsis_os.o(i.osKernelStart)
    osSignalSet                              0x08003e95   Thumb Code    82  cmsis_os.o(i.osSignalSet)
    osSignalWait                             0x08003eed   Thumb Code    86  cmsis_os.o(i.osSignalWait)
    osSystickHandler                         0x08003f43   Thumb Code    20  cmsis_os.o(i.osSystickHandler)
    osThreadCreate                           0x08003f57   Thumb Code    56  cmsis_os.o(i.osThreadCreate)
    osTimerCreate                            0x08003f8f   Thumb Code     4  cmsis_os.o(i.osTimerCreate)
    pvPortMalloc                             0x08004125   Thumb Code   210  heap_4.o(i.pvPortMalloc)
    pxPortInitialiseStack                    0x080041fd   Thumb Code    36  port.o(i.pxPortInitialiseStack)
    uxListRemove                             0x080042bd   Thumb Code    36  list.o(i.uxListRemove)
    vListInitialise                          0x080042e1   Thumb Code    22  list.o(i.vListInitialise)
    vListInitialiseItem                      0x080042f7   Thumb Code     6  list.o(i.vListInitialiseItem)
    vListInsert                              0x080042fd   Thumb Code    48  list.o(i.vListInsert)
    vListInsertEnd                           0x0800432d   Thumb Code    24  list.o(i.vListInsertEnd)
    vPortEnterCritical                       0x08004345   Thumb Code    54  port.o(i.vPortEnterCritical)
    vPortExitCritical                        0x08004385   Thumb Code    34  port.o(i.vPortExitCritical)
    vPortFree                                0x080043ad   Thumb Code    88  heap_4.o(i.vPortFree)
    vPortSetupTimerInterrupt                 0x08004409   Thumb Code    26  port.o(i.vPortSetupTimerInterrupt)
    vPortValidateInterruptPriority           0x08004429   Thumb Code    74  port.o(i.vPortValidateInterruptPriority)
    vTaskStartScheduler                      0x0800447d   Thumb Code    86  tasks.o(i.vTaskStartScheduler)
    vTaskSuspendAll                          0x080044e5   Thumb Code    10  tasks.o(i.vTaskSuspendAll)
    vTaskSwitchContext                       0x080044f5   Thumb Code    82  tasks.o(i.vTaskSwitchContext)
    xPortStartScheduler                      0x08004551   Thumb Code   202  port.o(i.xPortStartScheduler)
    xPortSysTickHandler                      0x08004631   Thumb Code    38  port.o(i.xPortSysTickHandler)
    xTaskGenericCreate                       0x0800465d   Thumb Code   414  tasks.o(i.xTaskGenericCreate)
    xTaskGenericNotify                       0x08004809   Thumb Code   190  tasks.o(i.xTaskGenericNotify)
    xTaskGenericNotifyFromISR                0x080048d5   Thumb Code   228  tasks.o(i.xTaskGenericNotifyFromISR)
    xTaskGetSchedulerState                   0x080049c1   Thumb Code    22  tasks.o(i.xTaskGetSchedulerState)
    xTaskIncrementTick                       0x080049dd   Thumb Code   194  tasks.o(i.xTaskIncrementTick)
    xTaskNotifyWait                          0x08004aa9   Thumb Code   172  tasks.o(i.xTaskNotifyWait)
    xTaskResumeAll                           0x08004b61   Thumb Code   182  tasks.o(i.xTaskResumeAll)
    APBAHBPrescTable                         0x08004c24   Data          16  stm32f4xx_hal_rcc.o(.constdata)
    Region$$Table$$Base                      0x08004ce0   Number         0  anon$$obj.o(Region$$Table)
    Region$$Table$$Limit                     0x08004d00   Number         0  anon$$obj.o(Region$$Table)
    uwTick                                   0x20000000   Data           4  stm32f4xx_hal.o(.data)
    SystemCoreClock                          0x20000004   Data           4  system_stm32f4xx.o(.data)
    pxCurrentTCB                             0x20000020   Data           4  tasks.o(.data)
    RemoteMsg_Receive_ModeSw_TaskHandle      0x20000064   Data           4  freertos.o(.data)
    CanMsg_Send_TaskHandle                   0x20000068   Data           4  freertos.o(.data)
    Shoot_TaskHandle                         0x2000006c   Data           4  freertos.o(.data)
    IMU_TaskHandle                           0x20000070   Data           4  freertos.o(.data)
    Chassis_Timer_Id                         0x20000074   Data           4  freertos.o(.data)
    Gimbal_Timer_Id                          0x20000078   Data           4  freertos.o(.data)
    htim1                                    0x20003d74   Data          60  stm32f4xx_hal_timebase_tim.o(.bss)
    hpcd_USB_OTG_FS                          0x20003db0   Data         952  usbd_conf.o(.bss)
    hcan1                                    0x20004168   Data          64  can.o(.bss)
    hcan2                                    0x200041a8   Data          64  can.o(.bss)
    hspi5                                    0x200041e8   Data          88  spi.o(.bss)
    huart1                                   0x20004240   Data          64  usart.o(.bss)
    huart2                                   0x20004280   Data          64  usart.o(.bss)
    huart3                                   0x200042c0   Data          64  usart.o(.bss)
    huart6                                   0x20004300   Data          64  usart.o(.bss)
    hdma_usart1_rx                           0x20004340   Data          96  usart.o(.bss)
    hdma_usart2_rx                           0x200043a0   Data          96  usart.o(.bss)
    hdma_usart2_tx                           0x20004400   Data          96  usart.o(.bss)
    hdma_usart3_rx                           0x20004460   Data          96  usart.o(.bss)
    hdma_usart3_tx                           0x200044c0   Data          96  usart.o(.bss)
    hdma_usart6_rx                           0x20004520   Data          96  usart.o(.bss)
    hdma_usart6_tx                           0x20004580   Data          96  usart.o(.bss)
    htim6                                    0x200045e0   Data          60  tim.o(.bss)
    dbus_buff                                0x2000461c   Data          18  bsp_uart.o(.bss)
    remote_data                              0x2000462e   Data          20  bsp_uart.o(.bss)
    __initial_sp                             0x20004a48   Data           0  startup_stm32f427xx.o(STACK)



==============================================================================

Memory Map of the image

  Image Entry point : 0x080001ad

  Load Region LR_IROM1 (Base: 0x08000000, Size: 0x00004d84, Max: 0x00200000, ABSOLUTE)

    Execution Region ER_IROM1 (Exec base: 0x08000000, Load base: 0x08000000, Size: 0x00004d00, Max: 0x00200000, ABSOLUTE)

    Exec Addr    Load Addr    Size         Type   Attr      Idx    E Section Name        Object

    0x08000000   0x08000000   0x000001ac   Data   RO            3    RESET               startup_stm32f427xx.o
    0x080001ac   0x080001ac   0x00000000   Code   RO         5751  * .ARM.Collect$$$$00000000  mc_w.l(entry.o)
    0x080001ac   0x080001ac   0x00000004   Code   RO         5786    .ARM.Collect$$$$00000001  mc_w.l(entry2.o)
    0x080001b0   0x080001b0   0x00000004   Code   RO         5789    .ARM.Collect$$$$00000004  mc_w.l(entry5.o)
    0x080001b4   0x080001b4   0x00000000   Code   RO         5791    .ARM.Collect$$$$00000008  mc_w.l(entry7b.o)
    0x080001b4   0x080001b4   0x00000000   Code   RO         5793    .ARM.Collect$$$$0000000A  mc_w.l(entry8b.o)
    0x080001b4   0x080001b4   0x00000008   Code   RO         5794    .ARM.Collect$$$$0000000B  mc_w.l(entry9a.o)
    0x080001bc   0x080001bc   0x00000000   Code   RO         5796    .ARM.Collect$$$$0000000D  mc_w.l(entry10a.o)
    0x080001bc   0x080001bc   0x00000000   Code   RO         5798    .ARM.Collect$$$$0000000F  mc_w.l(entry11a.o)
    0x080001bc   0x080001bc   0x00000004   Code   RO         5787    .ARM.Collect$$$$00002712  mc_w.l(entry2.o)
    0x080001c0   0x080001c0   0x000000ba   Code   RO         4246    .emb_text           port.o
    0x0800027a   0x0800027a   0x00000002   PAD
    0x0800027c   0x0800027c   0x00000024   Code   RO            4    .text               startup_stm32f427xx.o
    0x080002a0   0x080002a0   0x00000024   Code   RO         5754    .text               mc_w.l(memcpya.o)
    0x080002c4   0x080002c4   0x00000024   Code   RO         5802    .text               mc_w.l(init.o)
    0x080002e8   0x080002e8   0x00000002   Code   RO         4443    i.BusFault_Handler  stm32f4xx_it.o
    0x080002ea   0x080002ea   0x00000002   PAD
    0x080002ec   0x080002ec   0x0000000c   Code   RO         4444    i.CAN1_RX0_IRQHandler  stm32f4xx_it.o
    0x080002f8   0x080002f8   0x0000000c   Code   RO         4445    i.CAN1_TX_IRQHandler  stm32f4xx_it.o
    0x08000304   0x08000304   0x0000000c   Code   RO         4446    i.CAN2_RX0_IRQHandler  stm32f4xx_it.o
    0x08000310   0x08000310   0x0000000c   Code   RO         4447    i.CAN2_TX_IRQHandler  stm32f4xx_it.o
    0x0800031c   0x0800031c   0x00000128   Code   RO         3115    i.CAN_Receive_IT    stm32f4xx_hal_can.o
    0x08000444   0x08000444   0x00000060   Code   RO         3116    i.CAN_Transmit_IT   stm32f4xx_hal_can.o
    0x080004a4   0x080004a4   0x00000002   Code   RO         5612    i.CanMsg_Send_TaskStart  canmsgtask.o
    0x080004a6   0x080004a6   0x00000002   Code   RO         5624    i.Chassis_Task      chassistask.o
    0x080004a8   0x080004a8   0x0000000c   Code   RO         4448    i.DMA2_Stream2_IRQHandler  stm32f4xx_it.o
    0x080004b4   0x080004b4   0x00000028   Code   RO         1191    i.DMA_CalcBaseAndBitshift  stm32f4xx_hal_dma.o
    0x080004dc   0x080004dc   0x00000054   Code   RO         1192    i.DMA_CheckFifoParam  stm32f4xx_hal_dma.o
    0x08000530   0x08000530   0x00000028   Code   RO         1193    i.DMA_SetConfig     stm32f4xx_hal_dma.o
    0x08000558   0x08000558   0x00000002   Code   RO         4449    i.DebugMon_Handler  stm32f4xx_it.o
    0x0800055a   0x0800055a   0x00000002   Code   RO         5636    i.Gimbal_Task       gimbaltask.o
    0x0800055c   0x0800055c   0x00000002   Code   RO         3119    i.HAL_CAN_ErrorCallback  stm32f4xx_hal_can.o
    0x0800055e   0x0800055e   0x00000002   PAD
    0x08000560   0x08000560   0x00000180   Code   RO         3122    i.HAL_CAN_IRQHandler  stm32f4xx_hal_can.o
    0x080006e0   0x080006e0   0x00000148   Code   RO         3123    i.HAL_CAN_Init      stm32f4xx_hal_can.o
    0x08000828   0x08000828   0x000000e0   Code   RO         5030    i.HAL_CAN_MspInit   can.o
    0x08000908   0x08000908   0x00000002   Code   RO         3128    i.HAL_CAN_RxCpltCallback  stm32f4xx_hal_can.o
    0x0800090a   0x0800090a   0x00000002   Code   RO         3132    i.HAL_CAN_TxCpltCallback  stm32f4xx_hal_can.o
    0x0800090c   0x0800090c   0x0000008e   Code   RO         1194    i.HAL_DMA_Abort     stm32f4xx_hal_dma.o
    0x0800099a   0x0800099a   0x00000002   PAD
    0x0800099c   0x0800099c   0x000001a8   Code   RO         1199    i.HAL_DMA_IRQHandler  stm32f4xx_hal_dma.o
    0x08000b44   0x08000b44   0x000000d0   Code   RO         1200    i.HAL_DMA_Init      stm32f4xx_hal_dma.o
    0x08000c14   0x08000c14   0x00000078   Code   RO         1204    i.HAL_DMA_Start_IT  stm32f4xx_hal_dma.o
    0x08000c8c   0x08000c8c   0x00000016   Code   RO          201    i.HAL_Delay         stm32f4xx_hal.o
    0x08000ca2   0x08000ca2   0x00000002   PAD
    0x08000ca4   0x08000ca4   0x000001cc   Code   RO         2521    i.HAL_GPIO_Init     stm32f4xx_hal_gpio.o
    0x08000e70   0x08000e70   0x00000008   Code   RO         2524    i.HAL_GPIO_TogglePin  stm32f4xx_hal_gpio.o
    0x08000e78   0x08000e78   0x0000000a   Code   RO         2525    i.HAL_GPIO_WritePin  stm32f4xx_hal_gpio.o
    0x08000e82   0x08000e82   0x00000002   PAD
    0x08000e84   0x08000e84   0x0000000c   Code   RO          209    i.HAL_GetTick       stm32f4xx_hal.o
    0x08000e90   0x08000e90   0x00000010   Code   RO          210    i.HAL_IncTick       stm32f4xx_hal.o
    0x08000ea0   0x08000ea0   0x00000034   Code   RO          211    i.HAL_Init          stm32f4xx_hal.o
    0x08000ed4   0x08000ed4   0x00000074   Code   RO         4403    i.HAL_InitTick      stm32f4xx_hal_timebase_tim.o
    0x08000f48   0x08000f48   0x00000058   Code   RO         4820    i.HAL_MspInit       stm32f4xx_hal_msp.o
    0x08000fa0   0x08000fa0   0x00000016   Code   RO          583    i.HAL_NVIC_EnableIRQ  stm32f4xx_hal_cortex.o
    0x08000fb6   0x08000fb6   0x00000002   PAD
    0x08000fb8   0x08000fb8   0x00000040   Code   RO          589    i.HAL_NVIC_SetPriority  stm32f4xx_hal_cortex.o
    0x08000ff8   0x08000ff8   0x00000024   Code   RO          590    i.HAL_NVIC_SetPriorityGrouping  stm32f4xx_hal_cortex.o
    0x0800101c   0x0800101c   0x00000008   Code   RO         4577    i.HAL_PCD_ConnectCallback  usbd_conf.o
    0x08001024   0x08001024   0x00000012   Code   RO         4578    i.HAL_PCD_DataInStageCallback  usbd_conf.o
    0x08001036   0x08001036   0x00000014   Code   RO         4579    i.HAL_PCD_DataOutStageCallback  usbd_conf.o
    0x0800104a   0x0800104a   0x00000008   Code   RO         4580    i.HAL_PCD_DisconnectCallback  usbd_conf.o
    0x08001052   0x08001052   0x00000050   Code   RO         1546    i.HAL_PCD_EP_ClrStall  stm32f4xx_hal_pcd.o
    0x080010a2   0x080010a2   0x00000054   Code   RO         1549    i.HAL_PCD_EP_Open   stm32f4xx_hal_pcd.o
    0x080010f6   0x080010f6   0x00000002   PAD
    0x080010f8   0x080010f8   0x0000005e   Code   RO         1550    i.HAL_PCD_EP_Receive  stm32f4xx_hal_pcd.o
    0x08001156   0x08001156   0x00000060   Code   RO         1551    i.HAL_PCD_EP_SetStall  stm32f4xx_hal_pcd.o
    0x080011b6   0x080011b6   0x00000056   Code   RO         1552    i.HAL_PCD_EP_Transmit  stm32f4xx_hal_pcd.o
    0x0800120c   0x0800120c   0x000004f4   Code   RO         1554    i.HAL_PCD_IRQHandler  stm32f4xx_hal_pcd.o
    0x08001700   0x08001700   0x00000008   Code   RO         4581    i.HAL_PCD_ISOINIncompleteCallback  usbd_conf.o
    0x08001708   0x08001708   0x00000008   Code   RO         4582    i.HAL_PCD_ISOOUTIncompleteCallback  usbd_conf.o
    0x08001710   0x08001710   0x00000020   Code   RO         4585    i.HAL_PCD_ResetCallback  usbd_conf.o
    0x08001730   0x08001730   0x00000008   Code   RO         4586    i.HAL_PCD_ResumeCallback  usbd_conf.o
    0x08001738   0x08001738   0x00000008   Code   RO         4587    i.HAL_PCD_SOFCallback  usbd_conf.o
    0x08001740   0x08001740   0x00000024   Code   RO         1563    i.HAL_PCD_SetAddress  stm32f4xx_hal_pcd.o
    0x08001764   0x08001764   0x0000000e   Code   RO         4588    i.HAL_PCD_SetupStageCallback  usbd_conf.o
    0x08001772   0x08001772   0x00000002   PAD
    0x08001774   0x08001774   0x00000030   Code   RO         4589    i.HAL_PCD_SuspendCallback  usbd_conf.o
    0x080017a4   0x080017a4   0x0000017c   Code   RO          704    i.HAL_RCC_ClockConfig  stm32f4xx_hal_rcc.o
    0x08001920   0x08001920   0x00000040   Code   RO          708    i.HAL_RCC_GetClockConfig  stm32f4xx_hal_rcc.o
    0x08001960   0x08001960   0x0000000c   Code   RO          709    i.HAL_RCC_GetHCLKFreq  stm32f4xx_hal_rcc.o
    0x0800196c   0x0800196c   0x00000030   Code   RO          711    i.HAL_RCC_GetPCLK1Freq  stm32f4xx_hal_rcc.o
    0x0800199c   0x0800199c   0x00000030   Code   RO          712    i.HAL_RCC_GetPCLK2Freq  stm32f4xx_hal_rcc.o
    0x080019cc   0x080019cc   0x00000074   Code   RO          713    i.HAL_RCC_GetSysClockFreq  stm32f4xx_hal_rcc.o
    0x08001a40   0x08001a40   0x000002e4   Code   RO          716    i.HAL_RCC_OscConfig  stm32f4xx_hal_rcc.o
    0x08001d24   0x08001d24   0x00000080   Code   RO         2592    i.HAL_SPI_Init      stm32f4xx_hal_spi.o
    0x08001da4   0x08001da4   0x0000004c   Code   RO         5103    i.HAL_SPI_MspInit   spi.o
    0x08001df0   0x08001df0   0x00000018   Code   RO          592    i.HAL_SYSTICK_CLKSourceConfig  stm32f4xx_hal_cortex.o
    0x08001e08   0x08001e08   0x00000028   Code   RO          594    i.HAL_SYSTICK_Config  stm32f4xx_hal_cortex.o
    0x08001e30   0x08001e30   0x00000002   Code   RO         1297    i.HAL_TIMEx_BreakCallback  stm32f4xx_hal_tim_ex.o
    0x08001e32   0x08001e32   0x00000002   Code   RO         1298    i.HAL_TIMEx_CommutationCallback  stm32f4xx_hal_tim_ex.o
    0x08001e34   0x08001e34   0x00000050   Code   RO         1314    i.HAL_TIMEx_MasterConfigSynchronization  stm32f4xx_hal_tim_ex.o
    0x08001e84   0x08001e84   0x00000036   Code   RO         1871    i.HAL_TIM_Base_Init  stm32f4xx_hal_tim.o
    0x08001eba   0x08001eba   0x00000002   PAD
    0x08001ebc   0x08001ebc   0x00000028   Code   RO         5205    i.HAL_TIM_Base_MspInit  tim.o
    0x08001ee4   0x08001ee4   0x00000018   Code   RO         1876    i.HAL_TIM_Base_Start_IT  stm32f4xx_hal_tim.o
    0x08001efc   0x08001efc   0x00000002   Code   RO         1900    i.HAL_TIM_IC_CaptureCallback  stm32f4xx_hal_tim.o
    0x08001efe   0x08001efe   0x00000166   Code   RO         1913    i.HAL_TIM_IRQHandler  stm32f4xx_hal_tim.o
    0x08002064   0x08002064   0x00000002   Code   RO         1916    i.HAL_TIM_OC_DelayElapsedCallback  stm32f4xx_hal_tim.o
    0x08002066   0x08002066   0x00000002   Code   RO         1943    i.HAL_TIM_PWM_PulseFinishedCallback  stm32f4xx_hal_tim.o
    0x08002068   0x08002068   0x00000014   Code   RO         4871    i.HAL_TIM_PeriodElapsedCallback  main.o
    0x0800207c   0x0800207c   0x00000002   Code   RO         1954    i.HAL_TIM_TriggerCallback  stm32f4xx_hal_tim.o
    0x0800207e   0x0800207e   0x00000058   Code   RO         2873    i.HAL_UART_DMAStop  stm32f4xx_hal_uart.o
    0x080020d6   0x080020d6   0x00000002   Code   RO         2875    i.HAL_UART_ErrorCallback  stm32f4xx_hal_uart.o
    0x080020d8   0x080020d8   0x00000062   Code   RO         2879    i.HAL_UART_Init     stm32f4xx_hal_uart.o
    0x0800213a   0x0800213a   0x00000002   PAD
    0x0800213c   0x0800213c   0x00000320   Code   RO         5145    i.HAL_UART_MspInit  usart.o
    0x0800245c   0x0800245c   0x00000090   Code   RO         2883    i.HAL_UART_Receive_DMA  stm32f4xx_hal_uart.o
    0x080024ec   0x080024ec   0x00000002   Code   RO         2885    i.HAL_UART_RxCpltCallback  stm32f4xx_hal_uart.o
    0x080024ee   0x080024ee   0x00000002   Code   RO         2886    i.HAL_UART_RxHalfCpltCallback  stm32f4xx_hal_uart.o
    0x080024f0   0x080024f0   0x00000002   Code   RO         4450    i.HardFault_Handler  stm32f4xx_it.o
    0x080024f2   0x080024f2   0x00000002   Code   RO         5698    i.IMU_TaskStart     imu_task.o
    0x080024f4   0x080024f4   0x00000058   Code   RO         5031    i.MX_CAN1_Init      can.o
    0x0800254c   0x0800254c   0x0000005c   Code   RO         5032    i.MX_CAN2_Init      can.o
    0x080025a8   0x080025a8   0x0000002c   Code   RO         5078    i.MX_DMA_Init       dma.o
    0x080025d4   0x080025d4   0x00000094   Code   RO         4765    i.MX_FREERTOS_Init  freertos.o
    0x08002668   0x08002668   0x000000d8   Code   RO         4844    i.MX_GPIO_Init      gpio.o
    0x08002740   0x08002740   0x0000005c   Code   RO         5104    i.MX_SPI5_Init      spi.o
    0x0800279c   0x0800279c   0x00000050   Code   RO         5206    i.MX_TIM6_Init      tim.o
    0x080027ec   0x080027ec   0x00000054   Code   RO         5146    i.MX_USART1_UART_Init  usart.o
    0x08002840   0x08002840   0x0000004c   Code   RO         5147    i.MX_USART2_UART_Init  usart.o
    0x0800288c   0x0800288c   0x0000004c   Code   RO         5148    i.MX_USART3_UART_Init  usart.o
    0x080028d8   0x080028d8   0x0000004c   Code   RO         5149    i.MX_USART6_UART_Init  usart.o
    0x08002924   0x08002924   0x00000002   Code   RO         4451    i.MemManage_Handler  stm32f4xx_it.o
    0x08002926   0x08002926   0x00000002   Code   RO         4452    i.NMI_Handler       stm32f4xx_it.o
    0x08002928   0x08002928   0x00000020   Code   RO          596    i.NVIC_SetPriority  stm32f4xx_hal_cortex.o
    0x08002948   0x08002948   0x0000000c   Code   RO         4453    i.OTG_FS_IRQHandler  stm32f4xx_it.o
    0x08002954   0x08002954   0x00000088   Code   RO         1568    i.PCD_WriteEmptyTxFifo  stm32f4xx_hal_pcd.o
    0x080029dc   0x080029dc   0x0000001c   Code   RO         5713    i.RemoteMsg_Receive_Init  bsp_uart.o
    0x080029f8   0x080029f8   0x00000074   Code   RO         5651    i.RemoteMsg_Receive_ModeSw_TaskStart  remotemsgtask.o
    0x08002a6c   0x08002a6c   0x00000082   Code   RO         5652    i.RemoteMsg_decode_handler  remotemsgtask.o
    0x08002aee   0x08002aee   0x00000002   PAD
    0x08002af0   0x08002af0   0x00000058   Code   RO         5653    i.Remote_Mode_Select  remotemsgtask.o
    0x08002b48   0x08002b48   0x00000002   Code   RO         5686    i.Shoot_TaskStart   shoottask.o
    0x08002b4a   0x08002b4a   0x00000004   Code   RO         4454    i.SysTick_Handler   stm32f4xx_it.o
    0x08002b4e   0x08002b4e   0x00000002   PAD
    0x08002b50   0x08002b50   0x000000b8   Code   RO         4872    i.SystemClock_Config  main.o
    0x08002c08   0x08002c08   0x00000054   Code   RO         3246    i.SystemInit        system_stm32f4xx.o
    0x08002c5c   0x08002c5c   0x0000000c   Code   RO         4455    i.TIM1_UP_TIM10_IRQHandler  stm32f4xx_it.o
    0x08002c68   0x08002c68   0x000000c0   Code   RO         1955    i.TIM_Base_SetConfig  stm32f4xx_hal_tim.o
    0x08002d28   0x08002d28   0x0000004a   Code   RO         2893    i.UART_DMAError     stm32f4xx_hal_uart.o
    0x08002d72   0x08002d72   0x0000003c   Code   RO         2894    i.UART_DMAReceiveCplt  stm32f4xx_hal_uart.o
    0x08002dae   0x08002dae   0x0000000a   Code   RO         2895    i.UART_DMARxHalfCplt  stm32f4xx_hal_uart.o
    0x08002db8   0x08002db8   0x0000001c   Code   RO         2898    i.UART_EndRxTransfer  stm32f4xx_hal_uart.o
    0x08002dd4   0x08002dd4   0x00000012   Code   RO         2899    i.UART_EndTxTransfer  stm32f4xx_hal_uart.o
    0x08002de6   0x08002de6   0x00000002   PAD
    0x08002de8   0x08002de8   0x000002ac   Code   RO         2901    i.UART_SetConfig    stm32f4xx_hal_uart.o
    0x08003094   0x08003094   0x0000000c   Code   RO         4456    i.USART1_IRQHandler  stm32f4xx_it.o
    0x080030a0   0x080030a0   0x0000000e   Code   RO         5246    i.USBD_ClrClassConfig  usbd_core.o
    0x080030ae   0x080030ae   0x00000010   Code   RO         5384    i.USBD_CtlContinueRx  usbd_ioreq.o
    0x080030be   0x080030be   0x00000010   Code   RO         5385    i.USBD_CtlContinueSendData  usbd_ioreq.o
    0x080030ce   0x080030ce   0x00000016   Code   RO         5444    i.USBD_CtlError     usbd_ctlreq.o
    0x080030e4   0x080030e4   0x00000016   Code   RO         5387    i.USBD_CtlReceiveStatus  usbd_ioreq.o
    0x080030fa   0x080030fa   0x0000001a   Code   RO         5388    i.USBD_CtlSendData  usbd_ioreq.o
    0x08003114   0x08003114   0x00000016   Code   RO         5389    i.USBD_CtlSendStatus  usbd_ioreq.o
    0x0800312a   0x0800312a   0x000000e0   Code   RO         5445    i.USBD_GetDescriptor  usbd_ctlreq.o
    0x0800320a   0x0800320a   0x00000020   Code   RO         4590    i.USBD_LL_ClearStallEP  usbd_conf.o
    0x0800322a   0x0800322a   0x000000aa   Code   RO         5249    i.USBD_LL_DataInStage  usbd_core.o
    0x080032d4   0x080032d4   0x0000006a   Code   RO         5250    i.USBD_LL_DataOutStage  usbd_core.o
    0x0800333e   0x0800333e   0x00000004   Code   RO         5251    i.USBD_LL_DevConnected  usbd_core.o
    0x08003342   0x08003342   0x00000016   Code   RO         5252    i.USBD_LL_DevDisconnected  usbd_core.o
    0x08003358   0x08003358   0x00000020   Code   RO         4597    i.USBD_LL_IsStallEP  usbd_conf.o
    0x08003378   0x08003378   0x00000004   Code   RO         5253    i.USBD_LL_IsoINIncomplete  usbd_core.o
    0x0800337c   0x0800337c   0x00000004   Code   RO         5254    i.USBD_LL_IsoOUTIncomplete  usbd_core.o
    0x08003380   0x08003380   0x00000026   Code   RO         4598    i.USBD_LL_OpenEP    usbd_conf.o
    0x080033a6   0x080033a6   0x00000020   Code   RO         4599    i.USBD_LL_PrepareReceive  usbd_conf.o
    0x080033c6   0x080033c6   0x0000003e   Code   RO         5255    i.USBD_LL_Reset     usbd_core.o
    0x08003404   0x08003404   0x0000000c   Code   RO         5256    i.USBD_LL_Resume    usbd_core.o
    0x08003410   0x08003410   0x00000018   Code   RO         5257    i.USBD_LL_SOF       usbd_core.o
    0x08003428   0x08003428   0x00000006   Code   RO         5258    i.USBD_LL_SetSpeed  usbd_core.o
    0x0800342e   0x0800342e   0x00000020   Code   RO         4600    i.USBD_LL_SetUSBAddress  usbd_conf.o
    0x0800344e   0x0800344e   0x0000005a   Code   RO         5259    i.USBD_LL_SetupStage  usbd_core.o
    0x080034a8   0x080034a8   0x00000020   Code   RO         4601    i.USBD_LL_StallEP   usbd_conf.o
    0x080034c8   0x080034c8   0x00000012   Code   RO         5260    i.USBD_LL_Suspend   usbd_core.o
    0x080034da   0x080034da   0x00000020   Code   RO         4604    i.USBD_LL_Transmit  usbd_conf.o
    0x080034fa   0x080034fa   0x00000028   Code   RO         5447    i.USBD_ParseSetupRequest  usbd_ctlreq.o
    0x08003522   0x08003522   0x00000016   Code   RO         5263    i.USBD_SetClassConfig  usbd_core.o
    0x08003538   0x08003538   0x00000074   Code   RO         5448    i.USBD_SetConfig    usbd_ctlreq.o
    0x080035ac   0x080035ac   0x000000f2   Code   RO         5449    i.USBD_StdDevReq    usbd_ctlreq.o
    0x0800369e   0x0800369e   0x000000dc   Code   RO         5450    i.USBD_StdEPReq     usbd_ctlreq.o
    0x0800377a   0x0800377a   0x00000034   Code   RO         5451    i.USBD_StdItfReq    usbd_ctlreq.o
    0x080037ae   0x080037ae   0x00000002   PAD
    0x080037b0   0x080037b0   0x00000080   Code   RO          809    i.USB_ActivateEndpoint  stm32f4xx_ll_usb.o
    0x08003830   0x08003830   0x00000034   Code   RO          810    i.USB_ActivateSetup  stm32f4xx_ll_usb.o
    0x08003864   0x08003864   0x00000140   Code   RO          822    i.USB_EP0StartXfer  stm32f4xx_ll_usb.o
    0x080039a4   0x080039a4   0x0000003e   Code   RO          823    i.USB_EP0_OutStart  stm32f4xx_ll_usb.o
    0x080039e2   0x080039e2   0x00000064   Code   RO          824    i.USB_EPClearStall  stm32f4xx_ll_usb.o
    0x08003a46   0x08003a46   0x0000005e   Code   RO          825    i.USB_EPSetStall    stm32f4xx_ll_usb.o
    0x08003aa4   0x08003aa4   0x0000021c   Code   RO          826    i.USB_EPStartXfer   stm32f4xx_ll_usb.o
    0x08003cc0   0x08003cc0   0x00000024   Code   RO          829    i.USB_FlushTxFifo   stm32f4xx_ll_usb.o
    0x08003ce4   0x08003ce4   0x0000003c   Code   RO          831    i.USB_GetDevSpeed   stm32f4xx_ll_usb.o
    0x08003d20   0x08003d20   0x00000008   Code   RO          833    i.USB_GetMode       stm32f4xx_ll_usb.o
    0x08003d28   0x08003d28   0x0000000e   Code   RO          840    i.USB_ReadDevAllInEpInterrupt  stm32f4xx_ll_usb.o
    0x08003d36   0x08003d36   0x0000000e   Code   RO          841    i.USB_ReadDevAllOutEpInterrupt  stm32f4xx_ll_usb.o
    0x08003d44   0x08003d44   0x0000001e   Code   RO          842    i.USB_ReadDevInEPInterrupt  stm32f4xx_ll_usb.o
    0x08003d62   0x08003d62   0x00000010   Code   RO          843    i.USB_ReadDevOutEPInterrupt  stm32f4xx_ll_usb.o
    0x08003d72   0x08003d72   0x00000008   Code   RO          844    i.USB_ReadInterrupts  stm32f4xx_ll_usb.o
    0x08003d7a   0x08003d7a   0x00000020   Code   RO          845    i.USB_ReadPacket    stm32f4xx_ll_usb.o
    0x08003d9a   0x08003d9a   0x00000022   Code   RO          848    i.USB_SetDevAddress  stm32f4xx_ll_usb.o
    0x08003dbc   0x08003dbc   0x00000028   Code   RO          852    i.USB_WritePacket   stm32f4xx_ll_usb.o
    0x08003de4   0x08003de4   0x00000014   Code   RO         5714    i.Uart_Recieve_Handler  bsp_uart.o
    0x08003df8   0x08003df8   0x00000002   Code   RO         4457    i.UsageFault_Handler  stm32f4xx_it.o
    0x08003dfa   0x08003dfa   0x00000002   PAD
    0x08003dfc   0x08003dfc   0x00000018   Code   RO         4873    i._Error_Handler    main.o
    0x08003e14   0x08003e14   0x0000000e   Code   RO         5806    i.__scatterload_copy  mc_w.l(handlers.o)
    0x08003e22   0x08003e22   0x00000002   Code   RO         5807    i.__scatterload_null  mc_w.l(handlers.o)
    0x08003e24   0x08003e24   0x0000000e   Code   RO         5808    i.__scatterload_zeroinit  mc_w.l(handlers.o)
    0x08003e32   0x08003e32   0x0000000c   Code   RO         3569    i.inHandlerMode     cmsis_os.o
    0x08003e3e   0x08003e3e   0x0000003e   Code   RO         4874    i.main              main.o
    0x08003e7c   0x08003e7c   0x0000000c   Code   RO         3571    i.makeFreeRtosPriority  cmsis_os.o
    0x08003e88   0x08003e88   0x0000000a   Code   RO         3575    i.osKernelStart     cmsis_os.o
    0x08003e92   0x08003e92   0x00000002   PAD
    0x08003e94   0x08003e94   0x00000058   Code   RO         3602    i.osSignalSet       cmsis_os.o
    0x08003eec   0x08003eec   0x00000056   Code   RO         3603    i.osSignalWait      cmsis_os.o
    0x08003f42   0x08003f42   0x00000014   Code   RO         3604    i.osSystickHandler  cmsis_os.o
    0x08003f56   0x08003f56   0x00000038   Code   RO         3605    i.osThreadCreate    cmsis_os.o
    0x08003f8e   0x08003f8e   0x00000004   Code   RO         3616    i.osTimerCreate     cmsis_os.o
    0x08003f92   0x08003f92   0x00000002   PAD
    0x08003f94   0x08003f94   0x00000034   Code   RO         3987    i.prvAddCurrentTaskToDelayedList  tasks.o
    0x08003fc8   0x08003fc8   0x00000054   Code   RO         3988    i.prvCheckTasksWaitingTermination  tasks.o
    0x0800401c   0x0800401c   0x0000004c   Code   RO         3914    i.prvHeapInit       heap_4.o
    0x08004068   0x08004068   0x00000028   Code   RO         3989    i.prvIdleTask       tasks.o
    0x08004090   0x08004090   0x0000004c   Code   RO         3915    i.prvInsertBlockIntoFreeList  heap_4.o
    0x080040dc   0x080040dc   0x00000020   Code   RO         3990    i.prvResetNextTaskUnblockTime  tasks.o
    0x080040fc   0x080040fc   0x00000028   Code   RO         4247    i.prvTaskExitError  port.o
    0x08004124   0x08004124   0x000000d8   Code   RO         3916    i.pvPortMalloc      heap_4.o
    0x080041fc   0x080041fc   0x00000028   Code   RO         4248    i.pxPortInitialiseStack  port.o
    0x08004224   0x08004224   0x00000098   Code   RO         5715    i.uart_rx_callback  bsp_uart.o
    0x080042bc   0x080042bc   0x00000024   Code   RO         3384    i.uxListRemove      list.o
    0x080042e0   0x080042e0   0x00000016   Code   RO         3385    i.vListInitialise   list.o
    0x080042f6   0x080042f6   0x00000006   Code   RO         3386    i.vListInitialiseItem  list.o
    0x080042fc   0x080042fc   0x00000030   Code   RO         3387    i.vListInsert       list.o
    0x0800432c   0x0800432c   0x00000018   Code   RO         3388    i.vListInsertEnd    list.o
    0x08004344   0x08004344   0x00000040   Code   RO         4250    i.vPortEnterCritical  port.o
    0x08004384   0x08004384   0x00000028   Code   RO         4251    i.vPortExitCritical  port.o
    0x080043ac   0x080043ac   0x0000005c   Code   RO         3917    i.vPortFree         heap_4.o
    0x08004408   0x08004408   0x00000020   Code   RO         4252    i.vPortSetupTimerInterrupt  port.o
    0x08004428   0x08004428   0x00000054   Code   RO         4253    i.vPortValidateInterruptPriority  port.o
    0x0800447c   0x0800447c   0x00000068   Code   RO         4009    i.vTaskStartScheduler  tasks.o
    0x080044e4   0x080044e4   0x00000010   Code   RO         4011    i.vTaskSuspendAll   tasks.o
    0x080044f4   0x080044f4   0x0000005c   Code   RO         4012    i.vTaskSwitchContext  tasks.o
    0x08004550   0x08004550   0x000000e0   Code   RO         4254    i.xPortStartScheduler  port.o
    0x08004630   0x08004630   0x0000002c   Code   RO         4255    i.xPortSysTickHandler  port.o
    0x0800465c   0x0800465c   0x000001ac   Code   RO         4014    i.xTaskGenericCreate  tasks.o
    0x08004808   0x08004808   0x000000cc   Code   RO         4015    i.xTaskGenericNotify  tasks.o
    0x080048d4   0x080048d4   0x000000ec   Code   RO         4016    i.xTaskGenericNotifyFromISR  tasks.o
    0x080049c0   0x080049c0   0x0000001c   Code   RO         4018    i.xTaskGetSchedulerState  tasks.o
    0x080049dc   0x080049dc   0x000000cc   Code   RO         4021    i.xTaskIncrementTick  tasks.o
    0x08004aa8   0x08004aa8   0x000000b8   Code   RO         4023    i.xTaskNotifyWait   tasks.o
    0x08004b60   0x08004b60   0x000000c4   Code   RO         4027    i.xTaskResumeAll    tasks.o
    0x08004c24   0x08004c24   0x00000010   Data   RO          717    .constdata          stm32f4xx_hal_rcc.o
    0x08004c34   0x08004c34   0x00000008   Data   RO         1206    .constdata          stm32f4xx_hal_dma.o
    0x08004c3c   0x08004c3c   0x00000058   Data   RO         4766    .constdata          freertos.o
    0x08004c94   0x08004c94   0x0000004a   Data   RO         4767    .conststring        freertos.o
    0x08004cde   0x08004cde   0x00000002   PAD
    0x08004ce0   0x08004ce0   0x00000020   Data   RO         5804    Region$$Table       anon$$obj.o


    Execution Region RW_IRAM1 (Exec base: 0x20000000, Load base: 0x08004d00, Size: 0x00004a48, Max: 0x00030000, ABSOLUTE)

    Exec Addr    Load Addr    Size         Type   Attr      Idx    E Section Name        Object

    0x20000000   0x08004d00   0x00000004   Data   RW          217    .data               stm32f4xx_hal.o
    0x20000004   0x08004d04   0x00000004   Data   RW         3248    .data               system_stm32f4xx.o
    0x20000008   0x08004d08   0x00000018   Data   RW         3922    .data               heap_4.o
    0x20000020   0x08004d20   0x00000038   Data   RW         4030    .data               tasks.o
    0x20000058   0x08004d58   0x0000000c   Data   RW         4256    .data               port.o
    0x20000064   0x08004d64   0x00000018   Data   RW         4768    .data               freertos.o
    0x2000007c   0x08004d7c   0x00000004   Data   RW         5034    .data               can.o
    0x20000080   0x08004d80   0x00000001   Data   RW         5452    .data               usbd_ctlreq.o
    0x20000081   0x08004d81   0x00000001   Data   RW         5654    .data               remotemsgtask.o
    0x20000082   0x08004d82   0x00000002   PAD
    0x20000084        -       0x00003c00   Zero   RW         3921    .bss                heap_4.o
    0x20003c84        -       0x000000f0   Zero   RW         4029    .bss                tasks.o
    0x20003d74        -       0x0000003c   Zero   RW         4406    .bss                stm32f4xx_hal_timebase_tim.o
    0x20003db0        -       0x000003b8   Zero   RW         4605    .bss                usbd_conf.o
    0x20004168        -       0x00000080   Zero   RW         5033    .bss                can.o
    0x200041e8        -       0x00000058   Zero   RW         5105    .bss                spi.o
    0x20004240        -       0x000003a0   Zero   RW         5150    .bss                usart.o
    0x200045e0        -       0x0000003c   Zero   RW         5207    .bss                tim.o
    0x2000461c        -       0x00000026   Zero   RW         5716    .bss                bsp_uart.o
    0x20004642   0x08004d82   0x00000006   PAD
    0x20004648        -       0x00000400   Zero   RW            1    STACK               startup_stm32f427xx.o


==============================================================================

Image component sizes


      Code (inc. data)   RO Data    RW Data    ZI Data      Debug   Object Name

       200         32          0          0         38       3376   bsp_uart.o
       404         72          0          4        128       2498   can.o
         2          0          0          0          0        512   canmsgtask.o
         2          0          0          0          0        495   chassistask.o
       288          6          0          0          0      20063   cmsis_os.o
        44          4          0          0          0        802   dma.o
         0          0          0          0          0      14480   event_groups.o
       148          8        162         24          0       2905   freertos.o
         2          0          0          0          0        490   gimbaltask.o
       216         12          0          0          0       1139   gpio.o
       460         24          0         24      15360       7351   heap_4.o
         2          0          0          0          0        492   imu_task.o
       136          0          0          0          0       8774   list.o
       290         38          0          0          0       2893   main.o
       754         84          0         12          0       9561   port.o
         0          0          0          0          0       3064   queue.o
       334         40          0          1          0       2763   remotemsgtask.o
         2          0          0          0          0        498   shoottask.o
       168         38          0          0         88       1713   spi.o
        36          8        428          0       1024        860   startup_stm32f427xx.o
       102         16          0          4          0       3724   stm32f4xx_hal.o
      1110         14          0          0          0       5650   stm32f4xx_hal_can.o
       218         14          0          0          0      31209   stm32f4xx_hal_cortex.o
      1058         22          8          0          0       6923   stm32f4xx_hal_dma.o
       478         52          0          0          0       3245   stm32f4xx_hal_gpio.o
        88          0          0          0          0        546   stm32f4xx_hal_msp.o
      1880         72          0          0          0       8723   stm32f4xx_hal_pcd.o
         0          0          0          0          0     363336   stm32f4xx_hal_pwr_ex.o
      1408         90         16          0          0       6788   stm32f4xx_hal_rcc.o
       128          0          0          0          0       1263   stm32f4xx_hal_spi.o
       636         44          0          0          0       6727   stm32f4xx_hal_tim.o
        84          0          0          0          0       2510   stm32f4xx_hal_tim_ex.o
       116         16          0          0         60       1524   stm32f4xx_hal_timebase_tim.o
      1210         20          0          0          0       8495   stm32f4xx_hal_uart.o
       112         48          0          0          0      10942   stm32f4xx_it.o
      1588         20          0          0          0      14000   stm32f4xx_ll_usb.o
        84         18          0          4          0       1177   system_stm32f4xx.o
      1900        152          0         56        240      17744   tasks.o
       120         34          0          0         60       1610   tim.o
         0          0          0          0          0       3284   timers.o
      1112        172          0          0        928       4494   usart.o
       410          4          0          0        952      11879   usbd_conf.o
       558          0          0          0          0      10256   usbd_core.o
       916         30          0          1          0       7315   usbd_ctlreq.o
         0          0          0          0          0       4388   usbd_desc.o
       102          0          0          0          0       3952   usbd_ioreq.o

    ----------------------------------------------------------------------
     18942       1204        648        132      18884     626433   Object Totals
         0          0         32          0          0          0   (incl. Generated)
        36          0          2          2          6          0   (incl. Padding)

    ----------------------------------------------------------------------

      Code (inc. data)   RO Data    RW Data    ZI Data      Debug   Library Member Name

         0          0          0          0          0          0   entry.o
         0          0          0          0          0          0   entry10a.o
         0          0          0          0          0          0   entry11a.o
         8          4          0          0          0          0   entry2.o
         4          0          0          0          0          0   entry5.o
         0          0          0          0          0          0   entry7b.o
         0          0          0          0          0          0   entry8b.o
         8          4          0          0          0          0   entry9a.o
        30          0          0          0          0          0   handlers.o
        36          8          0          0          0         68   init.o
        36          0          0          0          0         68   memcpya.o

    ----------------------------------------------------------------------
       122         16          0          0          0        136   Library Totals
         0          0          0          0          0          0   (incl. Padding)

    ----------------------------------------------------------------------

      Code (inc. data)   RO Data    RW Data    ZI Data      Debug   Library Name

       122         16          0          0          0        136   mc_w.l

    ----------------------------------------------------------------------
       122         16          0          0          0        136   Library Totals

    ----------------------------------------------------------------------

==============================================================================


      Code (inc. data)   RO Data    RW Data    ZI Data      Debug   

     19064       1220        648        132      18884     605973   Grand Totals
     19064       1220        648        132      18884     605973   ELF Image Totals
     19064       1220        648        132          0          0   ROM Totals

==============================================================================

    Total RO  Size (Code + RO Data)                19712 (  19.25kB)
    Total RW  Size (RW Data + ZI Data)             19016 (  18.57kB)
    Total ROM Size (Code + RO Data + RW Data)      19844 (  19.38kB)

==============================================================================

